Archive member included to satisfy reference by file (symbol)

/opt/riscv32i/lib/gcc/riscv32-unknown-elf/15.2.0/../../../../riscv32-unknown-elf/lib/libm.a(libm_a-w_pow.o)
                              /tmp/ccLSv3cs.o (pow)
/opt/riscv32i/lib/gcc/riscv32-unknown-elf/15.2.0/../../../../riscv32-unknown-elf/lib/libm.a(libm_a-s_floor.o)
                              /tmp/ccShCfGX.o (floor)
/opt/riscv32i/lib/gcc/riscv32-unknown-elf/15.2.0/../../../../riscv32-unknown-elf/lib/libm.a(libm_a-s_frexp.o)
                              /tmp/ccShCfGX.o (frexp)
/opt/riscv32i/lib/gcc/riscv32-unknown-elf/15.2.0/../../../../riscv32-unknown-elf/lib/libm.a(libm_a-wf_exp.o)
                              /tmp/cc0MEt3s.o (expf)
/opt/riscv32i/lib/gcc/riscv32-unknown-elf/15.2.0/../../../../riscv32-unknown-elf/lib/libm.a(libm_a-wf_log.o)
                              /tmp/ccShCfGX.o (logf)
/opt/riscv32i/lib/gcc/riscv32-unknown-elf/15.2.0/../../../../riscv32-unknown-elf/lib/libm.a(libm_a-wf_sqrt.o)
                              /tmp/ccLSv3cs.o (sqrtf)
/opt/riscv32i/lib/gcc/riscv32-unknown-elf/15.2.0/../../../../riscv32-unknown-elf/lib/libm.a(libm_a-sf_tanh.o)
                              /tmp/ccLSv3cs.o (tanhf)
/opt/riscv32i/lib/gcc/riscv32-unknown-elf/15.2.0/../../../../riscv32-unknown-elf/lib/libm.a(libm_a-s_round.o)
                              /tmp/ccLSv3cs.o (round)
/opt/riscv32i/lib/gcc/riscv32-unknown-elf/15.2.0/../../../../riscv32-unknown-elf/lib/libm.a(libm_a-sf_expm1.o)
                              /opt/riscv32i/lib/gcc/riscv32-unknown-elf/15.2.0/../../../../riscv32-unknown-elf/lib/libm.a(libm_a-sf_tanh.o) (expm1f)
/opt/riscv32i/lib/gcc/riscv32-unknown-elf/15.2.0/../../../../riscv32-unknown-elf/lib/libm.a(libm_a-sf_nan.o)
                              /opt/riscv32i/lib/gcc/riscv32-unknown-elf/15.2.0/../../../../riscv32-unknown-elf/lib/libm.a(libm_a-wf_log.o) (nanf)
/opt/riscv32i/lib/gcc/riscv32-unknown-elf/15.2.0/../../../../riscv32-unknown-elf/lib/libm.a(libm_a-sf_round.o)
                              /tmp/cc4sEiJN.o (roundf)
/opt/riscv32i/lib/gcc/riscv32-unknown-elf/15.2.0/../../../../riscv32-unknown-elf/lib/libm.a(libm_a-math_errf.o)
                              /opt/riscv32i/lib/gcc/riscv32-unknown-elf/15.2.0/../../../../riscv32-unknown-elf/lib/libm.a(libm_a-sf_expm1.o) (__math_oflowf)
/opt/riscv32i/lib/gcc/riscv32-unknown-elf/15.2.0/../../../../riscv32-unknown-elf/lib/libm.a(libm_a-ef_sqrt.o)
                              /opt/riscv32i/lib/gcc/riscv32-unknown-elf/15.2.0/../../../../riscv32-unknown-elf/lib/libm.a(libm_a-wf_sqrt.o) (__ieee754_sqrtf)
/opt/riscv32i/lib/gcc/riscv32-unknown-elf/15.2.0/../../../../riscv32-unknown-elf/lib/libm.a(libm_a-sf_fmax.o)
                              /tmp/cc4sEiJN.o (fmaxf)
/opt/riscv32i/lib/gcc/riscv32-unknown-elf/15.2.0/../../../../riscv32-unknown-elf/lib/libm.a(libm_a-sf_fmin.o)
                              /tmp/cc4sEiJN.o (fminf)
/opt/riscv32i/lib/gcc/riscv32-unknown-elf/15.2.0/../../../../riscv32-unknown-elf/lib/libm.a(libm_a-s_fabs.o)
                              /tmp/cc4sEiJN.o (fabs)
/opt/riscv32i/lib/gcc/riscv32-unknown-elf/15.2.0/../../../../riscv32-unknown-elf/lib/libm.a(libm_a-sf_fabs.o)
                              /opt/riscv32i/lib/gcc/riscv32-unknown-elf/15.2.0/../../../../riscv32-unknown-elf/lib/libm.a(libm_a-sf_tanh.o) (fabsf)
/opt/riscv32i/lib/gcc/riscv32-unknown-elf/15.2.0/../../../../riscv32-unknown-elf/lib/libm.a(libm_a-sf_fpclassify.o)
                              /opt/riscv32i/lib/gcc/riscv32-unknown-elf/15.2.0/../../../../riscv32-unknown-elf/lib/libm.a(libm_a-sf_fmax.o) (__fpclassifyf)
/opt/riscv32i/lib/gcc/riscv32-unknown-elf/15.2.0/../../../../riscv32-unknown-elf/lib/libm.a(libm_a-s_finite.o)
                              /opt/riscv32i/lib/gcc/riscv32-unknown-elf/15.2.0/../../../../riscv32-unknown-elf/lib/libm.a(libm_a-w_pow.o) (finite)
/opt/riscv32i/lib/gcc/riscv32-unknown-elf/15.2.0/../../../../riscv32-unknown-elf/lib/libm.a(libm_a-sf_finite.o)
                              /opt/riscv32i/lib/gcc/riscv32-unknown-elf/15.2.0/../../../../riscv32-unknown-elf/lib/libm.a(libm_a-wf_exp.o) (finitef)
/opt/riscv32i/lib/gcc/riscv32-unknown-elf/15.2.0/../../../../riscv32-unknown-elf/lib/libm.a(libm_a-e_pow.o)
                              /opt/riscv32i/lib/gcc/riscv32-unknown-elf/15.2.0/../../../../riscv32-unknown-elf/lib/libm.a(libm_a-w_pow.o) (__ieee754_pow)
/opt/riscv32i/lib/gcc/riscv32-unknown-elf/15.2.0/../../../../riscv32-unknown-elf/lib/libm.a(libm_a-ef_exp.o)
                              /opt/riscv32i/lib/gcc/riscv32-unknown-elf/15.2.0/../../../../riscv32-unknown-elf/lib/libm.a(libm_a-wf_exp.o) (__ieee754_expf)
/opt/riscv32i/lib/gcc/riscv32-unknown-elf/15.2.0/../../../../riscv32-unknown-elf/lib/libm.a(libm_a-ef_log.o)
                              /opt/riscv32i/lib/gcc/riscv32-unknown-elf/15.2.0/../../../../riscv32-unknown-elf/lib/libm.a(libm_a-wf_log.o) (__ieee754_logf)
[...]
Memory Configuration

Name             Origin             Length             Attributes
IMEM             0x00000000         0x00080000         xr
DMEM             0x20000000         0x00040000         xrw
*default*        0x00000000         0xffffffff

Linker script and memory map

LOAD /tmp/ccBCKc2W.o
LOAD /tmp/cc1WL0zF.o
LOAD /tmp/cc06bW53.o
LOAD /tmp/ccOAOaVk.o
LOAD /tmp/cctnrGS2.o
LOAD /tmp/ccZI5tkH.o
LOAD /tmp/cc0cieQu.o
LOAD /tmp/ccCsz8XJ.o
LOAD /tmp/ccFHq2Lb.o
LOAD /tmp/ccz7cc1r.o
LOAD /tmp/ccjL1czH.o
LOAD /tmp/ccaz5dpD.o
LOAD /tmp/cctnDCIS.o
LOAD /tmp/ccxm5tWp.o
LOAD /tmp/cc05LnkM.o
LOAD /tmp/ccZsI7mK.o
LOAD /tmp/cccpnGr4.o
LOAD /tmp/cc4sEiJN.o
LOAD /tmp/ccYgkE2c.o
LOAD /tmp/ccmvvN27.o
LOAD /tmp/ccO7AxD0.o
LOAD /tmp/ccrNGcBw.o
LOAD /tmp/ccElLTlk.o
LOAD /tmp/ccHzLWyo.o
LOAD /tmp/ccfxSYBx.o
LOAD /tmp/ccPVojQT.o
LOAD /tmp/ccQEuif1.o
LOAD /tmp/ccT6FsBU.o
LOAD /tmp/ccCnjPwq.o
LOAD /tmp/cckDIvYk.o
LOAD /tmp/ccVKKKkP.o
LOAD /tmp/ccF5Qb4i.o
LOAD /tmp/ccfnxjSX.o
LOAD /tmp/cc1TWbcA.o
LOAD /tmp/ccab53Ia.o
LOAD /tmp/cctctnU8.o
LOAD /tmp/ccCWQg07.o
LOAD /tmp/ccVBwRsm.o
LOAD /tmp/cc0MEt3s.o
LOAD /tmp/ccBJ527X.o
LOAD /tmp/ccQcFYqd.o
LOAD /tmp/ccq1eZk1.o
LOAD /tmp/cceEnaTI.o
LOAD /tmp/ccLSv3cs.o
LOAD /tmp/ccsyNiSz.o
LOAD /tmp/ccrTKvv4.o
LOAD /tmp/cc7Cv7VN.o
LOAD /tmp/ccm9jGYC.o
LOAD /tmp/cca0bpSh.o
LOAD /tmp/cc1knmd3.o
LOAD /tmp/ccnZ41TH.o
LOAD /tmp/ccShCfGX.o
LOAD /tmp/cckmDdLj.o
LOAD /opt/riscv32i/lib/gcc/riscv32-unknown-elf/15.2.0/../../../../riscv32-unknown-elf/lib/libm.a
LOAD /opt/riscv32i/lib/gcc/riscv32-unknown-elf/15.2.0/libgcc.a

.text           0x00000000    0x14d4c
                0x00000000                        . = ALIGN (0x4)
 *(.text.init)
 .text.init     0x00000000       0x30 /tmp/ccBCKc2W.o
                0x00000000                _start
 *(.text)
 .text          0x00000030       0x4c /opt/riscv32i/lib/gcc/riscv32-unknown-elf/15.2.0/libgcc.a(_clzsi2.o)
                0x00000030                __clzsi2
 .text          0x0000007c      0x74c /opt/riscv32i/lib/gcc/riscv32-unknown-elf/15.2.0/libgcc.a(adddf3.o)
                0x0000007c                __adddf3
 .text          0x000007c8      0x7c4 /opt/riscv32i/lib/gcc/riscv32-unknown-elf/15.2.0/libgcc.a(divdf3.o)
                0x000007c8                __divdf3
 .text          0x00000f8c       0x84 /opt/riscv32i/lib/gcc/riscv32-unknown-elf/15.2.0/libgcc.a(eqdf2.o)
                0x00000f8c                __eqdf2
                0x00000f8c                __nedf2
 .text          0x00001010       0xd8 /opt/riscv32i/lib/gcc/riscv32-unknown-elf/15.2.0/libgcc.a(gedf2.o)
                0x00001010                __gtdf2
                0x00001010                __gedf2
 .text          0x000010e8       0xd8 /opt/riscv32i/lib/gcc/riscv32-unknown-elf/15.2.0/libgcc.a(ledf2.o)
                0x000010e8                __ltdf2
                0x000010e8                __ledf2
 .text          0x000011c0      0x69c /opt/riscv32i/lib/gcc/riscv32-unknown-elf/15.2.0/libgcc.a(muldf3.o)
                0x000011c0                __muldf3
 .text          0x0000185c      0x760 /opt/riscv32i/lib/gcc/riscv32-unknown-elf/15.2.0/libgcc.a(subdf3.o)
                0x0000185c                __subdf3
 .text          0x00001fbc       0x7c /opt/riscv32i/lib/gcc/riscv32-unknown-elf/15.2.0/libgcc.a(fixdfsi.o)
                0x00001fbc                __fixdfsi
 .text          0x00002038       0xa0 /opt/riscv32i/lib/gcc/riscv32-unknown-elf/15.2.0/libgcc.a(floatsidf.o)
                0x00002038                __floatsidf
 .text          0x000020d8       0xc4 /opt/riscv32i/lib/gcc/riscv32-unknown-elf/15.2.0/libgcc.a(fixdfdi.o)
                0x000020d8                __fixdfdi
 .text          0x0000219c      0x1f0 /opt/riscv32i/lib/gcc/riscv32-unknown-elf/15.2.0/libgcc.a(floatdidf.o)
                0x0000219c                __floatdidf
 .text          0x0000238c      0x42c /opt/riscv32i/lib/gcc/riscv32-unknown-elf/15.2.0/libgcc.a(addsf3.o)
                0x0000238c                __addsf3
 .text          0x000027b8      0x374 /opt/riscv32i/lib/gcc/riscv32-unknown-elf/15.2.0/libgcc.a(divsf3.o)
                0x000027b8                __divsf3
 .text          0x00002b2c       0x6c /opt/riscv32i/lib/gcc/riscv32-unknown-elf/15.2.0/libgcc.a(eqsf2.o)
                0x00002b2c                __nesf2
                0x00002b2c                __eqsf2
 .text          0x00002b98       0x98 /opt/riscv32i/lib/gcc/riscv32-unknown-elf/15.2.0/libgcc.a(gesf2.o)
                0x00002b98                __gtsf2
                0x00002b98                __gesf2
 .text          0x00002c30       0x98 /opt/riscv32i/lib/gcc/riscv32-unknown-elf/15.2.0/libgcc.a(lesf2.o)
                0x00002c30                __lesf2
                0x00002c30                __ltsf2
 .text          0x00002cc8      0x348 /opt/riscv32i/lib/gcc/riscv32-unknown-elf/15.2.0/libgcc.a(mulsf3.o)
                0x00002cc8                __mulsf3
 .text          0x00003010      0x444 /opt/riscv32i/lib/gcc/riscv32-unknown-elf/15.2.0/libgcc.a(subsf3.o)
                0x00003010                __subsf3
 .text          0x00003454       0x70 /opt/riscv32i/lib/gcc/riscv32-unknown-elf/15.2.0/libgcc.a(fixsfsi.o)
                0x00003454                __fixsfsi
 .text          0x000034c4      0x10c /opt/riscv32i/lib/gcc/riscv32-unknown-elf/15.2.0/libgcc.a(floatsisf.o)
                0x000034c4                __floatsisf
 .text          0x000035d0       0xd8 /opt/riscv32i/lib/gcc/riscv32-unknown-elf/15.2.0/libgcc.a(extendsfdf2.o)
                0x000035d0                __extendsfdf2
 .text          0x000036a8      0x144 /opt/riscv32i/lib/gcc/riscv32-unknown-elf/15.2.0/libgcc.a(truncdfsf2.o)
                0x000036a8                __truncdfsf2
 .text          0x000037ec       0x24 /opt/riscv32i/lib/gcc/riscv32-unknown-elf/15.2.0/libgcc.a(muldi3.o)
                0x000037ec                __mulsi3
 .text          0x00003810       0x8c /opt/riscv32i/lib/gcc/riscv32-unknown-elf/15.2.0/libgcc.a(multi3.o)
                0x00003810                __muldi3
 .text          0x0000389c       0xb4 /opt/riscv32i/lib/gcc/riscv32-unknown-elf/15.2.0/libgcc.a(div.o)
                0x0000389c                __divsi3
                0x000038a4                __hidden___udivsi3
                0x000038a4                __udivsi3
                0x000038ec                __umodsi3
                0x00003920                __modsi3
 .text          0x00003950       0x3c /opt/riscv32i/lib/gcc/riscv32-unknown-elf/15.2.0/libgcc.a(_lshrdi3.o)
                0x00003950                __lshrdi3
 .text          0x0000398c       0x3c /opt/riscv32i/lib/gcc/riscv32-unknown-elf/15.2.0/libgcc.a(_ashldi3.o)
                0x0000398c                __ashldi3
 *(.text.*)
 .text._ZN6tflite22MicroMutableOpResolverILj6EED2Ev
                0x000039c8        0x4 /tmp/cc1WL0zF.o
                0x000039c8                tflite::MicroMutableOpResolver<6u>::~MicroMutableOpResolver()
                0x000039c8                tflite::MicroMutableOpResolver<6u>::~MicroMutableOpResolver()
 .text._ZNK6tflite22MicroMutableOpResolverILj6EE15GetOpDataParserENS_15BuiltinOperatorE
                0x000039cc       0x40 /tmp/cc1WL0zF.o
                0x000039cc                tflite::MicroMutableOpResolver<6u>::GetOpDataParser(tflite::BuiltinOperator) const
 .text._ZN6tflite22MicroMutableOpResolverILj6EED0Ev
                0x00003a0c        0x8 /tmp/cc1WL0zF.o
                0x00003a0c                tflite::MicroMutableOpResolver<6u>::~MicroMutableOpResolver()
 .text._ZNK6tflite22MicroMutableOpResolverILj6EE6FindOpEPKc
                0x00003a14       0xd0 /tmp/cc1WL0zF.o
                0x00003a14                tflite::MicroMutableOpResolver<6u>::FindOp(char const*) const
 .text._ZNK6tflite22MicroMutableOpResolverILj6EE6FindOpENS_15BuiltinOperatorE
                0x00003ae4       0x50 /tmp/cc1WL0zF.o
                0x00003ae4                tflite::MicroMutableOpResolver<6u>::FindOp(tflite::BuiltinOperator) const
 .text._ZN6tflite22MicroMutableOpResolverILj6EE10AddBuiltinENS_15BuiltinOperatorERK16TFLMRegistrationPF12TfLiteStatusPKNS_8OperatorEPNS_13ErrorReporterEPNS_20BuiltinDataAllocatorEPPvE.isra.0
                0x00003b34       0xd8 /tmp/cc1WL0zF.o
 .text.startup.main
                0x00003c0c      0x3c8 /tmp/cc1WL0zF.o
                0x00003c0c                main
 .text.memset   0x00003fd4       0x1c /tmp/cc06bW53.o
                0x00003fd4                memset
 .text.memcpy   0x00003ff0       0x24 /tmp/cc06bW53.o
                0x00003ff0                memcpy
 .text.strlen   0x00004014       0x24 /tmp/cc06bW53.o
                0x00004014                strlen
 .text.strcmp   0x00004038       0x40 /tmp/cc06bW53.o
                0x00004038                strcmp
 .text.strncmp  0x00004078       0x34 /tmp/cc06bW53.o
                0x00004078                strncmp
 .text.abort    0x000040ac        0x4 /tmp/cc06bW53.o
                0x000040ac                abort
 .text.__errno  0x000040b0        0xc /tmp/cc06bW53.o
                0x000040b0                __errno
 .text._ZdlPvj  0x000040bc        0x4 /tmp/cc06bW53.o
                0x000040bc                operator delete(void*, unsigned int)
 .text._ZN6tflite36MicroContextAllocatePersistentBufferEP13TfLiteContextj
                0x000040c0       0x10 /tmp/cc0cieQu.o
                0x000040c0                tflite::MicroContextAllocatePersistentBuffer(TfLiteContext*, unsigned int)
 .text._ZN6tflite39MicroContextRequestScratchBufferInArenaEP13TfLiteContextjPi
                0x000040d0       0x10 /tmp/cc0cieQu.o
                0x000040d0                tflite::MicroContextRequestScratchBufferInArena(TfLiteContext*, unsigned int, int*)
 .text._ZN6tflite28MicroContextGetScratchBufferEP13TfLiteContexti
                0x000040e0       0x10 /tmp/cc0cieQu.o
                0x000040e0                tflite::MicroContextGetScratchBuffer(TfLiteContext*, int)
 .text._ZN6tflite21MicroContextGetTensorEPK13TfLiteContexti
                0x000040f0       0x10 /tmp/cc0cieQu.o
                0x000040f0                tflite::MicroContextGetTensor(TfLiteContext const*, int)
 .text._ZN6tflite25MicroContextGetEvalTensorEPK13TfLiteContexti
                0x00004100       0x10 /tmp/cc0cieQu.o
                0x00004100                tflite::MicroContextGetEvalTensor(TfLiteContext const*, int)
 .text._ZN6tflite23MicroInterpreterContext16external_contextEv
                0x00004110        0x8 /tmp/cc0cieQu.o
                0x00004110                tflite::MicroInterpreterContext::external_context()
 .text._ZN6tflite30MicroContextGetExternalContextEP13TfLiteContext25TfLiteExternalContextType
                0x00004118       0x24 /tmp/cc0cieQu.o
                0x00004118                tflite::MicroContextGetExternalContext(TfLiteContext*, TfLiteExternalContextType)
 .text._ZN6tflite16MicroInterpreterC2EPKNS_5ModelERKNS_15MicroOpResolverEPhjPNS_22MicroResourceVariablesEPNS_22MicroProfilerInterfaceEb
                0x0000413c      0x134 /tmp/cc0cieQu.o
                0x0000413c                tflite::MicroInterpreter::MicroInterpreter(tflite::Model const*, tflite::MicroOpResolver const&, unsigned char*, unsigned int, tflite::MicroResourceVariables*, tflite::MicroProfilerInterface*, bool)
                0x0000413c                tflite::MicroInterpreter::MicroInterpreter(tflite::Model const*, tflite::MicroOpResolver const&, unsigned char*, unsigned int, tflite::MicroResourceVariables*, tflite::MicroProfilerInterface*, bool)
 .text._ZN6tflite16MicroInterpreter5inputEj
                0x00004270       0x94 /tmp/cc0cieQu.o
                0x00004270                tflite::MicroInterpreter::input(unsigned int)
 .text._ZN6tflite16MicroInterpreter6outputEj
                0x00004304       0x90 /tmp/cc0cieQu.o
                0x00004304                tflite::MicroInterpreter::output(unsigned int)
 .text._ZN6tflite16MicroInterpreterD2Ev
                0x00004394       0x48 /tmp/cc0cieQu.o
                0x00004394                tflite::MicroInterpreter::~MicroInterpreter()
                0x00004394                tflite::MicroInterpreter::~MicroInterpreter()
 .text._ZN6tflite16MicroInterpreter44PrepareNodeAndRegistrationDataFromFlatbufferEv
                0x000043dc      0x3d8 /tmp/cc0cieQu.o
                0x000043dc                tflite::MicroInterpreter::PrepareNodeAndRegistrationDataFromFlatbuffer()
 .text._ZN6tflite16MicroInterpreter15AllocateTensorsEv
                0x000047b4      0x3c0 /tmp/cc0cieQu.o
                0x000047b4                tflite::MicroInterpreter::AllocateTensors()
 .text._ZN6tflite16MicroInterpreter6InvokeEv
                0x00004b74       0x5c /tmp/cc0cieQu.o
                0x00004b74                tflite::MicroInterpreter::Invoke()
 .text._ZN6tflite23MicroInterpreterContext5graphEv
                0x00004bd0        0x8 /tmp/ccCsz8XJ.o
                0x00004bd0                tflite::MicroInterpreterContext::graph()
 .text._ZN6tflite23MicroInterpreterContextD2Ev
                0x00004bd8        0x4 /tmp/ccCsz8XJ.o
                0x00004bd8                tflite::MicroInterpreterContext::~MicroInterpreterContext()
                0x00004bd8                tflite::MicroInterpreterContext::~MicroInterpreterContext()
 .text._ZN6tflite23MicroInterpreterContext24AllocatePersistentBufferEj
                0x00004bdc       0x10 /tmp/ccCsz8XJ.o
                0x00004bdc                tflite::MicroInterpreterContext::AllocatePersistentBuffer(unsigned int)
 .text._ZN6tflite23MicroInterpreterContext16GetScratchBufferEi
                0x00004bec       0x14 /tmp/ccCsz8XJ.o
                0x00004bec                tflite::MicroInterpreterContext::GetScratchBuffer(int)
 .text._ZN6tflite23MicroInterpreterContext24AllocateTempTfLiteTensorEi
                0x00004c00       0x28 /tmp/ccCsz8XJ.o
                0x00004c00                tflite::MicroInterpreterContext::AllocateTempTfLiteTensor(int)
 .text._ZN6tflite23MicroInterpreterContext26DeallocateTempTfLiteTensorEP12TfLiteTensor
                0x00004c28       0x10 /tmp/ccCsz8XJ.o
                0x00004c28                tflite::MicroInterpreterContext::DeallocateTempTfLiteTensor(TfLiteTensor*)
 .text._ZN6tflite23MicroInterpreterContext18AllocateTempBufferEjj
                0x00004c38       0x10 /tmp/ccCsz8XJ.o
                0x00004c38                tflite::MicroInterpreterContext::AllocateTempBuffer(unsigned int, unsigned int)
 .text._ZN6tflite23MicroInterpreterContext20DeallocateTempBufferEPh
                0x00004c48       0x10 /tmp/ccCsz8XJ.o
                0x00004c48                tflite::MicroInterpreterContext::DeallocateTempBuffer(unsigned char*)
 .text._ZN6tflite23MicroInterpreterContext13GetEvalTensorEi
                0x00004c58       0x2c /tmp/ccCsz8XJ.o
                0x00004c58                tflite::MicroInterpreterContext::GetEvalTensor(int)
 .text._ZN6tflite23MicroInterpreterContext20set_external_contextEPv
                0x00004c84       0x34 /tmp/ccCsz8XJ.o
                0x00004c84                tflite::MicroInterpreterContext::set_external_context(void*)
 .text._ZN6tflite23MicroInterpreterContext20SetAlternateProfilerEPNS_22MicroProfilerInterfaceE
                0x00004cb8        0xc /tmp/ccCsz8XJ.o
                0x00004cb8                tflite::MicroInterpreterContext::SetAlternateProfiler(tflite::MicroProfilerInterface*)
 .text._ZNK6tflite23MicroInterpreterContext20GetAlternateProfilerEv
                0x00004cc4        0x8 /tmp/ccCsz8XJ.o
                0x00004cc4                tflite::MicroInterpreterContext::GetAlternateProfiler() const
 .text._ZN6tflite23MicroInterpreterContextD0Ev
                0x00004ccc        0x8 /tmp/ccCsz8XJ.o
                0x00004ccc                tflite::MicroInterpreterContext::~MicroInterpreterContext()
 .text._ZN6tflite23MicroInterpreterContext27RequestScratchBufferInArenaEjPi
                0x00004cd4       0x14 /tmp/ccCsz8XJ.o
                0x00004cd4                tflite::MicroInterpreterContext::RequestScratchBufferInArena(unsigned int, int*)
 .text._ZN6tflite23MicroInterpreterContext22SetDecompressionMemoryEPKNS_12MicroContext21AlternateMemoryRegionEj
                0x00004ce8       0x14 /tmp/ccCsz8XJ.o
                0x00004ce8                tflite::MicroInterpreterContext::SetDecompressionMemory(tflite::MicroContext::AlternateMemoryRegion const*, unsigned int)
 .text._ZN6tflite23MicroInterpreterContext27AllocateDecompressionMemoryEjj
                0x00004cfc        0x4 /tmp/ccCsz8XJ.o
                0x00004cfc                tflite::MicroInterpreterContext::AllocateDecompressionMemory(unsigned int, unsigned int)
 .text._ZN6tflite23MicroInterpreterContextC2EPNS_14MicroAllocatorEPKNS_5ModelEPNS_21MicroInterpreterGraphE
                0x00004d00       0x38 /tmp/ccCsz8XJ.o
                0x00004d00                tflite::MicroInterpreterContext::MicroInterpreterContext(tflite::MicroAllocator*, tflite::Model const*, tflite::MicroInterpreterGraph*)
                0x00004d00                tflite::MicroInterpreterContext::MicroInterpreterContext(tflite::MicroAllocator*, tflite::Model const*, tflite::MicroInterpreterGraph*)
 .text._ZN6tflite23MicroInterpreterContext23SetScratchBufferHandlesEPNS_19ScratchBufferHandleE
                0x00004d38        0x8 /tmp/ccCsz8XJ.o
                0x00004d38                tflite::MicroInterpreterContext::SetScratchBufferHandles(tflite::ScratchBufferHandle*)
 .text._ZN6tflite23MicroInterpreterContext19SetInterpreterStateENS0_16InterpreterStateE
                0x00004d40        0x8 /tmp/ccCsz8XJ.o
                0x00004d40                tflite::MicroInterpreterContext::SetInterpreterState(tflite::MicroInterpreterContext::InterpreterState)
 .text._ZN6tflite18MicroMemoryPlanner9AddBufferEiiii
                0x00004d48        0x8 /tmp/ccFHq2Lb.o
                0x00004d48                tflite::MicroMemoryPlanner::AddBuffer(int, int, int, int)
 .text._ZN6tflite18MicroMemoryPlanner4InitEPhi
                0x00004d50        0x8 /tmp/ccFHq2Lb.o
                0x00004d50                tflite::MicroMemoryPlanner::Init(unsigned char*, int)
 .text._ZN6tflite12_GLOBAL__N_125MicroBuiltinDataAllocator8AllocateEjj
                0x00004d58       0x10 /tmp/ccFHq2Lb.o
 .text._ZN6tflite12_GLOBAL__N_125MicroBuiltinDataAllocator10DeallocateEPv
                0x00004d68        0x4 /tmp/ccFHq2Lb.o
 .text._ZN6tflite14MicroAllocatorD2Ev
                0x00004d6c        0x4 /tmp/ccFHq2Lb.o
                0x00004d6c                tflite::MicroAllocator::~MicroAllocator()
                0x00004d6c                tflite::MicroAllocator::~MicroAllocator()
 .text._ZN6tflite14MicroAllocator24AllocatePersistentBufferEj
                0x00004d70       0x14 /tmp/ccFHq2Lb.o
                0x00004d70                tflite::MicroAllocator::AllocatePersistentBuffer(unsigned int)
 .text._ZN6tflite14MicroAllocator26DeallocateTempTfLiteTensorEP12TfLiteTensor
                0x00004d84       0x8c /tmp/ccFHq2Lb.o
                0x00004d84                tflite::MicroAllocator::DeallocateTempTfLiteTensor(TfLiteTensor*)
 .text._ZN6tflite14MicroAllocator18AllocateTempBufferEjj
                0x00004e10       0x10 /tmp/ccFHq2Lb.o
                0x00004e10                tflite::MicroAllocator::AllocateTempBuffer(unsigned int, unsigned int)
 .text._ZN6tflite14MicroAllocator20DeallocateTempBufferEPh
                0x00004e20       0x10 /tmp/ccFHq2Lb.o
                0x00004e20                tflite::MicroAllocator::DeallocateTempBuffer(unsigned char*)
 .text._ZN6tflite14MicroAllocator20ResetTempAllocationsEv
                0x00004e30       0x10 /tmp/ccFHq2Lb.o
                0x00004e30                tflite::MicroAllocator::ResetTempAllocations()
 .text._ZN6tflite14MicroAllocator20IsAllTempDeallocatedEv
                0x00004e40       0x10 /tmp/ccFHq2Lb.o
                0x00004e40                tflite::MicroAllocator::IsAllTempDeallocated()
 .text._ZN6tflite14MicroAllocator38AllocatePersistentTfLiteTensorInternalEv
                0x00004e50       0x18 /tmp/ccFHq2Lb.o
                0x00004e50                tflite::MicroAllocator::AllocatePersistentTfLiteTensorInternal()
 .text._ZN6tflite12_GLOBAL__N_125MicroBuiltinDataAllocatorD2Ev
                0x00004e68        0x4 /tmp/ccFHq2Lb.o
 .text._ZN6tflite14MicroAllocatorD0Ev
                0x00004e6c        0x8 /tmp/ccFHq2Lb.o
                0x00004e6c                tflite::MicroAllocator::~MicroAllocator()
 .text._ZN6tflite12_GLOBAL__N_125MicroBuiltinDataAllocatorD0Ev
                0x00004e74        0x8 /tmp/ccFHq2Lb.o
 .text._ZN6tflite14MicroAllocator28AllocateScratchBufferHandlesEPPNS_19ScratchBufferHandleEj
                0x00004e7c       0x4c /tmp/ccFHq2Lb.o
                0x00004e7c                tflite::MicroAllocator::AllocateScratchBufferHandles(tflite::ScratchBufferHandle**, unsigned int)
 .text._ZN6tflite14MicroAllocator17AllocateVariablesEPKNS_8SubGraphEP16TfLiteEvalTensorPKl
                0x00004ec8      0x148 /tmp/ccFHq2Lb.o
                0x00004ec8                tflite::MicroAllocator::AllocateVariables(tflite::SubGraph const*, TfLiteEvalTensor*, long const*)
 .text._ZN6tflite14MicroAllocator28AllocateNodeAndRegistrationsEPKNS_5ModelEPNS_19SubgraphAllocationsE
                0x00005010      0x100 /tmp/ccFHq2Lb.o
                0x00005010                tflite::MicroAllocator::AllocateNodeAndRegistrations(tflite::Model const*, tflite::SubgraphAllocations*)
 .text._ZN6tflite14MicroAllocator22CommitStaticMemoryPlanEPKNS_5ModelEPNS_19SubgraphAllocationsEPNS_19ScratchBufferHandleE
                0x00005110      0x3f4 /tmp/ccFHq2Lb.o
                0x00005110                tflite::MicroAllocator::CommitStaticMemoryPlan(tflite::Model const*, tflite::SubgraphAllocations*, tflite::ScratchBufferHandle*)
 .text._ZN6tflite8internal25GetFlatbufferTensorBufferERKNS_6TensorEPKN11flatbuffers6VectorINS4_6OffsetINS_6BufferEEEmEE
                0x00005504       0x7c /tmp/ccFHq2Lb.o
                0x00005504                tflite::internal::GetFlatbufferTensorBuffer(tflite::Tensor const&, flatbuffers::Vector<flatbuffers::Offset<tflite::Buffer>, unsigned long> const*)
 .text._ZN6tflite8internal36InitializeTfLiteTensorFromFlatbufferEPNS_26IPersistentBufferAllocatorEPNS_29INonPersistentBufferAllocatorEbRKNS_6TensorEPKN11flatbuffers6VectorINS8_6OffsetINS_6BufferEEEmEEP12TfLiteTensor
                0x00005580      0x410 /tmp/ccFHq2Lb.o
                0x00005580                tflite::internal::InitializeTfLiteTensorFromFlatbuffer(tflite::IPersistentBufferAllocator*, tflite::INonPersistentBufferAllocator*, bool, tflite::Tensor const&, flatbuffers::Vector<flatbuffers::Offset<tflite::Buffer>, unsigned long> const*, TfLiteTensor*)
 .text._ZN6tflite14MicroAllocator34PopulateTfLiteTensorFromFlatbufferEPKNS_5ModelEP12TfLiteTensoriib
                0x00005990       0xc0 /tmp/ccFHq2Lb.o
                0x00005990                tflite::MicroAllocator::PopulateTfLiteTensorFromFlatbuffer(tflite::Model const*, TfLiteTensor*, int, int, bool)
 .text._ZN6tflite14MicroAllocator24AllocateTempTfLiteTensorEPKNS_5ModelEPKNS_19SubgraphAllocationsEii
                0x00005a50      0x100 /tmp/ccFHq2Lb.o
                0x00005a50                tflite::MicroAllocator::AllocateTempTfLiteTensor(tflite::Model const*, tflite::SubgraphAllocations const*, int, int)
 .text._ZN6tflite14MicroAllocator30AllocatePersistentTfLiteTensorEPKNS_5ModelEPKNS_19SubgraphAllocationsEii
                0x00005b50      0x120 /tmp/ccFHq2Lb.o
                0x00005b50                tflite::MicroAllocator::AllocatePersistentTfLiteTensor(tflite::Model const*, tflite::SubgraphAllocations const*, int, int)
 .text._ZN6tflite8internal40InitializeTfLiteEvalTensorFromFlatbufferERKNS_6TensorEPKN11flatbuffers6VectorINS4_6OffsetINS_6BufferEEEmEEP16TfLiteEvalTensor
                0x00005c70       0xf8 /tmp/ccFHq2Lb.o
                0x00005c70                tflite::internal::InitializeTfLiteEvalTensorFromFlatbuffer(tflite::Tensor const&, flatbuffers::Vector<flatbuffers::Offset<tflite::Buffer>, unsigned long> const*, TfLiteEvalTensor*)
 .text._ZN6tflite14MicroAllocator25AllocateTfLiteEvalTensorsEPKNS_5ModelEPNS_19SubgraphAllocationsE
                0x00005d68      0x1fc /tmp/ccFHq2Lb.o
                0x00005d68                tflite::MicroAllocator::AllocateTfLiteEvalTensors(tflite::Model const*, tflite::SubgraphAllocations*)
 .text._ZN6tflite14MicroAllocator6CreateEPhjNS_17MemoryPlannerTypeE
                0x00005f64      0x104 /tmp/ccFHq2Lb.o
                0x00005f64                tflite::MicroAllocator::Create(unsigned char*, unsigned int, tflite::MemoryPlannerType)
 .text._ZN6tflite14MicroAllocator20StartModelAllocationEPKNS_5ModelE
                0x00006068      0x174 /tmp/ccFHq2Lb.o
                0x00006068                tflite::MicroAllocator::StartModelAllocation(tflite::Model const*)
 .text._ZN6tflite14MicroAllocator21FinishModelAllocationEPKNS_5ModelEPNS_19SubgraphAllocationsEPPNS_19ScratchBufferHandleE
                0x000061dc       0xd8 /tmp/ccFHq2Lb.o
                0x000061dc                tflite::MicroAllocator::FinishModelAllocation(tflite::Model const*, tflite::SubgraphAllocations*, tflite::ScratchBufferHandle**)
 .text._ZN6tflite14MicroAllocator27RequestScratchBufferInArenaEjiPi
                0x000062b4       0xb0 /tmp/ccFHq2Lb.o
                0x000062b4                tflite::MicroAllocator::RequestScratchBufferInArena(unsigned int, int, int*)
 .text._ZN6tflite14MicroAllocator28FinishPrepareNodeAllocationsEi
                0x00006364       0xcc /tmp/ccFHq2Lb.o
                0x00006364                tflite::MicroAllocator::FinishPrepareNodeAllocations(int)
 .text._ZN6tflite14MicroAllocator23GetBuiltinDataAllocatorEv
                0x00006430        0x8 /tmp/ccFHq2Lb.o
                0x00006430                tflite::MicroAllocator::GetBuiltinDataAllocator()
 .text._ZN6tflite21AllocationInfoBuilder20CreateAllocationInfoEi
                0x00006438      0x174 /tmp/ccz7cc1r.o
                0x00006438                tflite::AllocationInfoBuilder::CreateAllocationInfo(int)
 .text._ZN6tflite21AllocationInfoBuilder18FreeAllocationInfoEv
                0x000065ac       0x4c /tmp/ccz7cc1r.o
                0x000065ac                tflite::AllocationInfoBuilder::FreeAllocationInfo()
 .text._ZN6tflite21AllocationInfoBuilder16ValidateSubgraphEPKNS_8SubGraphEP16TfLiteEvalTensor
                0x000065f8      0x184 /tmp/ccz7cc1r.o
                0x000065f8                tflite::AllocationInfoBuilder::ValidateSubgraph(tflite::SubGraph const*, TfLiteEvalTensor*)
 .text._ZN6tflite21AllocationInfoBuilder24InitializeAllocationInfoEPKlPNS_19SubgraphAllocationsE
                0x0000677c      0x310 /tmp/ccz7cc1r.o
                0x0000677c                tflite::AllocationInfoBuilder::InitializeAllocationInfo(long const*, tflite::SubgraphAllocations*)
 .text._ZN6tflite21AllocationInfoBuilder23MarkAllocationLifetimesEiPNS_8internal20ScratchBufferRequestEPNS_19ScratchBufferHandleEPNS_19SubgraphAllocationsE
                0x00006a8c      0x424 /tmp/ccz7cc1r.o
                0x00006a8c                tflite::AllocationInfoBuilder::MarkAllocationLifetimes(int, tflite::internal::ScratchBufferRequest*, tflite::ScratchBufferHandle*, tflite::SubgraphAllocations*)
 .text._ZN6tflite21AllocationInfoBuilder32MarkSubgraphLifetimesIfNecessaryEPKNS_8OperatorEPNS_8internal20ScratchBufferRequestEPNS_19ScratchBufferHandleEPNS_19SubgraphAllocationsE
                0x00006eb0      0x2a0 /tmp/ccz7cc1r.o
                0x00006eb0                tflite::AllocationInfoBuilder::MarkSubgraphLifetimesIfNecessary(tflite::Operator const*, tflite::internal::ScratchBufferRequest*, tflite::ScratchBufferHandle*, tflite::SubgraphAllocations*)
 .text._ZN6tflite21AllocationInfoBuilder24GetOfflinePlannedOffsetsEPPKl
                0x00007150      0x224 /tmp/ccz7cc1r.o
                0x00007150                tflite::AllocationInfoBuilder::GetOfflinePlannedOffsets(long const**)
 .text._ZN6tflite12MicroContext35ResetDecompressionMemoryAllocationsEv
                0x00007374       0x30 /tmp/ccjL1czH.o
                0x00007374                tflite::MicroContext::ResetDecompressionMemoryAllocations()
 .text._ZN6tflite12MicroContext27AllocateDecompressionMemoryEjj
                0x000073a4       0xfc /tmp/ccjL1czH.o
                0x000073a4                tflite::MicroContext::AllocateDecompressionMemory(unsigned int, unsigned int)
 .text._ZN6tflite12MicroContext22SetDecompressionMemoryEPKNS0_21AlternateMemoryRegionEj
                0x000074a0       0xa4 /tmp/ccjL1czH.o
                0x000074a0                tflite::MicroContext::SetDecompressionMemory(tflite::MicroContext::AlternateMemoryRegion const*, unsigned int)
 .text._ZN6tflite12MicroContext23AllocateTempInputTensorEPK10TfLiteNodei
                0x00007544       0x34 /tmp/ccjL1czH.o
                0x00007544                tflite::MicroContext::AllocateTempInputTensor(TfLiteNode const*, int)
 .text._ZN6tflite12MicroContext24AllocateTempOutputTensorEPK10TfLiteNodei
                0x00007578       0x34 /tmp/ccjL1czH.o
                0x00007578                tflite::MicroContext::AllocateTempOutputTensor(TfLiteNode const*, int)
 .text._ZN6tflite25MicroContextReportOpErrorEP13TfLiteContextPKcz
                0x000075ac       0x2c /tmp/ccjL1czH.o
                0x000075ac                tflite::MicroContextReportOpError(TfLiteContext*, char const*, ...)
 .text._ZN6tflite21MicroInterpreterGraph20GetResourceVariablesEv
                0x000075d8        0x8 /tmp/ccaz5dpD.o
                0x000075d8                tflite::MicroInterpreterGraph::GetResourceVariables()
 .text._ZN6tflite21MicroInterpreterGraphD2Ev
                0x000075e0        0x4 /tmp/ccaz5dpD.o
                0x000075e0                tflite::MicroInterpreterGraph::~MicroInterpreterGraph()
                0x000075e0                tflite::MicroInterpreterGraph::~MicroInterpreterGraph()
 .text._ZN6tflite21MicroInterpreterGraph17GetSubgraphOutputEii
                0x000075e4       0xa0 /tmp/ccaz5dpD.o
                0x000075e4                tflite::MicroInterpreterGraph::GetSubgraphOutput(int, int)
 .text._ZN6tflite21MicroInterpreterGraphD0Ev
                0x00007684        0x8 /tmp/ccaz5dpD.o
                0x00007684                tflite::MicroInterpreterGraph::~MicroInterpreterGraph()
 .text._ZN6tflite21MicroInterpreterGraph13InitSubgraphsEv
                0x0000768c      0x120 /tmp/ccaz5dpD.o
                0x0000768c                tflite::MicroInterpreterGraph::InitSubgraphs()
 .text._ZN6tflite21MicroInterpreterGraph14ResetSubgraphsEv
                0x000077ac       0xf0 /tmp/ccaz5dpD.o
                0x000077ac                tflite::MicroInterpreterGraph::ResetSubgraphs()
 .text._ZN6tflite21MicroInterpreterGraph13FreeSubgraphsEv
                0x0000789c       0xf0 /tmp/ccaz5dpD.o
                0x0000789c                tflite::MicroInterpreterGraph::FreeSubgraphs()
 .text._ZN6tflite21MicroInterpreterGraph14InvokeSubgraphEi
                0x0000798c      0x130 /tmp/ccaz5dpD.o
                0x0000798c                tflite::MicroInterpreterGraph::InvokeSubgraph(int)
 .text._ZN6tflite21MicroInterpreterGraph16PrepareSubgraphsEv
                0x00007abc      0x23c /tmp/ccaz5dpD.o
                0x00007abc                tflite::MicroInterpreterGraph::PrepareSubgraphs()
 .text._ZN6tflite21MicroInterpreterGraph12NumSubgraphsEv
                0x00007cf8       0x3c /tmp/ccaz5dpD.o
                0x00007cf8                tflite::MicroInterpreterGraph::NumSubgraphs()
 .text._ZN6tflite21MicroInterpreterGraph17NumSubgraphInputsEi
                0x00007d34       0x7c /tmp/ccaz5dpD.o
                0x00007d34                tflite::MicroInterpreterGraph::NumSubgraphInputs(int)
 .text._ZN6tflite21MicroInterpreterGraph18NumSubgraphOutputsEi
                0x00007db0       0x78 /tmp/ccaz5dpD.o
                0x00007db0                tflite::MicroInterpreterGraph::NumSubgraphOutputs(int)
 .text._ZN6tflite21MicroInterpreterGraph16GetSubgraphInputEii
                0x00007e28       0xa0 /tmp/ccaz5dpD.o
                0x00007e28                tflite::MicroInterpreterGraph::GetSubgraphInput(int, int)
 .text._ZN6tflite21MicroInterpreterGraphC2EP13TfLiteContextPKNS_5ModelEPNS_14MicroAllocatorEPNS_22MicroResourceVariablesE
                0x00007ec8       0x64 /tmp/ccaz5dpD.o
                0x00007ec8                tflite::MicroInterpreterGraph::MicroInterpreterGraph(TfLiteContext*, tflite::Model const*, tflite::MicroAllocator*, tflite::MicroResourceVariables*)
                0x00007ec8                tflite::MicroInterpreterGraph::MicroInterpreterGraph(TfLiteContext*, tflite::Model const*, tflite::MicroAllocator*, tflite::MicroResourceVariables*)
 .text._ZN6tflite21MicroInterpreterGraph15ResetTensorDataEPKNS_6TensorEP16TfLiteEvalTensor
                0x00007f2c       0xe0 /tmp/ccaz5dpD.o
                0x00007f2c                tflite::MicroInterpreterGraph::ResetTensorData(tflite::Tensor const*, TfLiteEvalTensor*)
 .text._ZN6tflite21MicroInterpreterGraph20ResetVariableTensorsEv
                0x0000800c      0x170 /tmp/ccaz5dpD.o
                0x0000800c                tflite::MicroInterpreterGraph::ResetVariableTensors()
 .text._ZN6tflite21MicroInterpreterGraph19ResetVariableTensorEii
                0x0000817c       0xbc /tmp/ccaz5dpD.o
                0x0000817c                tflite::MicroInterpreterGraph::ResetVariableTensor(int, int)
 .text._ZN6tflite21MicroInterpreterGraph22SetSubgraphAllocationsEPNS_19SubgraphAllocationsE
                0x00008238        0x8 /tmp/ccaz5dpD.o
                0x00008238                tflite::MicroInterpreterGraph::SetSubgraphAllocations(tflite::SubgraphAllocations*)
 .text._ZN6tflite25GetRegistrationFromOpCodeEPKNS_12OperatorCodeERKNS_15MicroOpResolverEPPK16TFLMRegistration
                0x00008240       0xe8 /tmp/ccxm5tWp.o
                0x00008240                tflite::GetRegistrationFromOpCode(tflite::OperatorCode const*, tflite::MicroOpResolver const&, TFLMRegistration const**)
 .text._ZN6tflite22MicroResourceVariables8ResetAllEv
                0x00008328       0x74 /tmp/ccZsI7mK.o
                0x00008328                tflite::MicroResourceVariables::ResetAll()
 .text._ZN6tflite12ElementCountERK14TfLiteIntArray
                0x0000839c       0x68 /tmp/cc4sEiJN.o
                0x0000839c                tflite::ElementCount(TfLiteIntArray const&)
 .text._ZN6tflite20NumSubgraphOperatorsEPKNS_8SubGraphE
                0x00008404       0x40 /tmp/ccYgkE2c.o
                0x00008404                tflite::NumSubgraphOperators(tflite::SubGraph const*)
 .text._ZN6tflite20NumSubgraphOperatorsEPKNS_5ModelEi
                0x00008444       0x74 /tmp/ccYgkE2c.o
                0x00008444                tflite::NumSubgraphOperators(tflite::Model const*, int)
 .text._ZN6tflite33FlatBufferVectorToTfLiteTypeArrayEPKN11flatbuffers6VectorIlmEE
                0x000084b8        0x4 /tmp/ccYgkE2c.o
                0x000084b8                tflite::FlatBufferVectorToTfLiteTypeArray(flatbuffers::Vector<long, unsigned long> const*)
 .text._ZN6tflite33FlatBufferVectorToTfLiteTypeArrayEPKN11flatbuffers6VectorIfmEE
                0x000084bc        0x4 /tmp/ccYgkE2c.o
                0x000084bc                tflite::FlatBufferVectorToTfLiteTypeArray(flatbuffers::Vector<float, unsigned long> const*)
 .text._ZN6tflite17ConvertTensorTypeENS_10TensorTypeEP10TfLiteType
                0x000084c0       0x34 /tmp/ccmvvN27.o
                0x000084c0                tflite::ConvertTensorType(tflite::TensorType, TfLiteType*)
 .text._ZN6tflite24CallBuiltinParseFunctionEPF12TfLiteStatusPKNS_8OperatorEPNS_13ErrorReporterEPNS_20BuiltinDataAllocatorEPPvES3_S7_S9_
                0x000084f4       0x4c /tmp/ccmvvN27.o
                0x000084f4                tflite::CallBuiltinParseFunction(TfLiteStatus (*)(tflite::Operator const*, tflite::ErrorReporter*, tflite::BuiltinDataAllocator*, void**), tflite::Operator const*, tflite::BuiltinDataAllocator*, void**)
 .text._ZN6tflite18MicroErrorReporterD2Ev
                0x00008540        0x4 /tmp/ccO7AxD0.o
                0x00008540                tflite::MicroErrorReporter::~MicroErrorReporter()
                0x00008540                tflite::MicroErrorReporter::~MicroErrorReporter()
 .text._ZN6tflite18MicroErrorReporter6ReportEPKcPv
                0x00008544        0x8 /tmp/ccO7AxD0.o
                0x00008544                tflite::MicroErrorReporter::Report(char const*, void*)
 .text._ZN6tflite18MicroErrorReporterD0Ev
                0x0000854c        0x8 /tmp/ccO7AxD0.o
                0x0000854c                tflite::MicroErrorReporter::~MicroErrorReporter()
 .text._ZN6tflite21GetMicroErrorReporterEv
                0x00008554       0x2c /tmp/ccO7AxD0.o
                0x00008554                tflite::GetMicroErrorReporter()
 .text._ZNK6tflite19GreedyMemoryPlanner21preserves_all_tensorsEv
                0x00008580        0x8 /tmp/ccrNGcBw.o
                0x00008580                tflite::GreedyMemoryPlanner::preserves_all_tensors() const
 .text._ZN6tflite19GreedyMemoryPlanner4InitEPhi
                0x00008588       0x84 /tmp/ccrNGcBw.o
                0x00008588                tflite::GreedyMemoryPlanner::Init(unsigned char*, int)
 .text._ZN6tflite19GreedyMemoryPlannerD2Ev
                0x0000860c        0x4 /tmp/ccrNGcBw.o
                0x0000860c                tflite::GreedyMemoryPlanner::~GreedyMemoryPlanner()
                0x0000860c                tflite::GreedyMemoryPlanner::~GreedyMemoryPlanner()
 .text._ZN6tflite19GreedyMemoryPlanner9AddBufferEiii
                0x00008610       0x4c /tmp/ccrNGcBw.o
                0x00008610                tflite::GreedyMemoryPlanner::AddBuffer(int, int, int)
 .text._ZN6tflite19GreedyMemoryPlanner14GetBufferCountEv
                0x0000865c        0x8 /tmp/ccrNGcBw.o
                0x0000865c                tflite::GreedyMemoryPlanner::GetBufferCount()
 .text._ZN6tflite19GreedyMemoryPlannerD0Ev
                0x00008664        0x8 /tmp/ccrNGcBw.o
                0x00008664                tflite::GreedyMemoryPlanner::~GreedyMemoryPlanner()
 .text._ZN6tflite19GreedyMemoryPlanner9AddBufferEiiii
                0x0000866c       0x98 /tmp/ccrNGcBw.o
                0x0000866c                tflite::GreedyMemoryPlanner::AddBuffer(int, int, int, int)
 .text._ZN6tflite18ReverseSortInPlaceEPiS0_i
                0x00008704       0x5c /tmp/ccrNGcBw.o
                0x00008704                tflite::ReverseSortInPlace(int*, int*, int)
 .text._ZN6tflite19GreedyMemoryPlannerC2Ev
                0x00008760       0x10 /tmp/ccrNGcBw.o
                0x00008760                tflite::GreedyMemoryPlanner::GreedyMemoryPlanner()
                0x00008760                tflite::GreedyMemoryPlanner::GreedyMemoryPlanner()
 .text._ZN6tflite19GreedyMemoryPlanner30NextSimultaneouslyActiveBufferEPKNS0_9ListEntryEii
                0x00008770       0x94 /tmp/ccrNGcBw.o
                0x00008770                tflite::GreedyMemoryPlanner::NextSimultaneouslyActiveBuffer(tflite::GreedyMemoryPlanner::ListEntry const*, int, int)
 .text._ZN6tflite19GreedyMemoryPlanner24CalculateOffsetsIfNeededEv
                0x00008804      0x310 /tmp/ccrNGcBw.o
                0x00008804                tflite::GreedyMemoryPlanner::CalculateOffsetsIfNeeded()
 .text._ZN6tflite19GreedyMemoryPlanner20GetMaximumMemorySizeEv
                0x00008b14       0xa0 /tmp/ccrNGcBw.o
                0x00008b14                tflite::GreedyMemoryPlanner::GetMaximumMemorySize()
 .text._ZN6tflite19GreedyMemoryPlanner15PrintMemoryPlanEv
                0x00008bb4        0x4 /tmp/ccrNGcBw.o
                0x00008bb4                tflite::GreedyMemoryPlanner::PrintMemoryPlan()
 .text._ZN6tflite19GreedyMemoryPlanner18GetOffsetForBufferEiPi
                0x00008bb8       0x64 /tmp/ccrNGcBw.o
                0x00008bb8                tflite::GreedyMemoryPlanner::GetOffsetForBuffer(int, int*)
 .text._ZN6tflite18MicroMemoryPlanner15PrintMemoryPlanEv
                0x00008c1c        0x4 /tmp/ccElLTlk.o
                0x00008c1c                tflite::MicroMemoryPlanner::PrintMemoryPlan()
 .text._ZNK6tflite19LinearMemoryPlanner21preserves_all_tensorsEv
                0x00008c20        0x8 /tmp/ccElLTlk.o
                0x00008c20                tflite::LinearMemoryPlanner::preserves_all_tensors() const
 .text._ZN6tflite19LinearMemoryPlannerD2Ev
                0x00008c28        0x4 /tmp/ccElLTlk.o
                0x00008c28                tflite::LinearMemoryPlanner::~LinearMemoryPlanner()
                0x00008c28                tflite::LinearMemoryPlanner::~LinearMemoryPlanner()
 .text._ZN6tflite19LinearMemoryPlanner9AddBufferEiii
                0x00008c2c       0x44 /tmp/ccElLTlk.o
                0x00008c2c                tflite::LinearMemoryPlanner::AddBuffer(int, int, int)
 .text._ZN6tflite19LinearMemoryPlanner20GetMaximumMemorySizeEv
                0x00008c70       0x10 /tmp/ccElLTlk.o
                0x00008c70                tflite::LinearMemoryPlanner::GetMaximumMemorySize()
 .text._ZN6tflite19LinearMemoryPlanner14GetBufferCountEv
                0x00008c80       0x10 /tmp/ccElLTlk.o
                0x00008c80                tflite::LinearMemoryPlanner::GetBufferCount()
 .text._ZN6tflite19LinearMemoryPlanner18GetOffsetForBufferEiPi
                0x00008c90       0x3c /tmp/ccElLTlk.o
                0x00008c90                tflite::LinearMemoryPlanner::GetOffsetForBuffer(int, int*)
 .text._ZN6tflite19LinearMemoryPlannerD0Ev
                0x00008ccc        0xc /tmp/ccElLTlk.o
                0x00008ccc                tflite::LinearMemoryPlanner::~LinearMemoryPlanner()
 .text._ZN6tflite19LinearMemoryPlannerC2Ev
                0x00008cd8       0x20 /tmp/ccElLTlk.o
                0x00008cd8                tflite::LinearMemoryPlanner::LinearMemoryPlanner()
                0x00008cd8                tflite::LinearMemoryPlanner::LinearMemoryPlanner()
 .text._ZN6tflite14AlignPointerUpEPhj
                0x00008cf8       0x30 /tmp/ccHzLWyo.o
                0x00008cf8                tflite::AlignPointerUp(unsigned char*, unsigned int)
 .text._ZN6tflite16AlignPointerDownEPhj
                0x00008d28       0x28 /tmp/ccHzLWyo.o
                0x00008d28                tflite::AlignPointerDown(unsigned char*, unsigned int)
 .text._ZN6tflite11AlignSizeUpEjj
                0x00008d50       0x30 /tmp/ccHzLWyo.o
                0x00008d50                tflite::AlignSizeUp(unsigned int, unsigned int)
 .text._ZN6tflite16TfLiteTypeSizeOfE10TfLiteTypePj
                0x00008d80       0xb0 /tmp/ccHzLWyo.o
                0x00008d80                tflite::TfLiteTypeSizeOf(TfLiteType, unsigned int*)
 .text._ZN6tflite22BytesRequiredForTensorERKNS_6TensorEPjS3_
                0x00008e30      0x138 /tmp/ccHzLWyo.o
                0x00008e30                tflite::BytesRequiredForTensor(tflite::Tensor const&, unsigned int*, unsigned int*)
 .text._ZN6tflite26TfLiteEvalTensorByteLengthEPK16TfLiteEvalTensorPj
                0x00008f68       0xb4 /tmp/ccHzLWyo.o
                0x00008f68                tflite::TfLiteEvalTensorByteLength(TfLiteEvalTensor const*, unsigned int*)
 .text._ZN6tflite26SingleArenaBufferAllocatorD2Ev
                0x0000901c        0x4 /tmp/ccT6FsBU.o
                0x0000901c                tflite::SingleArenaBufferAllocator::~SingleArenaBufferAllocator()
                0x0000901c                tflite::SingleArenaBufferAllocator::~SingleArenaBufferAllocator()
 .text._ZN6tflite26SingleArenaBufferAllocator14DeallocateTempEPh
                0x00009020       0x1c /tmp/ccT6FsBU.o
                0x00009020                tflite::SingleArenaBufferAllocator::DeallocateTemp(unsigned char*)
 .text._ZN6tflite26SingleArenaBufferAllocator20IsAllTempDeallocatedEv
                0x0000903c       0x1c /tmp/ccT6FsBU.o
                0x0000903c                tflite::SingleArenaBufferAllocator::IsAllTempDeallocated()
 .text._ZNK6tflite26SingleArenaBufferAllocator23GetOverlayMemoryAddressEv
                0x00009058        0x8 /tmp/ccT6FsBU.o
                0x00009058                tflite::SingleArenaBufferAllocator::GetOverlayMemoryAddress() const
 .text._ZNK6tflite26SingleArenaBufferAllocator25GetNonPersistentUsedBytesEv
                0x00009060       0x20 /tmp/ccT6FsBU.o
                0x00009060                tflite::SingleArenaBufferAllocator::GetNonPersistentUsedBytes() const
 .text._ZNK6tflite26SingleArenaBufferAllocator22GetPersistentUsedBytesEv
                0x00009080       0x10 /tmp/ccT6FsBU.o
                0x00009080                tflite::SingleArenaBufferAllocator::GetPersistentUsedBytes() const
 .text._ZN6tflite26SingleArenaBufferAllocatorD0Ev
                0x00009090        0x8 /tmp/ccT6FsBU.o
                0x00009090                tflite::SingleArenaBufferAllocator::~SingleArenaBufferAllocator()
 .text._ZN6tflite26SingleArenaBufferAllocator12ResizeBufferEPhjj
                0x00009098       0x88 /tmp/ccT6FsBU.o
                0x00009098                tflite::SingleArenaBufferAllocator::ResizeBuffer(unsigned char*, unsigned int, unsigned int)
 .text._ZN6tflite26SingleArenaBufferAllocator12AllocateTempEjj
                0x00009120       0x7c /tmp/ccT6FsBU.o
                0x00009120                tflite::SingleArenaBufferAllocator::AllocateTemp(unsigned int, unsigned int)
 .text._ZN6tflite26SingleArenaBufferAllocator24AllocatePersistentBufferEjj
                0x0000919c       0x50 /tmp/ccT6FsBU.o
                0x0000919c                tflite::SingleArenaBufferAllocator::AllocatePersistentBuffer(unsigned int, unsigned int)
 .text._ZNK6tflite26SingleArenaBufferAllocator18GetAvailableMemoryEj
                0x000091ec       0x48 /tmp/ccT6FsBU.o
                0x000091ec                tflite::SingleArenaBufferAllocator::GetAvailableMemory(unsigned int) const
 .text._ZThn4_N6tflite26SingleArenaBufferAllocatorD1Ev
                0x00009234        0x4 /tmp/ccT6FsBU.o
                0x00009234                non-virtual thunk to tflite::SingleArenaBufferAllocator::~SingleArenaBufferAllocator()
 .text._ZThn4_NK6tflite26SingleArenaBufferAllocator22GetPersistentUsedBytesEv
                0x00009238       0x10 /tmp/ccT6FsBU.o
                0x00009238                non-virtual thunk to tflite::SingleArenaBufferAllocator::GetPersistentUsedBytes() const
 .text._ZThn4_N6tflite26SingleArenaBufferAllocatorD0Ev
                0x00009248        0xc /tmp/ccT6FsBU.o
                0x00009248                non-virtual thunk to tflite::SingleArenaBufferAllocator::~SingleArenaBufferAllocator()
 .text._ZN6tflite26SingleArenaBufferAllocator20ResetTempAllocationsEv
                0x00009254       0x80 /tmp/ccT6FsBU.o
                0x00009254                tflite::SingleArenaBufferAllocator::ResetTempAllocations()
 .text._ZThn4_N6tflite26SingleArenaBufferAllocator24AllocatePersistentBufferEjj
                0x000092d4       0x50 /tmp/ccT6FsBU.o
                0x000092d4                non-virtual thunk to tflite::SingleArenaBufferAllocator::AllocatePersistentBuffer(unsigned int, unsigned int)
 .text._ZN6tflite26SingleArenaBufferAllocator25DeallocateResizableBufferEPh
                0x00009324       0x98 /tmp/ccT6FsBU.o
                0x00009324                tflite::SingleArenaBufferAllocator::DeallocateResizableBuffer(unsigned char*)
 .text._ZN6tflite26SingleArenaBufferAllocator33ReserveNonPersistentOverlayMemoryEjj
                0x000093bc       0xd8 /tmp/ccT6FsBU.o
                0x000093bc                tflite::SingleArenaBufferAllocator::ReserveNonPersistentOverlayMemory(unsigned int, unsigned int)
 .text._ZN6tflite26SingleArenaBufferAllocator23AllocateResizableBufferEjj
                0x00009494       0xe8 /tmp/ccT6FsBU.o
                0x00009494                tflite::SingleArenaBufferAllocator::AllocateResizableBuffer(unsigned int, unsigned int)
 .text._ZN6tflite26SingleArenaBufferAllocator6CreateEPhj
                0x0000957c       0x80 /tmp/ccT6FsBU.o
                0x0000957c                tflite::SingleArenaBufferAllocator::Create(unsigned char*, unsigned int)
 .text._ZN6tflite21reference_integer_ops14ConvPerChannelERKNS_10ConvParamsEPKlS5_RKNS_12RuntimeShapeEPKaS8_SA_S8_S5_S8_Pa.isra.0
                0x000095fc      0x4e8 /tmp/ccCnjPwq.o
 .text._ZN6tflite12_GLOBAL__N_1L8ConvEvalEP13TfLiteContextP10TfLiteNode
                0x00009ae4     0x1664 /tmp/ccCnjPwq.o
 .text._ZN6tflite16Register_CONV_2DEv
                0x0000b148       0x40 /tmp/ccCnjPwq.o
                0x0000b148                tflite::Register_CONV_2D()
 .text._ZN6tflite15ConvParamsFloatERK16TfLiteConvParamsRKNS_10OpDataConvE
                0x0000b188       0xd8 /tmp/cckDIvYk.o
                0x0000b188                tflite::ConvParamsFloat(TfLiteConvParams const&, tflite::OpDataConv const&)
 .text._ZN6tflite19ConvParamsQuantizedERK16TfLiteConvParamsRKNS_10OpDataConvE
                0x0000b260       0xb4 /tmp/cckDIvYk.o
                0x0000b260                tflite::ConvParamsQuantized(TfLiteConvParams const&, tflite::OpDataConv const&)
 .text._ZN6tflite8ConvInitEP13TfLiteContextPKcj
                0x0000b314        0xc /tmp/cckDIvYk.o
                0x0000b314                tflite::ConvInit(TfLiteContext*, char const*, unsigned int)
 .text._ZN6tflite19CalculateOpDataConvEP13TfLiteContextP10TfLiteNodeRK16TfLiteConvParamsiiiiii10TfLiteTypePNS_10OpDataConvE
                0x0000b320      0x35c /tmp/cckDIvYk.o
                0x0000b320                tflite::CalculateOpDataConv(TfLiteContext*, TfLiteNode*, TfLiteConvParams const&, int, int, int, int, int, int, TfLiteType, tflite::OpDataConv*)
 .text._ZN6tflite11ConvPrepareEP13TfLiteContextP10TfLiteNode
                0x0000b67c      0x340 /tmp/cckDIvYk.o
                0x0000b67c                tflite::ConvPrepare(TfLiteContext*, TfLiteNode*)
 .text._ZN6tflite12_GLOBAL__N_1L17DepthwiseConvInitEP13TfLiteContextPKcj
                0x0000b9bc        0xc /tmp/ccVKKKkP.o
 .text._ZN6tflite21reference_integer_ops23DepthwiseConvPerChannelERKNS_15DepthwiseParamsEPKlS5_RKNS_12RuntimeShapeEPKaS8_SA_S8_S5_S8_Pa.isra.0
                0x0000b9c8      0x478 /tmp/ccVKKKkP.o
 .text._ZN6tflite12_GLOBAL__N_1L17DepthwiseConvEvalEP13TfLiteContextP10TfLiteNode
                0x0000be40      0xff0 /tmp/ccVKKKkP.o
 .text._ZN6tflite26Register_DEPTHWISE_CONV_2DEv
                0x0000ce30       0x40 /tmp/ccVKKKkP.o
                0x0000ce30                tflite::Register_DEPTHWISE_CONV_2D()
 .text._ZN6tflite24DepthwiseConvParamsFloatERK25TfLiteDepthwiseConvParamsRKNS_10OpDataConvE
                0x0000ce70       0xe0 /tmp/ccF5Qb4i.o
                0x0000ce70                tflite::DepthwiseConvParamsFloat(TfLiteDepthwiseConvParams const&, tflite::OpDataConv const&)
 .text._ZN6tflite28DepthwiseConvParamsQuantizedERK25TfLiteDepthwiseConvParamsRKNS_10OpDataConvE
                0x0000cf50       0xbc /tmp/ccF5Qb4i.o
                0x0000cf50                tflite::DepthwiseConvParamsQuantized(TfLiteDepthwiseConvParams const&, tflite::OpDataConv const&)
 .text._ZN6tflite28CalculateOpDataDepthwiseConvEP13TfLiteContextP10TfLiteNodeRK25TfLiteDepthwiseConvParamsiiiiii10TfLiteTypePNS_10OpDataConvE
                0x0000d00c      0x3b0 /tmp/ccF5Qb4i.o
                0x0000d00c                tflite::CalculateOpDataDepthwiseConv(TfLiteContext*, TfLiteNode*, TfLiteDepthwiseConvParams const&, int, int, int, int, int, int, TfLiteType, tflite::OpDataConv*)
 .text._ZN6tflite20DepthwiseConvPrepareEP13TfLiteContextP10TfLiteNode
                0x0000d3bc      0x2e8 /tmp/ccF5Qb4i.o
                0x0000d3bc                tflite::DepthwiseConvPrepare(TfLiteContext*, TfLiteNode*)
 .text._ZN6tflite12_GLOBAL__N_1L18FullyConnectedInitEP13TfLiteContextPKcj
                0x0000d6a4        0xc /tmp/ccfnxjSX.o
 .text._ZN6tflite12_GLOBAL__N_1L21FullyConnectedPrepareEP13TfLiteContextP10TfLiteNode
                0x0000d6b0      0x280 /tmp/ccfnxjSX.o
 .text._ZN6tflite21reference_integer_ops14FullyConnectedIaaalEEvRKNS_20FullyConnectedParamsERKNS_12RuntimeShapeEPKT_S7_PKT0_S7_PKT2_S7_PT1_.isra.0
                0x0000d930      0x208 /tmp/ccfnxjSX.o
 .text._ZN6tflite12_GLOBAL__N_1L18FullyConnectedEvalEP13TfLiteContextP10TfLiteNode
                0x0000db38     0x1144 /tmp/ccfnxjSX.o
 .text._ZN6tflite24Register_FULLY_CONNECTEDEv
                0x0000ec7c       0x40 /tmp/ccfnxjSX.o
                0x0000ec7c                tflite::Register_FULLY_CONNECTED()
 .text._ZN6tflite29FullyConnectedParamsQuantizedERKNS_20OpDataFullyConnectedE
                0x0000ecbc       0x44 /tmp/cc1TWbcA.o
                0x0000ecbc                tflite::FullyConnectedParamsQuantized(tflite::OpDataFullyConnected const&)
 .text._ZN6tflite25FullyConnectedParamsFloatE21TfLiteFusedActivation
                0x0000ed00       0x80 /tmp/cc1TWbcA.o
                0x0000ed00                tflite::FullyConnectedParamsFloat(TfLiteFusedActivation)
 .text._ZN6tflite29CalculateOpDataFullyConnectedEP13TfLiteContext21TfLiteFusedActivation10TfLiteTypePK12TfLiteTensorS6_S6_PS4_PNS_20OpDataFullyConnectedE
                0x0000ed80      0x260 /tmp/cc1TWbcA.o
                0x0000ed80                tflite::CalculateOpDataFullyConnected(TfLiteContext*, TfLiteFusedActivation, TfLiteType, TfLiteTensor const*, TfLiteTensor const*, TfLiteTensor const*, TfLiteTensor*, tflite::OpDataFullyConnected*)
 .text._ZN6tflite12_GLOBAL__N_1L8PoolInitEP13TfLiteContextPKcj
                0x0000efe0        0xc /tmp/ccab53Ia.o
 .text._ZN6tflite12_GLOBAL__N_1L11AverageEvalEP13TfLiteContextP10TfLiteNode
                0x0000efec      0x7c4 /tmp/ccab53Ia.o
 .text._ZN6tflite24Register_AVERAGE_POOL_2DEv
                0x0000f7b0       0x40 /tmp/ccab53Ia.o
                0x0000f7b0                tflite::Register_AVERAGE_POOL_2D()
 .text._ZN6tflite22CalculateOpDataPoolingEPK13TfLiteContextPK16TfLitePoolParamsPK12TfLiteTensorS8_PNS_13OpDataPoolingE
                0x0000f7f0      0x184 /tmp/cctctnU8.o
                0x0000f7f0                tflite::CalculateOpDataPooling(TfLiteContext const*, TfLitePoolParams const*, TfLiteTensor const*, TfLiteTensor const*, tflite::OpDataPooling*)
 .text._ZN6tflite14PoolingPrepareEP13TfLiteContextP10TfLiteNode
                0x0000f974      0x1ec /tmp/cctctnU8.o
                0x0000f974                tflite::PoolingPrepare(TfLiteContext*, TfLiteNode*)
 .text._ZN6tflite23AveragePoolingEvalFloatEPK13TfLiteContextPK10TfLiteNodePK16TfLitePoolParamsPKNS_13OpDataPoolingEPK16TfLiteEvalTensorPSC_
                0x0000fb60      0x43c /tmp/cctctnU8.o
                0x0000fb60                tflite::AveragePoolingEvalFloat(TfLiteContext const*, TfLiteNode const*, TfLitePoolParams const*, tflite::OpDataPooling const*, TfLiteEvalTensor const*, TfLiteEvalTensor*)
 .text._ZN6tflite12_GLOBAL__N_1L20EvalReshapeReferenceEP13TfLiteContextP10TfLiteNode
                0x0000ff9c       0xb4 /tmp/ccCWQg07.o
 .text._ZN6tflite16Register_RESHAPEEv
                0x00010050       0x3c /tmp/ccCWQg07.o
                0x00010050                tflite::Register_RESHAPE()
 .text._ZN6tflite23PrepareReshapeReferenceEP13TfLiteContextP10TfLiteNode
                0x0001008c      0x278 /tmp/ccVBwRsm.o
                0x0001008c                tflite::PrepareReshapeReference(TfLiteContext*, TfLiteNode*)
 .text._ZN6tflite13reference_ops12SoftmaxInt16ERKNS_13SoftmaxParamsERKNS_12RuntimeShapeEPKsS6_Ps
                0x00010304      0x424 /tmp/cc0MEt3s.o
                0x00010304                tflite::reference_ops::SoftmaxInt16(tflite::SoftmaxParams const&, tflite::RuntimeShape const&, short const*, tflite::RuntimeShape const&, short*)
 .text._ZN6tflite16Register_SOFTMAXEv
                0x00010728       0x40 /tmp/cc0MEt3s.o
                0x00010728                tflite::Register_SOFTMAX()
 .text._ZN8gemmlowp32one_over_one_plus_x_for_x_in_0_1IlEENS_10FixedPointIT_Li0EEES3_
                0x00010768      0x26c /tmp/cc0MEt3s.o
                0x00010768                gemmlowp::FixedPoint<long, 0> gemmlowp::one_over_one_plus_x_for_x_in_0_1<long>(gemmlowp::FixedPoint<long, 0>)
 .text._ZN8gemmlowp55exp_on_interval_between_negative_one_quarter_and_0_exclIlEENS_10FixedPointIT_Li0EEES3_
                0x000109d4      0x28c /tmp/cc0MEt3s.o
                0x000109d4                gemmlowp::FixedPoint<long, 0> gemmlowp::exp_on_interval_between_negative_one_quarter_and_0_excl<long>(gemmlowp::FixedPoint<long, 0>)
 .text._ZN8gemmlowp22exp_on_negative_valuesIlLi5EEENS_10FixedPointIT_Li0EEENS1_IS2_XT0_EEE
                0x00010c60      0x65c /tmp/cc0MEt3s.o
                0x00010c60                gemmlowp::FixedPoint<long, 0> gemmlowp::exp_on_negative_values<long, 5>(gemmlowp::FixedPoint<long, 5>)
 .text._ZN6tflite13reference_ops7SoftmaxIasEEvRKNS_13SoftmaxParamsERKNS_12RuntimeShapeEPKT_S7_PT0_
                0x000112bc      0x4dc /tmp/cc0MEt3s.o
                0x000112bc                void tflite::reference_ops::Softmax<signed char, short>(tflite::SoftmaxParams const&, tflite::RuntimeShape const&, signed char const*, tflite::RuntimeShape const&, short*)
 .text._ZN6tflite13reference_ops7SoftmaxIaaEEvRKNS_13SoftmaxParamsERKNS_12RuntimeShapeEPKT_S7_PT0_
                0x00011798      0x4e0 /tmp/cc0MEt3s.o
                0x00011798                void tflite::reference_ops::Softmax<signed char, signed char>(tflite::SoftmaxParams const&, tflite::RuntimeShape const&, signed char const*, tflite::RuntimeShape const&, signed char*)
 .text._ZN6tflite12_GLOBAL__N_1L11SoftmaxEvalEP13TfLiteContextP10TfLiteNode
                0x00011c78      0x3c4 /tmp/cc0MEt3s.o
 .text._ZN6tflite22CalculateSoftmaxParamsEP13TfLiteContextPK12TfLiteTensorPS2_PK19TfLiteSoftmaxParamsPNS_13SoftmaxParamsE
                0x0001203c      0x690 /tmp/ccBJ527X.o
                0x0001203c                tflite::CalculateSoftmaxParams(TfLiteContext*, TfLiteTensor const*, TfLiteTensor*, TfLiteSoftmaxParams const*, tflite::SoftmaxParams*)
 .text._ZN6tflite11SoftmaxInitEP13TfLiteContextPKcj
                0x000126cc        0xc /tmp/ccBJ527X.o
                0x000126cc                tflite::SoftmaxInit(TfLiteContext*, char const*, unsigned int)
 .text._ZN6tflite14SoftmaxPrepareEP13TfLiteContextP10TfLiteNode
                0x000126d8      0x100 /tmp/ccBJ527X.o
                0x000126d8                tflite::SoftmaxPrepare(TfLiteContext*, TfLiteNode*)
 .text._ZN6tflite5micro10RegisterOpEPFPvP13TfLiteContextPKcjEPF12TfLiteStatusS3_P10TfLiteNodeESC_PFvS3_S1_ESE_
                0x000127d8       0x20 /tmp/ccQcFYqd.o
                0x000127d8                tflite::micro::RegisterOp(void* (*)(TfLiteContext*, char const*, unsigned int), TfLiteStatus (*)(TfLiteContext*, TfLiteNode*), TfLiteStatus (*)(TfLiteContext*, TfLiteNode*), void (*)(TfLiteContext*, void*), void (*)(TfLiteContext*, void*))
 .text._ZN6tflite5micro12GetEvalInputEPK13TfLiteContextPK10TfLiteNodei
                0x000127f8       0x30 /tmp/ccQcFYqd.o
                0x000127f8                tflite::micro::GetEvalInput(TfLiteContext const*, TfLiteNode const*, int)
 .text._ZN6tflite5micro13GetEvalOutputEPK13TfLiteContextPK10TfLiteNodei
                0x00012828       0x18 /tmp/ccQcFYqd.o
                0x00012828                tflite::micro::GetEvalOutput(TfLiteContext const*, TfLiteNode const*, int)
 .text._ZN6tflite5micro14GetTensorShapeEPK16TfLiteEvalTensor
                0x00012840       0x54 /tmp/ccQcFYqd.o
                0x00012840                tflite::micro::GetTensorShape(TfLiteEvalTensor const*)
 .text._ZN6tflite5micro18RuntimePaddingTypeE13TfLitePadding
                0x00012894       0x18 /tmp/ccQcFYqd.o
                0x00012894                tflite::micro::RuntimePaddingType(TfLitePadding)
 .text._ZN6tflite5micro32CreateWritableTensorDimsWithCopyEP13TfLiteContextP12TfLiteTensorP16TfLiteEvalTensor
                0x000128ac       0xb4 /tmp/ccQcFYqd.o
                0x000128ac                tflite::micro::CreateWritableTensorDimsWithCopy(TfLiteContext*, TfLiteTensor*, TfLiteEvalTensor*)
 .text._ZN6tflite12tensor_utils23UnpackDenseInt4IntoInt8EPKaiPa
                0x00012960       0x68 /tmp/cceEnaTI.o
                0x00012960                tflite::tensor_utils::UnpackDenseInt4IntoInt8(signed char const*, int, signed char*)
 .text._ZN6tflite12_GLOBAL__N_1L37CalculateActivationRangeQuantizedImplEP13TfLiteContext21TfLiteFusedActivationllP12TfLiteTensorPlS6_.isra.0
                0x000129c8      0x2c8 /tmp/ccsyNiSz.o
 .text._ZN6tflite37PopulateConvolutionQuantizationParamsEP13TfLiteContextPK12TfLiteTensorS4_S4_PS2_RK21TfLiteFusedActivationPlPiS9_S9_S9_S9_i
                0x00012c90      0x404 /tmp/ccsyNiSz.o
                0x00012c90                tflite::PopulateConvolutionQuantizationParams(TfLiteContext*, TfLiteTensor const*, TfLiteTensor const*, TfLiteTensor const*, TfLiteTensor*, TfLiteFusedActivation const&, long*, int*, long*, long*, long*, long*, int)
 .text._ZN6tflite32GetQuantizedConvolutionMultiplerEP13TfLiteContextPK12TfLiteTensorS4_S4_PS2_Pd
                0x00013094      0x16c /tmp/ccsyNiSz.o
                0x00013094                tflite::GetQuantizedConvolutionMultipler(TfLiteContext*, TfLiteTensor const*, TfLiteTensor const*, TfLiteTensor const*, TfLiteTensor*, double*)
 .text._ZN6tflite33CalculateActivationRangeQuantizedEP13TfLiteContext21TfLiteFusedActivationP12TfLiteTensorPlS5_
                0x00013200       0x7c /tmp/ccsyNiSz.o
                0x00013200                tflite::CalculateActivationRangeQuantized(TfLiteContext*, TfLiteFusedActivation, TfLiteTensor*, long*, long*)
 .text.TfLiteIntArrayGetSizeInBytes
                0x0001327c        0xc /tmp/ccrTKvv4.o
                0x0001327c                TfLiteIntArrayGetSizeInBytes
 .text.TfLiteTypeGetName
                0x00013288       0x2c /tmp/ccrTKvv4.o
                0x00013288                TfLiteTypeGetName
 .text._ZN6tflite17ConvertTensorTypeENS_10TensorTypeEP10TfLiteTypePNS_13ErrorReporterE
                0x000132b4      0x130 /tmp/ccm9jGYC.o
                0x000132b4                tflite::ConvertTensorType(tflite::TensorType, TfLiteType*, tflite::ErrorReporter*)
 .text._ZN6tflite11ParseConv2DEPKNS_8OperatorEPNS_13ErrorReporterEPNS_20BuiltinDataAllocatorEPPv
                0x000133e4      0x250 /tmp/ccm9jGYC.o
                0x000133e4                tflite::ParseConv2D(tflite::Operator const*, tflite::ErrorReporter*, tflite::BuiltinDataAllocator*, void**)
 .text._ZN6tflite20ParseDepthwiseConv2DEPKNS_8OperatorEPNS_13ErrorReporterEPNS_20BuiltinDataAllocatorEPPv
                0x00013634      0x1d4 /tmp/ccm9jGYC.o
                0x00013634                tflite::ParseDepthwiseConv2D(tflite::Operator const*, tflite::ErrorReporter*, tflite::BuiltinDataAllocator*, void**)
 .text._ZN6tflite19ParseFullyConnectedEPKNS_8OperatorEPNS_13ErrorReporterEPNS_20BuiltinDataAllocatorEPPv
                0x00013808      0x254 /tmp/ccm9jGYC.o
                0x00013808                tflite::ParseFullyConnected(tflite::Operator const*, tflite::ErrorReporter*, tflite::BuiltinDataAllocator*, void**)
 .text._ZN6tflite9ParsePoolEPKNS_8OperatorEPNS_13ErrorReporterEPNS_20BuiltinDataAllocatorEPPv
                0x00013a5c      0x1b4 /tmp/ccm9jGYC.o
                0x00013a5c                tflite::ParsePool(tflite::Operator const*, tflite::ErrorReporter*, tflite::BuiltinDataAllocator*, void**)
 .text._ZN6tflite12ParseReshapeEPKNS_8OperatorEPNS_13ErrorReporterEPNS_20BuiltinDataAllocatorEPPv
                0x00013c10      0x154 /tmp/ccm9jGYC.o
                0x00013c10                tflite::ParseReshape(tflite::Operator const*, tflite::ErrorReporter*, tflite::BuiltinDataAllocator*, void**)
 .text._ZN6tflite12ParseSoftmaxEPKNS_8OperatorEPNS_13ErrorReporterEPNS_20BuiltinDataAllocatorEPPv
                0x00013d64       0xc8 /tmp/ccm9jGYC.o
                0x00013d64                tflite::ParseSoftmax(tflite::Operator const*, tflite::ErrorReporter*, tflite::BuiltinDataAllocator*, void**)
 .text._ZN6tflite14GetBuiltinCodeEPKNS_12OperatorCodeE
                0x00013e2c       0x70 /tmp/cc1knmd3.o
                0x00013e2c                tflite::GetBuiltinCode(tflite::OperatorCode const*)
 .text._ZN6tflite29MultiplyByQuantizedMultiplierElli
                0x00013e9c      0x134 /tmp/ccnZ41TH.o
                0x00013e9c                tflite::MultiplyByQuantizedMultiplier(long, long, int)
 .text._ZN6tflite29MultiplyByQuantizedMultiplierExli
                0x00013fd0       0xf0 /tmp/ccnZ41TH.o
                0x00013fd0                tflite::MultiplyByQuantizedMultiplier(long long, long, int)
 .text._ZN6tflite18QuantizeMultiplierEdPlPi.part.0
                0x000140c0       0x94 /tmp/ccShCfGX.o
 .text._ZN6tflite18QuantizeMultiplierEdPlPi
                0x00014154       0x88 /tmp/ccShCfGX.o
                0x00014154                tflite::QuantizeMultiplier(double, long*, int*)
 .text._ZN6tflite24PreprocessSoftmaxScalingEddiPlPi
                0x000141dc      0x100 /tmp/ccShCfGX.o
                0x000141dc                tflite::PreprocessSoftmaxScaling(double, double, int, long*, int*)
 .text._ZN6tflite20CalculateInputRadiusEiii
                0x000142dc       0xe8 /tmp/ccShCfGX.o
                0x000142dc                tflite::CalculateInputRadius(int, int, int)
 .text.floor    0x000143c4      0x218 /opt/riscv32i/lib/gcc/riscv32-unknown-elf/15.2.0/../../../../riscv32-unknown-elf/lib/libm.a(libm_a-s_floor.o)
                0x000143c4                floor
 .text.frexp    0x000145dc       0xbc /opt/riscv32i/lib/gcc/riscv32-unknown-elf/15.2.0/../../../../riscv32-unknown-elf/lib/libm.a(libm_a-s_frexp.o)
                0x000145dc                frexp
 .text.expf     0x00014698       0xa8 /opt/riscv32i/lib/gcc/riscv32-unknown-elf/15.2.0/../../../../riscv32-unknown-elf/lib/libm.a(libm_a-wf_exp.o)
                0x00014698                expf
 .text.round    0x00014740      0x104 /opt/riscv32i/lib/gcc/riscv32-unknown-elf/15.2.0/../../../../riscv32-unknown-elf/lib/libm.a(libm_a-s_round.o)
                0x00014740                round
 .text.roundf   0x00014844       0x8c /opt/riscv32i/lib/gcc/riscv32-unknown-elf/15.2.0/../../../../riscv32-unknown-elf/lib/libm.a(libm_a-sf_round.o)
                0x00014844                roundf
 .text.with_errnof
                0x000148d0       0x34 /opt/riscv32i/lib/gcc/riscv32-unknown-elf/15.2.0/../../../../riscv32-unknown-elf/lib/libm.a(libm_a-math_errf.o)
 .text.xflowf   0x00014904       0x40 /opt/riscv32i/lib/gcc/riscv32-unknown-elf/15.2.0/../../../../riscv32-unknown-elf/lib/libm.a(libm_a-math_errf.o)
 .text.__math_uflowf
                0x00014944        0xc /opt/riscv32i/lib/gcc/riscv32-unknown-elf/15.2.0/../../../../riscv32-unknown-elf/lib/libm.a(libm_a-math_errf.o)
                0x00014944                __math_uflowf
 .text.__math_oflowf
                0x00014950        0xc /opt/riscv32i/lib/gcc/riscv32-unknown-elf/15.2.0/../../../../riscv32-unknown-elf/lib/libm.a(libm_a-math_errf.o)
                0x00014950                __math_oflowf
 .text.finitef  0x0001495c       0x14 /opt/riscv32i/lib/gcc/riscv32-unknown-elf/15.2.0/../../../../riscv32-unknown-elf/lib/libm.a(libm_a-sf_finite.o)
                0x0001495c                finitef
 .text.__ieee754_expf
                0x00014970      0x3dc /opt/riscv32i/lib/gcc/riscv32-unknown-elf/15.2.0/../../../../riscv32-unknown-elf/lib/libm.a(libm_a-ef_exp.o)
                0x00014970                __ieee754_expf

.mailbox        0x20000000     0x1000
                0x20000000                        . = ALIGN (0x4)
                0x20000000                        __mailbox_start = .
                0x20001000                        . = (. + 0x1000)
 *fill*         0x20000000     0x1000 
                0x20001000                        __mailbox_end = .

.rodata         0x20001000     0xdaf8
                0x20001000                        . = ALIGN (0x4)
 *(.rodata)
 .rodata        0x20001000       0x3c /opt/riscv32i/lib/gcc/riscv32-unknown-elf/15.2.0/libgcc.a(divdf3.o)
 .rodata        0x2000103c       0x3c /opt/riscv32i/lib/gcc/riscv32-unknown-elf/15.2.0/libgcc.a(divsf3.o)
 .rodata        0x20001078      0x100 /opt/riscv32i/lib/gcc/riscv32-unknown-elf/15.2.0/libgcc.a(_clz.o)
                0x20001078                __clz_tab
 *(.rodata.*)
 .rodata._ZTVN6tflite22MicroMutableOpResolverILj6EEE
                0x20001178       0x1c /tmp/cc1WL0zF.o
                0x20001178                vtable for tflite::MicroMutableOpResolver<6u>
 .rodata.g_kws_inputs
                0x20001194      0x1ea /tmp/ccOAOaVk.o
                0x20001194                g_kws_inputs
 *fill*         0x2000137e        0x2 
 .rodata.g_kws_model_data
                0x20001380     0xd2b0 /tmp/ccZI5tkH.o
                0x20001380                g_kws_model_data
 .rodata._ZTVN6tflite23MicroInterpreterContextE
                0x2000e630       0x50 /tmp/ccCsz8XJ.o
                0x2000e630                vtable for tflite::MicroInterpreterContext
 .rodata._ZTVN6tflite12_GLOBAL__N_125MicroBuiltinDataAllocatorE
                0x2000e680       0x18 /tmp/ccFHq2Lb.o
 .rodata._ZTVN6tflite14MicroAllocatorE
                0x2000e698       0x4c /tmp/ccFHq2Lb.o
                0x2000e698                vtable for tflite::MicroAllocator
 .rodata._ZN6tflite12_GLOBAL__N_1L24kOfflineMemAllocMetadataE
                0x2000e6e4       0x18 /tmp/ccz7cc1r.o
 .rodata._ZTVN6tflite21MicroInterpreterGraphE
                0x2000e6fc       0x44 /tmp/ccaz5dpD.o
                0x2000e6fc                vtable for tflite::MicroInterpreterGraph
 .rodata._ZTVN6tflite18MicroErrorReporterE
                0x2000e740       0x14 /tmp/ccO7AxD0.o
                0x2000e740                vtable for tflite::MicroErrorReporter
 .rodata._ZTVN6tflite19GreedyMemoryPlannerE
                0x2000e754       0x30 /tmp/ccrNGcBw.o
                0x2000e754                vtable for tflite::GreedyMemoryPlanner
 .rodata._ZTVN6tflite19LinearMemoryPlannerE
                0x2000e784       0x30 /tmp/ccElLTlk.o
                0x2000e784                vtable for tflite::LinearMemoryPlanner
 .rodata._ZN6tflite16TfLiteTypeSizeOfE10TfLiteTypePj
                0x2000e7b4       0x28 /tmp/ccHzLWyo.o
 .rodata._ZTVN6tflite26SingleArenaBufferAllocatorE
                0x2000e7dc       0x5c /tmp/ccT6FsBU.o
                0x2000e7dc                vtable for tflite::SingleArenaBufferAllocator
 .rodata.TfLiteTypeGetName.str1.4
                0x2000e838       0xd2 /tmp/ccrTKvv4.o
                                  0xd (size before relaxing)
 .rodata.str1.4
                0x2000e90a        0x0 /tmp/ccrTKvv4.o
                                 0xbe (size before relaxing)
 *fill*         0x2000e90a        0x2 
 .rodata.CSWTCH.49
                0x2000e90c       0x58 /tmp/ccrTKvv4.o
 .rodata._ZN6tflite17ConvertTensorTypeENS_10TensorTypeEP10TfLiteTypePNS_13ErrorReporterE
                0x2000e964       0x54 /tmp/ccm9jGYC.o
 *(.srodata)
 *(.srodata.*)
 .srodata._ZN6tflite12_GLOBAL__N_1L19kZeroLengthIntArrayE
                0x2000e9b8        0x4 /tmp/ccFHq2Lb.o
 .srodata._ZN6tflite17kConvOutputTensorE
                0x2000e9bc        0x4 /tmp/cckDIvYk.o
                0x2000e9bc                tflite::kConvOutputTensor
 .srodata._ZN6tflite15kConvBiasTensorE
                0x2000e9c0        0x4 /tmp/cckDIvYk.o
                0x2000e9c0                tflite::kConvBiasTensor
 .srodata._ZN6tflite18kConvWeightsTensorE
                0x2000e9c4        0x4 /tmp/cckDIvYk.o
                0x2000e9c4                tflite::kConvWeightsTensor
 .srodata._ZN6tflite16kConvInputTensorE
                0x2000e9c8        0x4 /tmp/cckDIvYk.o
                0x2000e9c8                tflite::kConvInputTensor
 .srodata.cst4  0x2000e9cc       0x94 /tmp/cckDIvYk.o
                                 0x14 (size before relaxing)
 .srodata._ZN6tflite26kDepthwiseConvOutputTensorE
                0x2000ea60        0x4 /tmp/ccF5Qb4i.o
                0x2000ea60                tflite::kDepthwiseConvOutputTensor
 .srodata._ZN6tflite24kDepthwiseConvBiasTensorE
                0x2000ea64        0x4 /tmp/ccF5Qb4i.o
                0x2000ea64                tflite::kDepthwiseConvBiasTensor
 .srodata._ZN6tflite27kDepthwiseConvWeightsTensorE
                0x2000ea68        0x4 /tmp/ccF5Qb4i.o
                0x2000ea68                tflite::kDepthwiseConvWeightsTensor
 .srodata._ZN6tflite25kDepthwiseConvInputTensorE
                0x2000ea6c        0x4 /tmp/ccF5Qb4i.o
                0x2000ea6c                tflite::kDepthwiseConvInputTensor
 .srodata.cst4  0x2000ea70        0x0 /tmp/ccF5Qb4i.o
                                 0x14 (size before relaxing)
 .srodata._ZN6tflite27kFullyConnectedOutputTensorE
                0x2000ea70        0x4 /tmp/cc1TWbcA.o
                0x2000ea70                tflite::kFullyConnectedOutputTensor
 .srodata._ZN6tflite25kFullyConnectedBiasTensorE
                0x2000ea74        0x4 /tmp/cc1TWbcA.o
                0x2000ea74                tflite::kFullyConnectedBiasTensor
 .srodata._ZN6tflite28kFullyConnectedWeightsTensorE
                0x2000ea78        0x4 /tmp/cc1TWbcA.o
                0x2000ea78                tflite::kFullyConnectedWeightsTensor
 .srodata._ZN6tflite26kFullyConnectedInputTensorE
                0x2000ea7c        0x4 /tmp/cc1TWbcA.o
                0x2000ea7c                tflite::kFullyConnectedInputTensor
 .srodata.cst4  0x2000ea80        0x0 /tmp/cc1TWbcA.o
                                 0x14 (size before relaxing)
 .srodata._ZN6tflite20kPoolingOutputTensorE
                0x2000ea80        0x4 /tmp/cctctnU8.o
                0x2000ea80                tflite::kPoolingOutputTensor
 .srodata._ZN6tflite19kPoolingInputTensorE
                0x2000ea84        0x4 /tmp/cctctnU8.o
                0x2000ea84                tflite::kPoolingInputTensor
 .srodata.cst8  0x2000ea88       0x58 /tmp/cctctnU8.o
                                  0x8 (size before relaxing)
 .srodata.cst4  0x2000eae0        0x0 /tmp/cctctnU8.o
                                 0x14 (size before relaxing)
 .srodata.cst4  0x2000eae0        0x0 /tmp/cc0MEt3s.o
                                  0x4 (size before relaxing)
 .srodata.cst4  0x2000eae0        0x0 /tmp/ccBJ527X.o
                                 0x3c (size before relaxing)
 .srodata.cst8  0x2000eae0        0x0 /tmp/ccBJ527X.o
                                  0x8 (size before relaxing)
 .srodata.cst4  0x2000eae0        0x0 /tmp/ccsyNiSz.o
                                 0x10 (size before relaxing)
 .srodata.cst8  0x2000eae0        0x0 /tmp/ccsyNiSz.o
                                  0x8 (size before relaxing)
 .srodata.cst8  0x2000eae0        0x0 /tmp/ccShCfGX.o
                                 0x30 (size before relaxing)
 .srodata.cst8  0x2000eae0        0x0 /opt/riscv32i/lib/gcc/riscv32-unknown-elf/15.2.0/../../../../riscv32-unknown-elf/lib/libm.a(libm_a-s_floor.o)
                                  0x8 (size before relaxing)
 .srodata.cst8  0x2000eae0        0x0 /opt/riscv32i/lib/gcc/riscv32-unknown-elf/15.2.0/../../../../riscv32-unknown-elf/lib/libm.a(libm_a-s_frexp.o)
                                  0x8 (size before relaxing)
 .srodata.cst4  0x2000eae0        0x0 /opt/riscv32i/lib/gcc/riscv32-unknown-elf/15.2.0/../../../../riscv32-unknown-elf/lib/libm.a(libm_a-wf_exp.o)
                                  0xc (size before relaxing)
 .srodata.cst4  0x2000eae0        0x0 /opt/riscv32i/lib/gcc/riscv32-unknown-elf/15.2.0/../../../../riscv32-unknown-elf/lib/libm.a(libm_a-math_errf.o)
                                 0x10 (size before relaxing)
 .srodata.ln2LO
                0x2000eae0        0x8 /opt/riscv32i/lib/gcc/riscv32-unknown-elf/15.2.0/../../../../riscv32-unknown-elf/lib/libm.a(libm_a-ef_exp.o)
 .srodata.ln2HI
                0x2000eae8        0x8 /opt/riscv32i/lib/gcc/riscv32-unknown-elf/15.2.0/../../../../riscv32-unknown-elf/lib/libm.a(libm_a-ef_exp.o)
 .srodata.halF  0x2000eaf0        0x8 /opt/riscv32i/lib/gcc/riscv32-unknown-elf/15.2.0/../../../../riscv32-unknown-elf/lib/libm.a(libm_a-ef_exp.o)
 .srodata.cst4  0x2000eaf8        0x0 /opt/riscv32i/lib/gcc/riscv32-unknown-elf/15.2.0/../../../../riscv32-unknown-elf/lib/libm.a(libm_a-ef_exp.o)
                                 0x30 (size before relaxing)
                0x2000eaf8                        . = ALIGN (0x4)

.rela.dyn       0x2000eaf8        0x0
 .rela.text.init
                0x2000eaf8        0x0 /tmp/ccBCKc2W.o
 .rela.text.startup.main
                0x2000eaf8        0x0 /tmp/ccBCKc2W.o
 .rela.rodata._ZTVN6tflite22MicroMutableOpResolverILj6EEE
                0x2000eaf8        0x0 /tmp/ccBCKc2W.o
 .rela.text._ZN6tflite30MicroContextGetExternalContextEP13TfLiteContext25TfLiteExternalContextType
                0x2000eaf8        0x0 /tmp/ccBCKc2W.o
 .rela.text._ZN6tflite16MicroInterpreterC2EPKNS_5ModelERKNS_15MicroOpResolverEPhjPNS_22MicroResourceVariablesEPNS_22MicroProfilerInterfaceEb
                0x2000eaf8        0x0 /tmp/ccBCKc2W.o
 .rela.text._ZN6tflite23MicroInterpreterContextC2EPNS_14MicroAllocatorEPKNS_5ModelEPNS_21MicroInterpreterGraphE
                0x2000eaf8        0x0 /tmp/ccBCKc2W.o
 .rela.rodata._ZTVN6tflite23MicroInterpreterContextE
                0x2000eaf8        0x0 /tmp/ccBCKc2W.o
 .rela.text._ZN6tflite14MicroAllocator22CommitStaticMemoryPlanEPKNS_5ModelEPNS_19SubgraphAllocationsEPNS_19ScratchBufferHandleE
                0x2000eaf8        0x0 /tmp/ccBCKc2W.o
 .rela.text._ZN6tflite14MicroAllocator6CreateEPhjNS_17MemoryPlannerTypeE
                0x2000eaf8        0x0 /tmp/ccBCKc2W.o
 .rela.text._ZN6tflite21MicroInterpreterGraphC2EP13TfLiteContextPKNS_5ModelEPNS_14MicroAllocatorEPNS_22MicroResourceVariablesE
                0x2000eaf8        0x0 /tmp/ccBCKc2W.o
 .rela.rodata._ZTVN6tflite21MicroInterpreterGraphE
                0x2000eaf8        0x0 /tmp/ccBCKc2W.o
 .rela.text._ZN6tflite21GetMicroErrorReporterEv
                0x2000eaf8        0x0 /tmp/ccBCKc2W.o
 .rela.rodata._ZTVN6tflite18MicroErrorReporterE
                0x2000eaf8        0x0 /tmp/ccBCKc2W.o
 .rela.text._ZN6tflite19GreedyMemoryPlannerC2Ev
                0x2000eaf8        0x0 /tmp/ccBCKc2W.o
 .rela.rodata._ZTVN6tflite19GreedyMemoryPlannerE
                0x2000eaf8        0x0 /tmp/ccBCKc2W.o
 .rela.text._ZN6tflite19LinearMemoryPlannerC2Ev
                0x2000eaf8        0x0 /tmp/ccBCKc2W.o
 .rela.rodata._ZTVN6tflite19LinearMemoryPlannerE
                0x2000eaf8        0x0 /tmp/ccBCKc2W.o
 .rela.text._ZN6tflite26SingleArenaBufferAllocator6CreateEPhj
                0x2000eaf8        0x0 /tmp/ccBCKc2W.o

.data           0x2000eaf8        0x0
                0x2000eaf8                        . = ALIGN (0x4)
                0x2000eaf8                        __data_start = .
 *(.sdata)
 *(.sdata.*)
 *(.data)
 *(.data.*)
                0x2000eaf8                        . = ALIGN (0x4)
                0x2000eaf8                        __data_end = .

.bss            0x2000eb00    0x2d010
                0x2000eb00                        . = ALIGN (0x10)
                0x2000eb00                        __bss_start = .
 *(.sbss)
 *(.sbss.*)
 .sbss._ZZ7__errnoE5value
                0x2000eb00        0x4 /tmp/cc06bW53.o
 .sbss._ZN12_GLOBAL__N_1L15error_reporter_E
                0x2000eb04        0x4 /tmp/ccO7AxD0.o
 .sbss._ZN12_GLOBAL__N_1L27micro_error_reporter_bufferE
                0x2000eb08        0x4 /tmp/ccO7AxD0.o
 *(.bss)
 *(.bss.*)
 *fill*         0x2000eb0c        0x4 
 .bss._ZN12_GLOBAL__N_1L12tensor_arenaE
                0x2000eb10    0x2d000 /tmp/cc1WL0zF.o
 *(COMMON)
                0x2003bb10                        . = ALIGN (0x10)
                0x2003bb10                        __bss_end = .
                [!provide]                        PROVIDE (__result_base = ORIGIN (DMEM))
                [!provide]                        PROVIDE (__global_pointer$ = (__data_start + 0x800))
                0x20040000                        PROVIDE (_stack_top = (ORIGIN (DMEM) + LENGTH (DMEM)))

/DISCARD/
 *(.comment)
 *(.note*)
 *(.gnu*)
 *(.riscv.attributes)
 *(.eh_frame)
 *(.eh_frame.*)
 *(.init_array*)
 *(.fini_array*)
OUTPUT(/home/hosung/Ho/SoCLab workspace/RV32I-Project/TinyML/MLPerf_Tiny_standalone/build_rv32i/main_kws_rv32i.elf elf32-littleriscv)

.debug_info     0x00000000     0x55b4
 .debug_info    0x00000000      0x168 /opt/riscv32i/lib/gcc/riscv32-unknown-elf/15.2.0/libgcc.a(_clzsi2.o)
 .debug_info    0x00000168      0x582 /opt/riscv32i/lib/gcc/riscv32-unknown-elf/15.2.0/libgcc.a(adddf3.o)
 .debug_info    0x000006ea      0x901 /opt/riscv32i/lib/gcc/riscv32-unknown-elf/15.2.0/libgcc.a(divdf3.o)
 .debug_info    0x00000feb      0x248 /opt/riscv32i/lib/gcc/riscv32-unknown-elf/15.2.0/libgcc.a(eqdf2.o)
 .debug_info    0x00001233      0x25a /opt/riscv32i/lib/gcc/riscv32-unknown-elf/15.2.0/libgcc.a(gedf2.o)
 .debug_info    0x0000148d      0x25a /opt/riscv32i/lib/gcc/riscv32-unknown-elf/15.2.0/libgcc.a(ledf2.o)
 .debug_info    0x000016e7      0x9eb /opt/riscv32i/lib/gcc/riscv32-unknown-elf/15.2.0/libgcc.a(muldf3.o)
 .debug_info    0x000020d2      0x582 /opt/riscv32i/lib/gcc/riscv32-unknown-elf/15.2.0/libgcc.a(subdf3.o)
 .debug_info    0x00002654      0x1de /opt/riscv32i/lib/gcc/riscv32-unknown-elf/15.2.0/libgcc.a(fixdfsi.o)
 .debug_info    0x00002832      0x289 /opt/riscv32i/lib/gcc/riscv32-unknown-elf/15.2.0/libgcc.a(floatsidf.o)
 .debug_info    0x00002abb      0x1fd /opt/riscv32i/lib/gcc/riscv32-unknown-elf/15.2.0/libgcc.a(fixdfdi.o)
 .debug_info    0x00002cb8      0x2fa /opt/riscv32i/lib/gcc/riscv32-unknown-elf/15.2.0/libgcc.a(floatdidf.o)
 .debug_info    0x00002fb2      0x32d /opt/riscv32i/lib/gcc/riscv32-unknown-elf/15.2.0/libgcc.a(addsf3.o)
 .debug_info    0x000032df      0x42e /opt/riscv32i/lib/gcc/riscv32-unknown-elf/15.2.0/libgcc.a(divsf3.o)
 .debug_info    0x0000370d      0x219 /opt/riscv32i/lib/gcc/riscv32-unknown-elf/15.2.0/libgcc.a(eqsf2.o)
 .debug_info    0x00003926      0x22d /opt/riscv32i/lib/gcc/riscv32-unknown-elf/15.2.0/libgcc.a(gesf2.o)
 .debug_info    0x00003b53      0x22d /opt/riscv32i/lib/gcc/riscv32-unknown-elf/15.2.0/libgcc.a(lesf2.o)
 .debug_info    0x00003d80      0x445 /opt/riscv32i/lib/gcc/riscv32-unknown-elf/15.2.0/libgcc.a(mulsf3.o)
 .debug_info    0x000041c5      0x32d /opt/riscv32i/lib/gcc/riscv32-unknown-elf/15.2.0/libgcc.a(subsf3.o)
 .debug_info    0x000044f2      0x1ce /opt/riscv32i/lib/gcc/riscv32-unknown-elf/15.2.0/libgcc.a(fixsfsi.o)
 .debug_info    0x000046c0      0x23c /opt/riscv32i/lib/gcc/riscv32-unknown-elf/15.2.0/libgcc.a(floatsisf.o)
 .debug_info    0x000048fc      0x281 /opt/riscv32i/lib/gcc/riscv32-unknown-elf/15.2.0/libgcc.a(extendsfdf2.o)
 .debug_info    0x00004b7d      0x2c4 /opt/riscv32i/lib/gcc/riscv32-unknown-elf/15.2.0/libgcc.a(truncdfsf2.o)
 .debug_info    0x00004e41       0x31 /opt/riscv32i/lib/gcc/riscv32-unknown-elf/15.2.0/libgcc.a(muldi3.o)
 .debug_info    0x00004e72      0x273 /opt/riscv32i/lib/gcc/riscv32-unknown-elf/15.2.0/libgcc.a(multi3.o)
 .debug_info    0x000050e5       0x5f /opt/riscv32i/lib/gcc/riscv32-unknown-elf/15.2.0/libgcc.a(div.o)
 .debug_info    0x00005144      0x1bf /opt/riscv32i/lib/gcc/riscv32-unknown-elf/15.2.0/libgcc.a(_lshrdi3.o)
 .debug_info    0x00005303      0x1bf /opt/riscv32i/lib/gcc/riscv32-unknown-elf/15.2.0/libgcc.a(_ashldi3.o)
 .debug_info    0x000054c2       0xf2 /opt/riscv32i/lib/gcc/riscv32-unknown-elf/15.2.0/libgcc.a(_clz.o)

.debug_abbrev   0x00000000     0x2531
 .debug_abbrev  0x00000000       0xd9 /opt/riscv32i/lib/gcc/riscv32-unknown-elf/15.2.0/libgcc.a(_clzsi2.o)
 .debug_abbrev  0x000000d9      0x195 /opt/riscv32i/lib/gcc/riscv32-unknown-elf/15.2.0/libgcc.a(adddf3.o)
 .debug_abbrev  0x0000026e      0x19f /opt/riscv32i/lib/gcc/riscv32-unknown-elf/15.2.0/libgcc.a(divdf3.o)
 .debug_abbrev  0x0000040d      0x170 /opt/riscv32i/lib/gcc/riscv32-unknown-elf/15.2.0/libgcc.a(eqdf2.o)
 .debug_abbrev  0x0000057d      0x174 /opt/riscv32i/lib/gcc/riscv32-unknown-elf/15.2.0/libgcc.a(gedf2.o)
 .debug_abbrev  0x000006f1      0x174 /opt/riscv32i/lib/gcc/riscv32-unknown-elf/15.2.0/libgcc.a(ledf2.o)
 .debug_abbrev  0x00000865      0x1b1 /opt/riscv32i/lib/gcc/riscv32-unknown-elf/15.2.0/libgcc.a(muldf3.o)
 .debug_abbrev  0x00000a16      0x195 /opt/riscv32i/lib/gcc/riscv32-unknown-elf/15.2.0/libgcc.a(subdf3.o)
 .debug_abbrev  0x00000bab      0x15e /opt/riscv32i/lib/gcc/riscv32-unknown-elf/15.2.0/libgcc.a(fixdfsi.o)
 .debug_abbrev  0x00000d09      0x173 /opt/riscv32i/lib/gcc/riscv32-unknown-elf/15.2.0/libgcc.a(floatsidf.o)
 .debug_abbrev  0x00000e7c      0x171 /opt/riscv32i/lib/gcc/riscv32-unknown-elf/15.2.0/libgcc.a(fixdfdi.o)
 .debug_abbrev  0x00000fed      0x190 /opt/riscv32i/lib/gcc/riscv32-unknown-elf/15.2.0/libgcc.a(floatdidf.o)
 .debug_abbrev  0x0000117d      0x18c /opt/riscv32i/lib/gcc/riscv32-unknown-elf/15.2.0/libgcc.a(addsf3.o)
 .debug_abbrev  0x00001309      0x150 /opt/riscv32i/lib/gcc/riscv32-unknown-elf/15.2.0/libgcc.a(divsf3.o)
 .debug_abbrev  0x00001459      0x156 /opt/riscv32i/lib/gcc/riscv32-unknown-elf/15.2.0/libgcc.a(eqsf2.o)
 .debug_abbrev  0x000015af      0x168 /opt/riscv32i/lib/gcc/riscv32-unknown-elf/15.2.0/libgcc.a(gesf2.o)
 .debug_abbrev  0x00001717      0x168 /opt/riscv32i/lib/gcc/riscv32-unknown-elf/15.2.0/libgcc.a(lesf2.o)
 .debug_abbrev  0x0000187f      0x187 /opt/riscv32i/lib/gcc/riscv32-unknown-elf/15.2.0/libgcc.a(mulsf3.o)
 .debug_abbrev  0x00001a06      0x18c /opt/riscv32i/lib/gcc/riscv32-unknown-elf/15.2.0/libgcc.a(subsf3.o)
 .debug_abbrev  0x00001b92      0x15b /opt/riscv32i/lib/gcc/riscv32-unknown-elf/15.2.0/libgcc.a(fixsfsi.o)
 .debug_abbrev  0x00001ced      0x17c /opt/riscv32i/lib/gcc/riscv32-unknown-elf/15.2.0/libgcc.a(floatsisf.o)
 .debug_abbrev  0x00001e69      0x16a /opt/riscv32i/lib/gcc/riscv32-unknown-elf/15.2.0/libgcc.a(extendsfdf2.o)
 .debug_abbrev  0x00001fd3      0x14b /opt/riscv32i/lib/gcc/riscv32-unknown-elf/15.2.0/libgcc.a(truncdfsf2.o)
 .debug_abbrev  0x0000211e       0x28 /opt/riscv32i/lib/gcc/riscv32-unknown-elf/15.2.0/libgcc.a(muldi3.o)
 .debug_abbrev  0x00002146      0x125 /opt/riscv32i/lib/gcc/riscv32-unknown-elf/15.2.0/libgcc.a(multi3.o)
 .debug_abbrev  0x0000226b       0x28 /opt/riscv32i/lib/gcc/riscv32-unknown-elf/15.2.0/libgcc.a(div.o)
 .debug_abbrev  0x00002293      0x114 /opt/riscv32i/lib/gcc/riscv32-unknown-elf/15.2.0/libgcc.a(_lshrdi3.o)
 .debug_abbrev  0x000023a7      0x114 /opt/riscv32i/lib/gcc/riscv32-unknown-elf/15.2.0/libgcc.a(_ashldi3.o)
 .debug_abbrev  0x000024bb       0x76 /opt/riscv32i/lib/gcc/riscv32-unknown-elf/15.2.0/libgcc.a(_clz.o)

.debug_loclists
                0x00000000     0x6ed8
 .debug_loclists
                0x00000000       0x52 /opt/riscv32i/lib/gcc/riscv32-unknown-elf/15.2.0/libgcc.a(_clzsi2.o)
 .debug_loclists
                0x00000052      0xf7b /opt/riscv32i/lib/gcc/riscv32-unknown-elf/15.2.0/libgcc.a(adddf3.o)
 .debug_loclists
                0x00000fcd      0xf69 /opt/riscv32i/lib/gcc/riscv32-unknown-elf/15.2.0/libgcc.a(divdf3.o)
 .debug_loclists
                0x00001f36       0xa0 /opt/riscv32i/lib/gcc/riscv32-unknown-elf/15.2.0/libgcc.a(eqdf2.o)
 .debug_loclists
                0x00001fd6       0xff /opt/riscv32i/lib/gcc/riscv32-unknown-elf/15.2.0/libgcc.a(gedf2.o)
 .debug_loclists
                0x000020d5       0xff /opt/riscv32i/lib/gcc/riscv32-unknown-elf/15.2.0/libgcc.a(ledf2.o)
 .debug_loclists
                0x000021d4      0xb9d /opt/riscv32i/lib/gcc/riscv32-unknown-elf/15.2.0/libgcc.a(muldf3.o)
 .debug_loclists
                0x00002d71      0xf7e /opt/riscv32i/lib/gcc/riscv32-unknown-elf/15.2.0/libgcc.a(subdf3.o)
 .debug_loclists
                0x00003cef       0xe5 /opt/riscv32i/lib/gcc/riscv32-unknown-elf/15.2.0/libgcc.a(fixdfsi.o)
 .debug_loclists
                0x00003dd4      0x102 /opt/riscv32i/lib/gcc/riscv32-unknown-elf/15.2.0/libgcc.a(floatsidf.o)
 .debug_loclists
                0x00003ed6      0x1b7 /opt/riscv32i/lib/gcc/riscv32-unknown-elf/15.2.0/libgcc.a(fixdfdi.o)
 .debug_loclists
                0x0000408d      0x228 /opt/riscv32i/lib/gcc/riscv32-unknown-elf/15.2.0/libgcc.a(floatdidf.o)
 .debug_loclists
                0x000042b5      0xbed /opt/riscv32i/lib/gcc/riscv32-unknown-elf/15.2.0/libgcc.a(addsf3.o)
 .debug_loclists
                0x00004ea2      0x714 /opt/riscv32i/lib/gcc/riscv32-unknown-elf/15.2.0/libgcc.a(divsf3.o)
 .debug_loclists
                0x000055b6       0x6d /opt/riscv32i/lib/gcc/riscv32-unknown-elf/15.2.0/libgcc.a(eqsf2.o)
 .debug_loclists
                0x00005623       0xac /opt/riscv32i/lib/gcc/riscv32-unknown-elf/15.2.0/libgcc.a(gesf2.o)
 .debug_loclists
                0x000056cf       0xac /opt/riscv32i/lib/gcc/riscv32-unknown-elf/15.2.0/libgcc.a(lesf2.o)
 .debug_loclists
                0x0000577b      0x4b3 /opt/riscv32i/lib/gcc/riscv32-unknown-elf/15.2.0/libgcc.a(mulsf3.o)
 .debug_loclists
                0x00005c2e      0x92a /opt/riscv32i/lib/gcc/riscv32-unknown-elf/15.2.0/libgcc.a(subsf3.o)
 .debug_loclists
                0x00006558       0xc4 /opt/riscv32i/lib/gcc/riscv32-unknown-elf/15.2.0/libgcc.a(fixsfsi.o)
 .debug_loclists
                0x0000661c      0x1ea /opt/riscv32i/lib/gcc/riscv32-unknown-elf/15.2.0/libgcc.a(floatsisf.o)
 .debug_loclists
                0x00006806      0x197 /opt/riscv32i/lib/gcc/riscv32-unknown-elf/15.2.0/libgcc.a(extendsfdf2.o)
 .debug_loclists
                0x0000699d      0x30a /opt/riscv32i/lib/gcc/riscv32-unknown-elf/15.2.0/libgcc.a(truncdfsf2.o)
 .debug_loclists
                0x00006ca7       0xfb /opt/riscv32i/lib/gcc/riscv32-unknown-elf/15.2.0/libgcc.a(multi3.o)
 .debug_loclists
                0x00006da2       0x9b /opt/riscv32i/lib/gcc/riscv32-unknown-elf/15.2.0/libgcc.a(_lshrdi3.o)
 .debug_loclists
                0x00006e3d       0x9b /opt/riscv32i/lib/gcc/riscv32-unknown-elf/15.2.0/libgcc.a(_ashldi3.o)

.debug_aranges  0x00000000      0x398
 .debug_aranges
                0x00000000       0x20 /opt/riscv32i/lib/gcc/riscv32-unknown-elf/15.2.0/libgcc.a(_clzsi2.o)
 .debug_aranges
                0x00000020       0x20 /opt/riscv32i/lib/gcc/riscv32-unknown-elf/15.2.0/libgcc.a(adddf3.o)
 .debug_aranges
                0x00000040       0x20 /opt/riscv32i/lib/gcc/riscv32-unknown-elf/15.2.0/libgcc.a(divdf3.o)
 .debug_aranges
                0x00000060       0x20 /opt/riscv32i/lib/gcc/riscv32-unknown-elf/15.2.0/libgcc.a(eqdf2.o)
 .debug_aranges
                0x00000080       0x20 /opt/riscv32i/lib/gcc/riscv32-unknown-elf/15.2.0/libgcc.a(gedf2.o)
 .debug_aranges
                0x000000a0       0x20 /opt/riscv32i/lib/gcc/riscv32-unknown-elf/15.2.0/libgcc.a(ledf2.o)
 .debug_aranges
                0x000000c0       0x20 /opt/riscv32i/lib/gcc/riscv32-unknown-elf/15.2.0/libgcc.a(muldf3.o)
 .debug_aranges
                0x000000e0       0x20 /opt/riscv32i/lib/gcc/riscv32-unknown-elf/15.2.0/libgcc.a(subdf3.o)
 .debug_aranges
                0x00000100       0x20 /opt/riscv32i/lib/gcc/riscv32-unknown-elf/15.2.0/libgcc.a(fixdfsi.o)
 .debug_aranges
                0x00000120       0x20 /opt/riscv32i/lib/gcc/riscv32-unknown-elf/15.2.0/libgcc.a(floatsidf.o)
 .debug_aranges
                0x00000140       0x20 /opt/riscv32i/lib/gcc/riscv32-unknown-elf/15.2.0/libgcc.a(fixdfdi.o)
 .debug_aranges
                0x00000160       0x20 /opt/riscv32i/lib/gcc/riscv32-unknown-elf/15.2.0/libgcc.a(floatdidf.o)
 .debug_aranges
                0x00000180       0x20 /opt/riscv32i/lib/gcc/riscv32-unknown-elf/15.2.0/libgcc.a(addsf3.o)
 .debug_aranges
                0x000001a0       0x20 /opt/riscv32i/lib/gcc/riscv32-unknown-elf/15.2.0/libgcc.a(divsf3.o)
 .debug_aranges
                0x000001c0       0x20 /opt/riscv32i/lib/gcc/riscv32-unknown-elf/15.2.0/libgcc.a(eqsf2.o)
 .debug_aranges
                0x000001e0       0x20 /opt/riscv32i/lib/gcc/riscv32-unknown-elf/15.2.0/libgcc.a(gesf2.o)
 .debug_aranges
                0x00000200       0x20 /opt/riscv32i/lib/gcc/riscv32-unknown-elf/15.2.0/libgcc.a(lesf2.o)
 .debug_aranges
                0x00000220       0x20 /opt/riscv32i/lib/gcc/riscv32-unknown-elf/15.2.0/libgcc.a(mulsf3.o)
 .debug_aranges
                0x00000240       0x20 /opt/riscv32i/lib/gcc/riscv32-unknown-elf/15.2.0/libgcc.a(subsf3.o)
 .debug_aranges
                0x00000260       0x20 /opt/riscv32i/lib/gcc/riscv32-unknown-elf/15.2.0/libgcc.a(fixsfsi.o)
 .debug_aranges
                0x00000280       0x20 /opt/riscv32i/lib/gcc/riscv32-unknown-elf/15.2.0/libgcc.a(floatsisf.o)
 .debug_aranges
                0x000002a0       0x20 /opt/riscv32i/lib/gcc/riscv32-unknown-elf/15.2.0/libgcc.a(extendsfdf2.o)
 .debug_aranges
                0x000002c0       0x20 /opt/riscv32i/lib/gcc/riscv32-unknown-elf/15.2.0/libgcc.a(truncdfsf2.o)
 .debug_aranges
                0x000002e0       0x20 /opt/riscv32i/lib/gcc/riscv32-unknown-elf/15.2.0/libgcc.a(muldi3.o)
 .debug_aranges
                0x00000300       0x20 /opt/riscv32i/lib/gcc/riscv32-unknown-elf/15.2.0/libgcc.a(multi3.o)
 .debug_aranges
                0x00000320       0x20 /opt/riscv32i/lib/gcc/riscv32-unknown-elf/15.2.0/libgcc.a(div.o)
 .debug_aranges
                0x00000340       0x20 /opt/riscv32i/lib/gcc/riscv32-unknown-elf/15.2.0/libgcc.a(_lshrdi3.o)
 .debug_aranges
                0x00000360       0x20 /opt/riscv32i/lib/gcc/riscv32-unknown-elf/15.2.0/libgcc.a(_ashldi3.o)
 .debug_aranges
                0x00000380       0x18 /opt/riscv32i/lib/gcc/riscv32-unknown-elf/15.2.0/libgcc.a(_clz.o)

.debug_rnglists
                0x00000000      0x8c3
 .debug_rnglists
                0x00000000       0x16 /opt/riscv32i/lib/gcc/riscv32-unknown-elf/15.2.0/libgcc.a(_clzsi2.o)
 .debug_rnglists
                0x00000016       0xe9 /opt/riscv32i/lib/gcc/riscv32-unknown-elf/15.2.0/libgcc.a(adddf3.o)
 .debug_rnglists
                0x000000ff      0x128 /opt/riscv32i/lib/gcc/riscv32-unknown-elf/15.2.0/libgcc.a(divdf3.o)
 .debug_rnglists
                0x00000227       0x20 /opt/riscv32i/lib/gcc/riscv32-unknown-elf/15.2.0/libgcc.a(eqdf2.o)
 .debug_rnglists
                0x00000247       0x26 /opt/riscv32i/lib/gcc/riscv32-unknown-elf/15.2.0/libgcc.a(gedf2.o)
 .debug_rnglists
                0x0000026d       0x26 /opt/riscv32i/lib/gcc/riscv32-unknown-elf/15.2.0/libgcc.a(ledf2.o)
 .debug_rnglists
                0x00000293      0x146 /opt/riscv32i/lib/gcc/riscv32-unknown-elf/15.2.0/libgcc.a(muldf3.o)
 .debug_rnglists
                0x000003d9       0xec /opt/riscv32i/lib/gcc/riscv32-unknown-elf/15.2.0/libgcc.a(subdf3.o)
 .debug_rnglists
                0x000004c5       0x13 /opt/riscv32i/lib/gcc/riscv32-unknown-elf/15.2.0/libgcc.a(fixdfsi.o)
 .debug_rnglists