Archive member included to satisfy reference by file (symbol)

/opt/riscv32i/lib/gcc/riscv32-unknown-elf/15.2.0/../../../../riscv32-unknown-elf/lib/libm.a(libm_a-w_pow.o)
                              /tmp/ccc1PIgy.o (pow)
/opt/riscv32i/lib/gcc/riscv32-unknown-elf/15.2.0/../../../../riscv32-unknown-elf/lib/libm.a(libm_a-s_floor.o)
                              /tmp/ccTse5mD.o (floor)
/opt/riscv32i/lib/gcc/riscv32-unknown-elf/15.2.0/../../../../riscv32-unknown-elf/lib/libm.a(libm_a-s_frexp.o)
                              /tmp/ccTse5mD.o (frexp)
/opt/riscv32i/lib/gcc/riscv32-unknown-elf/15.2.0/../../../../riscv32-unknown-elf/lib/libm.a(libm_a-wf_exp.o)
                              /tmp/ccf65hIK.o (expf)
/opt/riscv32i/lib/gcc/riscv32-unknown-elf/15.2.0/../../../../riscv32-unknown-elf/lib/libm.a(libm_a-wf_log.o)
                              /tmp/ccTse5mD.o (logf)
/opt/riscv32i/lib/gcc/riscv32-unknown-elf/15.2.0/../../../../riscv32-unknown-elf/lib/libm.a(libm_a-wf_sqrt.o)
                              /tmp/ccc1PIgy.o (sqrtf)
/opt/riscv32i/lib/gcc/riscv32-unknown-elf/15.2.0/../../../../riscv32-unknown-elf/lib/libm.a(libm_a-sf_tanh.o)
                              /tmp/ccc1PIgy.o (tanhf)
/opt/riscv32i/lib/gcc/riscv32-unknown-elf/15.2.0/../../../../riscv32-unknown-elf/lib/libm.a(libm_a-s_round.o)
                              /tmp/ccc1PIgy.o (round)
/opt/riscv32i/lib/gcc/riscv32-unknown-elf/15.2.0/../../../../riscv32-unknown-elf/lib/libm.a(libm_a-sf_expm1.o)
                              /opt/riscv32i/lib/gcc/riscv32-unknown-elf/15.2.0/../../../../riscv32-unknown-elf/lib/libm.a(libm_a-sf_tanh.o) (expm1f)
/opt/riscv32i/lib/gcc/riscv32-unknown-elf/15.2.0/../../../../riscv32-unknown-elf/lib/libm.a(libm_a-sf_nan.o)
                              /opt/riscv32i/lib/gcc/riscv32-unknown-elf/15.2.0/../../../../riscv32-unknown-elf/lib/libm.a(libm_a-wf_log.o) (nanf)
/opt/riscv32i/lib/gcc/riscv32-unknown-elf/15.2.0/../../../../riscv32-unknown-elf/lib/libm.a(libm_a-sf_round.o)
                              /tmp/ccAYuUQd.o (roundf)
/opt/riscv32i/lib/gcc/riscv32-unknown-elf/15.2.0/../../../../riscv32-unknown-elf/lib/libm.a(libm_a-math_errf.o)
                              /opt/riscv32i/lib/gcc/riscv32-unknown-elf/15.2.0/../../../../riscv32-unknown-elf/lib/libm.a(libm_a-sf_expm1.o) (__math_oflowf)
/opt/riscv32i/lib/gcc/riscv32-unknown-elf/15.2.0/../../../../riscv32-unknown-elf/lib/libm.a(libm_a-ef_sqrt.o)
                              /opt/riscv32i/lib/gcc/riscv32-unknown-elf/15.2.0/../../../../riscv32-unknown-elf/lib/libm.a(libm_a-wf_sqrt.o) (__ieee754_sqrtf)
/opt/riscv32i/lib/gcc/riscv32-unknown-elf/15.2.0/../../../../riscv32-unknown-elf/lib/libm.a(libm_a-sf_fmax.o)
                              /tmp/ccAYuUQd.o (fmaxf)
/opt/riscv32i/lib/gcc/riscv32-unknown-elf/15.2.0/../../../../riscv32-unknown-elf/lib/libm.a(libm_a-sf_fmin.o)
                              /tmp/ccAYuUQd.o (fminf)
/opt/riscv32i/lib/gcc/riscv32-unknown-elf/15.2.0/../../../../riscv32-unknown-elf/lib/libm.a(libm_a-s_fabs.o)
                              /tmp/ccAYuUQd.o (fabs)
/opt/riscv32i/lib/gcc/riscv32-unknown-elf/15.2.0/../../../../riscv32-unknown-elf/lib/libm.a(libm_a-sf_fabs.o)
                              /opt/riscv32i/lib/gcc/riscv32-unknown-elf/15.2.0/../../../../riscv32-unknown-elf/lib/libm.a(libm_a-sf_tanh.o) (fabsf)
/opt/riscv32i/lib/gcc/riscv32-unknown-elf/15.2.0/../../../../riscv32-unknown-elf/lib/libm.a(libm_a-sf_fpclassify.o)
                              /opt/riscv32i/lib/gcc/riscv32-unknown-elf/15.2.0/../../../../riscv32-unknown-elf/lib/libm.a(libm_a-sf_fmax.o) (__fpclassifyf)
/opt/riscv32i/lib/gcc/riscv32-unknown-elf/15.2.0/../../../../riscv32-unknown-elf/lib/libm.a(libm_a-s_finite.o)
                              /opt/riscv32i/lib/gcc/riscv32-unknown-elf/15.2.0/../../../../riscv32-unknown-elf/lib/libm.a(libm_a-w_pow.o) (finite)
/opt/riscv32i/lib/gcc/riscv32-unknown-elf/15.2.0/../../../../riscv32-unknown-elf/lib/libm.a(libm_a-sf_finite.o)
                              /opt/riscv32i/lib/gcc/riscv32-unknown-elf/15.2.0/../../../../riscv32-unknown-elf/lib/libm.a(libm_a-wf_exp.o) (finitef)
/opt/riscv32i/lib/gcc/riscv32-unknown-elf/15.2.0/../../../../riscv32-unknown-elf/lib/libm.a(libm_a-e_pow.o)
                              /opt/riscv32i/lib/gcc/riscv32-unknown-elf/15.2.0/../../../../riscv32-unknown-elf/lib/libm.a(libm_a-w_pow.o) (__ieee754_pow)
/opt/riscv32i/lib/gcc/riscv32-unknown-elf/15.2.0/../../../../riscv32-unknown-elf/lib/libm.a(libm_a-ef_exp.o)
                              /opt/riscv32i/lib/gcc/riscv32-unknown-elf/15.2.0/../../../../riscv32-unknown-elf/lib/libm.a(libm_a-wf_exp.o) (__ieee754_expf)
/opt/riscv32i/lib/gcc/riscv32-unknown-elf/15.2.0/../../../../riscv32-unknown-elf/lib/libm.a(libm_a-ef_log.o)
                              /opt/riscv32i/lib/gcc/riscv32-unknown-elf/15.2.0/../../../../riscv32-unknown-elf/lib/libm.a(libm_a-wf_log.o) (__ieee754_logf)
[...]
Memory Configuration

Name             Origin             Length             Attributes
IMEM             0x00000000         0x00080000         xr
DMEM             0x20000000         0x00040000         xrw
*default*        0x00000000         0xffffffff

Linker script and memory map

LOAD /tmp/cceFS9J7.o
LOAD /tmp/cciZVbVk.o
LOAD /tmp/cci6H5nW.o
LOAD /tmp/cczH4Mhs.o
LOAD /tmp/cc4vMp9K.o
LOAD /tmp/ccZyNWlG.o
LOAD /tmp/ccDugpEc.o
LOAD /tmp/ccJYVXY5.o
LOAD /tmp/ccNyN07d.o
LOAD /tmp/ccrhuSA1.o
LOAD /tmp/ccIPUQkJ.o
LOAD /tmp/ccIceoIm.o
LOAD /tmp/ccJTLIzM.o
LOAD /tmp/ccM7XB2n.o
LOAD /tmp/cc010Cu6.o
LOAD /tmp/cc2jy3T6.o
LOAD /tmp/ccrOyNab.o
LOAD /tmp/ccAYuUQd.o
LOAD /tmp/cc0gdPi9.o
LOAD /tmp/ccIiJhWH.o
LOAD /tmp/ccRgHsjy.o
LOAD /tmp/cc9Fi3ZI.o
LOAD /tmp/cci2qO0W.o
LOAD /tmp/ccf9w2RA.o
LOAD /tmp/cce7bBCO.o
LOAD /tmp/ccCGaLL7.o
LOAD /tmp/cc3qvjiK.o
LOAD /tmp/ccPyqsD6.o
LOAD /tmp/ccAAxQuE.o
LOAD /tmp/ccoWUfvi.o
LOAD /tmp/ccHFTnoE.o
LOAD /tmp/ccxvCRPr.o
LOAD /tmp/ccqoyTj4.o
LOAD /tmp/cc1ScNNt.o
LOAD /tmp/ccLfibv8.o
LOAD /tmp/cc7FqWoF.o
LOAD /tmp/cc1woGQ5.o
LOAD /tmp/cc0UMRy2.o
LOAD /tmp/ccf65hIK.o
LOAD /tmp/ccoaNgP8.o
LOAD /tmp/ccStiOVO.o
LOAD /tmp/cc5Q32mX.o
LOAD /tmp/ccbqjTNg.o
LOAD /tmp/ccc1PIgy.o
LOAD /tmp/ccIR1pe5.o
LOAD /tmp/ccZ9p8mN.o
LOAD /tmp/ccmNlzFi.o
LOAD /tmp/cc0ASS7V.o
LOAD /tmp/cci6dtPO.o
LOAD /tmp/cc7syEgc.o
LOAD /tmp/ccswKA9F.o
LOAD /tmp/ccTse5mD.o
LOAD /tmp/cc18G4yk.o
LOAD /opt/riscv32i/lib/gcc/riscv32-unknown-elf/15.2.0/../../../../riscv32-unknown-elf/lib/libm.a
LOAD /opt/riscv32i/lib/gcc/riscv32-unknown-elf/15.2.0/libgcc.a

.text           0x00000000    0x14cd4
                0x00000000                        . = ALIGN (0x4)
 *(.text.init)
 .text.init     0x00000000       0x30 /tmp/cceFS9J7.o
                0x00000000                _start
 *(.text)
 .text          0x00000030       0x4c /opt/riscv32i/lib/gcc/riscv32-unknown-elf/15.2.0/libgcc.a(_clzsi2.o)
                0x00000030                __clzsi2
 .text          0x0000007c      0x74c /opt/riscv32i/lib/gcc/riscv32-unknown-elf/15.2.0/libgcc.a(adddf3.o)
                0x0000007c                __adddf3
 .text          0x000007c8      0x7c4 /opt/riscv32i/lib/gcc/riscv32-unknown-elf/15.2.0/libgcc.a(divdf3.o)
                0x000007c8                __divdf3
 .text          0x00000f8c       0x84 /opt/riscv32i/lib/gcc/riscv32-unknown-elf/15.2.0/libgcc.a(eqdf2.o)
                0x00000f8c                __eqdf2
                0x00000f8c                __nedf2
 .text          0x00001010       0xd8 /opt/riscv32i/lib/gcc/riscv32-unknown-elf/15.2.0/libgcc.a(gedf2.o)
                0x00001010                __gtdf2
                0x00001010                __gedf2
 .text          0x000010e8       0xd8 /opt/riscv32i/lib/gcc/riscv32-unknown-elf/15.2.0/libgcc.a(ledf2.o)
                0x000010e8                __ltdf2
                0x000010e8                __ledf2
 .text          0x000011c0      0x69c /opt/riscv32i/lib/gcc/riscv32-unknown-elf/15.2.0/libgcc.a(muldf3.o)
                0x000011c0                __muldf3
 .text          0x0000185c      0x760 /opt/riscv32i/lib/gcc/riscv32-unknown-elf/15.2.0/libgcc.a(subdf3.o)
                0x0000185c                __subdf3
 .text          0x00001fbc       0x7c /opt/riscv32i/lib/gcc/riscv32-unknown-elf/15.2.0/libgcc.a(fixdfsi.o)
                0x00001fbc                __fixdfsi
 .text          0x00002038       0xa0 /opt/riscv32i/lib/gcc/riscv32-unknown-elf/15.2.0/libgcc.a(floatsidf.o)
                0x00002038                __floatsidf
 .text          0x000020d8       0xc4 /opt/riscv32i/lib/gcc/riscv32-unknown-elf/15.2.0/libgcc.a(fixdfdi.o)
                0x000020d8                __fixdfdi
 .text          0x0000219c      0x1f0 /opt/riscv32i/lib/gcc/riscv32-unknown-elf/15.2.0/libgcc.a(floatdidf.o)
                0x0000219c                __floatdidf
 .text          0x0000238c      0x42c /opt/riscv32i/lib/gcc/riscv32-unknown-elf/15.2.0/libgcc.a(addsf3.o)
                0x0000238c                __addsf3
 .text          0x000027b8      0x374 /opt/riscv32i/lib/gcc/riscv32-unknown-elf/15.2.0/libgcc.a(divsf3.o)
                0x000027b8                __divsf3
 .text          0x00002b2c       0x6c /opt/riscv32i/lib/gcc/riscv32-unknown-elf/15.2.0/libgcc.a(eqsf2.o)
                0x00002b2c                __nesf2
                0x00002b2c                __eqsf2
 .text          0x00002b98       0x98 /opt/riscv32i/lib/gcc/riscv32-unknown-elf/15.2.0/libgcc.a(gesf2.o)
                0x00002b98                __gtsf2
                0x00002b98                __gesf2
 .text          0x00002c30       0x98 /opt/riscv32i/lib/gcc/riscv32-unknown-elf/15.2.0/libgcc.a(lesf2.o)
                0x00002c30                __lesf2
                0x00002c30                __ltsf2
 .text          0x00002cc8      0x348 /opt/riscv32i/lib/gcc/riscv32-unknown-elf/15.2.0/libgcc.a(mulsf3.o)
                0x00002cc8                __mulsf3
 .text          0x00003010      0x444 /opt/riscv32i/lib/gcc/riscv32-unknown-elf/15.2.0/libgcc.a(subsf3.o)
                0x00003010                __subsf3
 .text          0x00003454       0x70 /opt/riscv32i/lib/gcc/riscv32-unknown-elf/15.2.0/libgcc.a(fixsfsi.o)
                0x00003454                __fixsfsi
 .text          0x000034c4      0x10c /opt/riscv32i/lib/gcc/riscv32-unknown-elf/15.2.0/libgcc.a(floatsisf.o)
                0x000034c4                __floatsisf
 .text          0x000035d0       0xd8 /opt/riscv32i/lib/gcc/riscv32-unknown-elf/15.2.0/libgcc.a(extendsfdf2.o)
                0x000035d0                __extendsfdf2
 .text          0x000036a8      0x144 /opt/riscv32i/lib/gcc/riscv32-unknown-elf/15.2.0/libgcc.a(truncdfsf2.o)
                0x000036a8                __truncdfsf2
 .text          0x000037ec       0x24 /opt/riscv32i/lib/gcc/riscv32-unknown-elf/15.2.0/libgcc.a(muldi3.o)
                0x000037ec                __mulsi3
 .text          0x00003810       0x8c /opt/riscv32i/lib/gcc/riscv32-unknown-elf/15.2.0/libgcc.a(multi3.o)
                0x00003810                __muldi3
 .text          0x0000389c       0xb4 /opt/riscv32i/lib/gcc/riscv32-unknown-elf/15.2.0/libgcc.a(div.o)
                0x0000389c                __divsi3
                0x000038a4                __hidden___udivsi3
                0x000038a4                __udivsi3
                0x000038ec                __umodsi3
                0x00003920                __modsi3
 .text          0x00003950       0x3c /opt/riscv32i/lib/gcc/riscv32-unknown-elf/15.2.0/libgcc.a(_lshrdi3.o)
                0x00003950                __lshrdi3
 .text          0x0000398c       0x3c /opt/riscv32i/lib/gcc/riscv32-unknown-elf/15.2.0/libgcc.a(_ashldi3.o)
                0x0000398c                __ashldi3
 *(.text.*)
 .text._ZN6tflite22MicroMutableOpResolverILj6EED2Ev
                0x000039c8        0x4 /tmp/cciZVbVk.o
                0x000039c8                tflite::MicroMutableOpResolver<6u>::~MicroMutableOpResolver()
                0x000039c8                tflite::MicroMutableOpResolver<6u>::~MicroMutableOpResolver()
 .text._ZNK6tflite22MicroMutableOpResolverILj6EE15GetOpDataParserENS_15BuiltinOperatorE
                0x000039cc       0x40 /tmp/cciZVbVk.o
                0x000039cc                tflite::MicroMutableOpResolver<6u>::GetOpDataParser(tflite::BuiltinOperator) const
 .text._ZN6tflite22MicroMutableOpResolverILj6EED0Ev
                0x00003a0c        0x8 /tmp/cciZVbVk.o
                0x00003a0c                tflite::MicroMutableOpResolver<6u>::~MicroMutableOpResolver()
 .text._ZNK6tflite22MicroMutableOpResolverILj6EE6FindOpEPKc
                0x00003a14       0xd0 /tmp/cciZVbVk.o
                0x00003a14                tflite::MicroMutableOpResolver<6u>::FindOp(char const*) const
 .text._ZNK6tflite22MicroMutableOpResolverILj6EE6FindOpENS_15BuiltinOperatorE
                0x00003ae4       0x50 /tmp/cciZVbVk.o
                0x00003ae4                tflite::MicroMutableOpResolver<6u>::FindOp(tflite::BuiltinOperator) const
 .text._ZN6tflite22MicroMutableOpResolverILj6EE10AddBuiltinENS_15BuiltinOperatorERK16TFLMRegistrationPF12TfLiteStatusPKNS_8OperatorEPNS_13ErrorReporterEPNS_20BuiltinDataAllocatorEPPvE.isra.0
                0x00003b34       0xd8 /tmp/cciZVbVk.o
 .text.startup.main
                0x00003c0c      0x350 /tmp/cciZVbVk.o
                0x00003c0c                main
 .text.memset   0x00003f5c       0x1c /tmp/cci6H5nW.o
                0x00003f5c                memset
 .text.memcpy   0x00003f78       0x24 /tmp/cci6H5nW.o
                0x00003f78                memcpy
 .text.strlen   0x00003f9c       0x24 /tmp/cci6H5nW.o
                0x00003f9c                strlen
 .text.strcmp   0x00003fc0       0x40 /tmp/cci6H5nW.o
                0x00003fc0                strcmp
 .text.strncmp  0x00004000       0x34 /tmp/cci6H5nW.o
                0x00004000                strncmp
 .text.abort    0x00004034        0x4 /tmp/cci6H5nW.o
                0x00004034                abort
 .text.__errno  0x00004038        0xc /tmp/cci6H5nW.o
                0x00004038                __errno
 .text._ZdlPvj  0x00004044        0x4 /tmp/cci6H5nW.o
                0x00004044                operator delete(void*, unsigned int)
 .text._ZN6tflite36MicroContextAllocatePersistentBufferEP13TfLiteContextj
                0x00004048       0x10 /tmp/ccDugpEc.o
                0x00004048                tflite::MicroContextAllocatePersistentBuffer(TfLiteContext*, unsigned int)
 .text._ZN6tflite39MicroContextRequestScratchBufferInArenaEP13TfLiteContextjPi
                0x00004058       0x10 /tmp/ccDugpEc.o
                0x00004058                tflite::MicroContextRequestScratchBufferInArena(TfLiteContext*, unsigned int, int*)
 .text._ZN6tflite28MicroContextGetScratchBufferEP13TfLiteContexti
                0x00004068       0x10 /tmp/ccDugpEc.o
                0x00004068                tflite::MicroContextGetScratchBuffer(TfLiteContext*, int)
 .text._ZN6tflite21MicroContextGetTensorEPK13TfLiteContexti
                0x00004078       0x10 /tmp/ccDugpEc.o
                0x00004078                tflite::MicroContextGetTensor(TfLiteContext const*, int)
 .text._ZN6tflite25MicroContextGetEvalTensorEPK13TfLiteContexti
                0x00004088       0x10 /tmp/ccDugpEc.o
                0x00004088                tflite::MicroContextGetEvalTensor(TfLiteContext const*, int)
 .text._ZN6tflite23MicroInterpreterContext16external_contextEv
                0x00004098        0x8 /tmp/ccDugpEc.o
                0x00004098                tflite::MicroInterpreterContext::external_context()
 .text._ZN6tflite30MicroContextGetExternalContextEP13TfLiteContext25TfLiteExternalContextType
                0x000040a0       0x24 /tmp/ccDugpEc.o
                0x000040a0                tflite::MicroContextGetExternalContext(TfLiteContext*, TfLiteExternalContextType)
 .text._ZN6tflite16MicroInterpreterC2EPKNS_5ModelERKNS_15MicroOpResolverEPhjPNS_22MicroResourceVariablesEPNS_22MicroProfilerInterfaceEb
                0x000040c4      0x134 /tmp/ccDugpEc.o
                0x000040c4                tflite::MicroInterpreter::MicroInterpreter(tflite::Model const*, tflite::MicroOpResolver const&, unsigned char*, unsigned int, tflite::MicroResourceVariables*, tflite::MicroProfilerInterface*, bool)
                0x000040c4                tflite::MicroInterpreter::MicroInterpreter(tflite::Model const*, tflite::MicroOpResolver const&, unsigned char*, unsigned int, tflite::MicroResourceVariables*, tflite::MicroProfilerInterface*, bool)
 .text._ZN6tflite16MicroInterpreter5inputEj
                0x000041f8       0x94 /tmp/ccDugpEc.o
                0x000041f8                tflite::MicroInterpreter::input(unsigned int)
 .text._ZN6tflite16MicroInterpreter6outputEj
                0x0000428c       0x90 /tmp/ccDugpEc.o
                0x0000428c                tflite::MicroInterpreter::output(unsigned int)
 .text._ZN6tflite16MicroInterpreterD2Ev
                0x0000431c       0x48 /tmp/ccDugpEc.o
                0x0000431c                tflite::MicroInterpreter::~MicroInterpreter()
                0x0000431c                tflite::MicroInterpreter::~MicroInterpreter()
 .text._ZN6tflite16MicroInterpreter44PrepareNodeAndRegistrationDataFromFlatbufferEv
                0x00004364      0x3d8 /tmp/ccDugpEc.o
                0x00004364                tflite::MicroInterpreter::PrepareNodeAndRegistrationDataFromFlatbuffer()
 .text._ZN6tflite16MicroInterpreter15AllocateTensorsEv
                0x0000473c      0x3c0 /tmp/ccDugpEc.o
                0x0000473c                tflite::MicroInterpreter::AllocateTensors()
 .text._ZN6tflite16MicroInterpreter6InvokeEv
                0x00004afc       0x5c /tmp/ccDugpEc.o
                0x00004afc                tflite::MicroInterpreter::Invoke()
 .text._ZN6tflite23MicroInterpreterContext5graphEv
                0x00004b58        0x8 /tmp/ccJYVXY5.o
                0x00004b58                tflite::MicroInterpreterContext::graph()
 .text._ZN6tflite23MicroInterpreterContextD2Ev
                0x00004b60        0x4 /tmp/ccJYVXY5.o
                0x00004b60                tflite::MicroInterpreterContext::~MicroInterpreterContext()
                0x00004b60                tflite::MicroInterpreterContext::~MicroInterpreterContext()
 .text._ZN6tflite23MicroInterpreterContext24AllocatePersistentBufferEj
                0x00004b64       0x10 /tmp/ccJYVXY5.o
                0x00004b64                tflite::MicroInterpreterContext::AllocatePersistentBuffer(unsigned int)
 .text._ZN6tflite23MicroInterpreterContext16GetScratchBufferEi
                0x00004b74       0x14 /tmp/ccJYVXY5.o
                0x00004b74                tflite::MicroInterpreterContext::GetScratchBuffer(int)
 .text._ZN6tflite23MicroInterpreterContext24AllocateTempTfLiteTensorEi
                0x00004b88       0x28 /tmp/ccJYVXY5.o
                0x00004b88                tflite::MicroInterpreterContext::AllocateTempTfLiteTensor(int)
 .text._ZN6tflite23MicroInterpreterContext26DeallocateTempTfLiteTensorEP12TfLiteTensor
                0x00004bb0       0x10 /tmp/ccJYVXY5.o
                0x00004bb0                tflite::MicroInterpreterContext::DeallocateTempTfLiteTensor(TfLiteTensor*)
 .text._ZN6tflite23MicroInterpreterContext18AllocateTempBufferEjj
                0x00004bc0       0x10 /tmp/ccJYVXY5.o
                0x00004bc0                tflite::MicroInterpreterContext::AllocateTempBuffer(unsigned int, unsigned int)
 .text._ZN6tflite23MicroInterpreterContext20DeallocateTempBufferEPh
                0x00004bd0       0x10 /tmp/ccJYVXY5.o
                0x00004bd0                tflite::MicroInterpreterContext::DeallocateTempBuffer(unsigned char*)
 .text._ZN6tflite23MicroInterpreterContext13GetEvalTensorEi
                0x00004be0       0x2c /tmp/ccJYVXY5.o
                0x00004be0                tflite::MicroInterpreterContext::GetEvalTensor(int)
 .text._ZN6tflite23MicroInterpreterContext20set_external_contextEPv
                0x00004c0c       0x34 /tmp/ccJYVXY5.o
                0x00004c0c                tflite::MicroInterpreterContext::set_external_context(void*)
 .text._ZN6tflite23MicroInterpreterContext20SetAlternateProfilerEPNS_22MicroProfilerInterfaceE
                0x00004c40        0xc /tmp/ccJYVXY5.o
                0x00004c40                tflite::MicroInterpreterContext::SetAlternateProfiler(tflite::MicroProfilerInterface*)
 .text._ZNK6tflite23MicroInterpreterContext20GetAlternateProfilerEv
                0x00004c4c        0x8 /tmp/ccJYVXY5.o
                0x00004c4c                tflite::MicroInterpreterContext::GetAlternateProfiler() const
 .text._ZN6tflite23MicroInterpreterContextD0Ev
                0x00004c54        0x8 /tmp/ccJYVXY5.o
                0x00004c54                tflite::MicroInterpreterContext::~MicroInterpreterContext()
 .text._ZN6tflite23MicroInterpreterContext27RequestScratchBufferInArenaEjPi
                0x00004c5c       0x14 /tmp/ccJYVXY5.o
                0x00004c5c                tflite::MicroInterpreterContext::RequestScratchBufferInArena(unsigned int, int*)
 .text._ZN6tflite23MicroInterpreterContext22SetDecompressionMemoryEPKNS_12MicroContext21AlternateMemoryRegionEj
                0x00004c70       0x14 /tmp/ccJYVXY5.o
                0x00004c70                tflite::MicroInterpreterContext::SetDecompressionMemory(tflite::MicroContext::AlternateMemoryRegion const*, unsigned int)
 .text._ZN6tflite23MicroInterpreterContext27AllocateDecompressionMemoryEjj
                0x00004c84        0x4 /tmp/ccJYVXY5.o
                0x00004c84                tflite::MicroInterpreterContext::AllocateDecompressionMemory(unsigned int, unsigned int)
 .text._ZN6tflite23MicroInterpreterContextC2EPNS_14MicroAllocatorEPKNS_5ModelEPNS_21MicroInterpreterGraphE
                0x00004c88       0x38 /tmp/ccJYVXY5.o
                0x00004c88                tflite::MicroInterpreterContext::MicroInterpreterContext(tflite::MicroAllocator*, tflite::Model const*, tflite::MicroInterpreterGraph*)
                0x00004c88                tflite::MicroInterpreterContext::MicroInterpreterContext(tflite::MicroAllocator*, tflite::Model const*, tflite::MicroInterpreterGraph*)
 .text._ZN6tflite23MicroInterpreterContext23SetScratchBufferHandlesEPNS_19ScratchBufferHandleE
                0x00004cc0        0x8 /tmp/ccJYVXY5.o
                0x00004cc0                tflite::MicroInterpreterContext::SetScratchBufferHandles(tflite::ScratchBufferHandle*)
 .text._ZN6tflite23MicroInterpreterContext19SetInterpreterStateENS0_16InterpreterStateE
                0x00004cc8        0x8 /tmp/ccJYVXY5.o
                0x00004cc8                tflite::MicroInterpreterContext::SetInterpreterState(tflite::MicroInterpreterContext::InterpreterState)
 .text._ZN6tflite18MicroMemoryPlanner9AddBufferEiiii
                0x00004cd0        0x8 /tmp/ccNyN07d.o
                0x00004cd0                tflite::MicroMemoryPlanner::AddBuffer(int, int, int, int)
 .text._ZN6tflite18MicroMemoryPlanner4InitEPhi
                0x00004cd8        0x8 /tmp/ccNyN07d.o
                0x00004cd8                tflite::MicroMemoryPlanner::Init(unsigned char*, int)
 .text._ZN6tflite12_GLOBAL__N_125MicroBuiltinDataAllocator8AllocateEjj
                0x00004ce0       0x10 /tmp/ccNyN07d.o
 .text._ZN6tflite12_GLOBAL__N_125MicroBuiltinDataAllocator10DeallocateEPv
                0x00004cf0        0x4 /tmp/ccNyN07d.o
 .text._ZN6tflite14MicroAllocatorD2Ev
                0x00004cf4        0x4 /tmp/ccNyN07d.o
                0x00004cf4                tflite::MicroAllocator::~MicroAllocator()
                0x00004cf4                tflite::MicroAllocator::~MicroAllocator()
 .text._ZN6tflite14MicroAllocator24AllocatePersistentBufferEj
                0x00004cf8       0x14 /tmp/ccNyN07d.o
                0x00004cf8                tflite::MicroAllocator::AllocatePersistentBuffer(unsigned int)
 .text._ZN6tflite14MicroAllocator26DeallocateTempTfLiteTensorEP12TfLiteTensor
                0x00004d0c       0x8c /tmp/ccNyN07d.o
                0x00004d0c                tflite::MicroAllocator::DeallocateTempTfLiteTensor(TfLiteTensor*)
 .text._ZN6tflite14MicroAllocator18AllocateTempBufferEjj
                0x00004d98       0x10 /tmp/ccNyN07d.o
                0x00004d98                tflite::MicroAllocator::AllocateTempBuffer(unsigned int, unsigned int)
 .text._ZN6tflite14MicroAllocator20DeallocateTempBufferEPh
                0x00004da8       0x10 /tmp/ccNyN07d.o
                0x00004da8                tflite::MicroAllocator::DeallocateTempBuffer(unsigned char*)
 .text._ZN6tflite14MicroAllocator20ResetTempAllocationsEv
                0x00004db8       0x10 /tmp/ccNyN07d.o
                0x00004db8                tflite::MicroAllocator::ResetTempAllocations()
 .text._ZN6tflite14MicroAllocator20IsAllTempDeallocatedEv
                0x00004dc8       0x10 /tmp/ccNyN07d.o
                0x00004dc8                tflite::MicroAllocator::IsAllTempDeallocated()
 .text._ZN6tflite14MicroAllocator38AllocatePersistentTfLiteTensorInternalEv
                0x00004dd8       0x18 /tmp/ccNyN07d.o
                0x00004dd8                tflite::MicroAllocator::AllocatePersistentTfLiteTensorInternal()
 .text._ZN6tflite12_GLOBAL__N_125MicroBuiltinDataAllocatorD2Ev
                0x00004df0        0x4 /tmp/ccNyN07d.o
 .text._ZN6tflite14MicroAllocatorD0Ev
                0x00004df4        0x8 /tmp/ccNyN07d.o
                0x00004df4                tflite::MicroAllocator::~MicroAllocator()
 .text._ZN6tflite12_GLOBAL__N_125MicroBuiltinDataAllocatorD0Ev
                0x00004dfc        0x8 /tmp/ccNyN07d.o
 .text._ZN6tflite14MicroAllocator28AllocateScratchBufferHandlesEPPNS_19ScratchBufferHandleEj
                0x00004e04       0x4c /tmp/ccNyN07d.o
                0x00004e04                tflite::MicroAllocator::AllocateScratchBufferHandles(tflite::ScratchBufferHandle**, unsigned int)
 .text._ZN6tflite14MicroAllocator17AllocateVariablesEPKNS_8SubGraphEP16TfLiteEvalTensorPKl
                0x00004e50      0x148 /tmp/ccNyN07d.o
                0x00004e50                tflite::MicroAllocator::AllocateVariables(tflite::SubGraph const*, TfLiteEvalTensor*, long const*)
 .text._ZN6tflite14MicroAllocator28AllocateNodeAndRegistrationsEPKNS_5ModelEPNS_19SubgraphAllocationsE
                0x00004f98      0x100 /tmp/ccNyN07d.o
                0x00004f98                tflite::MicroAllocator::AllocateNodeAndRegistrations(tflite::Model const*, tflite::SubgraphAllocations*)
 .text._ZN6tflite14MicroAllocator22CommitStaticMemoryPlanEPKNS_5ModelEPNS_19SubgraphAllocationsEPNS_19ScratchBufferHandleE
                0x00005098      0x3f4 /tmp/ccNyN07d.o
                0x00005098                tflite::MicroAllocator::CommitStaticMemoryPlan(tflite::Model const*, tflite::SubgraphAllocations*, tflite::ScratchBufferHandle*)
 .text._ZN6tflite8internal25GetFlatbufferTensorBufferERKNS_6TensorEPKN11flatbuffers6VectorINS4_6OffsetINS_6BufferEEEmEE
                0x0000548c       0x7c /tmp/ccNyN07d.o
                0x0000548c                tflite::internal::GetFlatbufferTensorBuffer(tflite::Tensor const&, flatbuffers::Vector<flatbuffers::Offset<tflite::Buffer>, unsigned long> const*)
 .text._ZN6tflite8internal36InitializeTfLiteTensorFromFlatbufferEPNS_26IPersistentBufferAllocatorEPNS_29INonPersistentBufferAllocatorEbRKNS_6TensorEPKN11flatbuffers6VectorINS8_6OffsetINS_6BufferEEEmEEP12TfLiteTensor
                0x00005508      0x410 /tmp/ccNyN07d.o
                0x00005508                tflite::internal::InitializeTfLiteTensorFromFlatbuffer(tflite::IPersistentBufferAllocator*, tflite::INonPersistentBufferAllocator*, bool, tflite::Tensor const&, flatbuffers::Vector<flatbuffers::Offset<tflite::Buffer>, unsigned long> const*, TfLiteTensor*)
 .text._ZN6tflite14MicroAllocator34PopulateTfLiteTensorFromFlatbufferEPKNS_5ModelEP12TfLiteTensoriib
                0x00005918       0xc0 /tmp/ccNyN07d.o
                0x00005918                tflite::MicroAllocator::PopulateTfLiteTensorFromFlatbuffer(tflite::Model const*, TfLiteTensor*, int, int, bool)
 .text._ZN6tflite14MicroAllocator24AllocateTempTfLiteTensorEPKNS_5ModelEPKNS_19SubgraphAllocationsEii
                0x000059d8      0x100 /tmp/ccNyN07d.o
                0x000059d8                tflite::MicroAllocator::AllocateTempTfLiteTensor(tflite::Model const*, tflite::SubgraphAllocations const*, int, int)
 .text._ZN6tflite14MicroAllocator30AllocatePersistentTfLiteTensorEPKNS_5ModelEPKNS_19SubgraphAllocationsEii
                0x00005ad8      0x120 /tmp/ccNyN07d.o
                0x00005ad8                tflite::MicroAllocator::AllocatePersistentTfLiteTensor(tflite::Model const*, tflite::SubgraphAllocations const*, int, int)
 .text._ZN6tflite8internal40InitializeTfLiteEvalTensorFromFlatbufferERKNS_6TensorEPKN11flatbuffers6VectorINS4_6OffsetINS_6BufferEEEmEEP16TfLiteEvalTensor
                0x00005bf8       0xf8 /tmp/ccNyN07d.o
                0x00005bf8                tflite::internal::InitializeTfLiteEvalTensorFromFlatbuffer(tflite::Tensor const&, flatbuffers::Vector<flatbuffers::Offset<tflite::Buffer>, unsigned long> const*, TfLiteEvalTensor*)
 .text._ZN6tflite14MicroAllocator25AllocateTfLiteEvalTensorsEPKNS_5ModelEPNS_19SubgraphAllocationsE
                0x00005cf0      0x1fc /tmp/ccNyN07d.o
                0x00005cf0                tflite::MicroAllocator::AllocateTfLiteEvalTensors(tflite::Model const*, tflite::SubgraphAllocations*)
 .text._ZN6tflite14MicroAllocator6CreateEPhjNS_17MemoryPlannerTypeE
                0x00005eec      0x104 /tmp/ccNyN07d.o
                0x00005eec                tflite::MicroAllocator::Create(unsigned char*, unsigned int, tflite::MemoryPlannerType)
 .text._ZN6tflite14MicroAllocator20StartModelAllocationEPKNS_5ModelE
                0x00005ff0      0x174 /tmp/ccNyN07d.o
                0x00005ff0                tflite::MicroAllocator::StartModelAllocation(tflite::Model const*)
 .text._ZN6tflite14MicroAllocator21FinishModelAllocationEPKNS_5ModelEPNS_19SubgraphAllocationsEPPNS_19ScratchBufferHandleE
                0x00006164       0xd8 /tmp/ccNyN07d.o
                0x00006164                tflite::MicroAllocator::FinishModelAllocation(tflite::Model const*, tflite::SubgraphAllocations*, tflite::ScratchBufferHandle**)
 .text._ZN6tflite14MicroAllocator27RequestScratchBufferInArenaEjiPi
                0x0000623c       0xb0 /tmp/ccNyN07d.o
                0x0000623c                tflite::MicroAllocator::RequestScratchBufferInArena(unsigned int, int, int*)
 .text._ZN6tflite14MicroAllocator28FinishPrepareNodeAllocationsEi
                0x000062ec       0xcc /tmp/ccNyN07d.o
                0x000062ec                tflite::MicroAllocator::FinishPrepareNodeAllocations(int)
 .text._ZN6tflite14MicroAllocator23GetBuiltinDataAllocatorEv
                0x000063b8        0x8 /tmp/ccNyN07d.o
                0x000063b8                tflite::MicroAllocator::GetBuiltinDataAllocator()
 .text._ZN6tflite21AllocationInfoBuilder20CreateAllocationInfoEi
                0x000063c0      0x174 /tmp/ccrhuSA1.o
                0x000063c0                tflite::AllocationInfoBuilder::CreateAllocationInfo(int)
 .text._ZN6tflite21AllocationInfoBuilder18FreeAllocationInfoEv
                0x00006534       0x4c /tmp/ccrhuSA1.o
                0x00006534                tflite::AllocationInfoBuilder::FreeAllocationInfo()
 .text._ZN6tflite21AllocationInfoBuilder16ValidateSubgraphEPKNS_8SubGraphEP16TfLiteEvalTensor
                0x00006580      0x184 /tmp/ccrhuSA1.o
                0x00006580                tflite::AllocationInfoBuilder::ValidateSubgraph(tflite::SubGraph const*, TfLiteEvalTensor*)
 .text._ZN6tflite21AllocationInfoBuilder24InitializeAllocationInfoEPKlPNS_19SubgraphAllocationsE
                0x00006704      0x310 /tmp/ccrhuSA1.o
                0x00006704                tflite::AllocationInfoBuilder::InitializeAllocationInfo(long const*, tflite::SubgraphAllocations*)
 .text._ZN6tflite21AllocationInfoBuilder23MarkAllocationLifetimesEiPNS_8internal20ScratchBufferRequestEPNS_19ScratchBufferHandleEPNS_19SubgraphAllocationsE
                0x00006a14      0x424 /tmp/ccrhuSA1.o
                0x00006a14                tflite::AllocationInfoBuilder::MarkAllocationLifetimes(int, tflite::internal::ScratchBufferRequest*, tflite::ScratchBufferHandle*, tflite::SubgraphAllocations*)
 .text._ZN6tflite21AllocationInfoBuilder32MarkSubgraphLifetimesIfNecessaryEPKNS_8OperatorEPNS_8internal20ScratchBufferRequestEPNS_19ScratchBufferHandleEPNS_19SubgraphAllocationsE
                0x00006e38      0x2a0 /tmp/ccrhuSA1.o
                0x00006e38                tflite::AllocationInfoBuilder::MarkSubgraphLifetimesIfNecessary(tflite::Operator const*, tflite::internal::ScratchBufferRequest*, tflite::ScratchBufferHandle*, tflite::SubgraphAllocations*)
 .text._ZN6tflite21AllocationInfoBuilder24GetOfflinePlannedOffsetsEPPKl
                0x000070d8      0x224 /tmp/ccrhuSA1.o
                0x000070d8                tflite::AllocationInfoBuilder::GetOfflinePlannedOffsets(long const**)
 .text._ZN6tflite12MicroContext35ResetDecompressionMemoryAllocationsEv
                0x000072fc       0x30 /tmp/ccIPUQkJ.o
                0x000072fc                tflite::MicroContext::ResetDecompressionMemoryAllocations()
 .text._ZN6tflite12MicroContext27AllocateDecompressionMemoryEjj
                0x0000732c       0xfc /tmp/ccIPUQkJ.o
                0x0000732c                tflite::MicroContext::AllocateDecompressionMemory(unsigned int, unsigned int)
 .text._ZN6tflite12MicroContext22SetDecompressionMemoryEPKNS0_21AlternateMemoryRegionEj
                0x00007428       0xa4 /tmp/ccIPUQkJ.o
                0x00007428                tflite::MicroContext::SetDecompressionMemory(tflite::MicroContext::AlternateMemoryRegion const*, unsigned int)
 .text._ZN6tflite12MicroContext23AllocateTempInputTensorEPK10TfLiteNodei
                0x000074cc       0x34 /tmp/ccIPUQkJ.o
                0x000074cc                tflite::MicroContext::AllocateTempInputTensor(TfLiteNode const*, int)
 .text._ZN6tflite12MicroContext24AllocateTempOutputTensorEPK10TfLiteNodei
                0x00007500       0x34 /tmp/ccIPUQkJ.o
                0x00007500                tflite::MicroContext::AllocateTempOutputTensor(TfLiteNode const*, int)
 .text._ZN6tflite25MicroContextReportOpErrorEP13TfLiteContextPKcz
                0x00007534       0x2c /tmp/ccIPUQkJ.o
                0x00007534                tflite::MicroContextReportOpError(TfLiteContext*, char const*, ...)
 .text._ZN6tflite21MicroInterpreterGraph20GetResourceVariablesEv
                0x00007560        0x8 /tmp/ccIceoIm.o
                0x00007560                tflite::MicroInterpreterGraph::GetResourceVariables()
 .text._ZN6tflite21MicroInterpreterGraphD2Ev
                0x00007568        0x4 /tmp/ccIceoIm.o
                0x00007568                tflite::MicroInterpreterGraph::~MicroInterpreterGraph()
                0x00007568                tflite::MicroInterpreterGraph::~MicroInterpreterGraph()
 .text._ZN6tflite21MicroInterpreterGraph17GetSubgraphOutputEii
                0x0000756c       0xa0 /tmp/ccIceoIm.o
                0x0000756c                tflite::MicroInterpreterGraph::GetSubgraphOutput(int, int)
 .text._ZN6tflite21MicroInterpreterGraphD0Ev
                0x0000760c        0x8 /tmp/ccIceoIm.o
                0x0000760c                tflite::MicroInterpreterGraph::~MicroInterpreterGraph()
 .text._ZN6tflite21MicroInterpreterGraph13InitSubgraphsEv
                0x00007614      0x120 /tmp/ccIceoIm.o
                0x00007614                tflite::MicroInterpreterGraph::InitSubgraphs()
 .text._ZN6tflite21MicroInterpreterGraph14ResetSubgraphsEv
                0x00007734       0xf0 /tmp/ccIceoIm.o
                0x00007734                tflite::MicroInterpreterGraph::ResetSubgraphs()
 .text._ZN6tflite21MicroInterpreterGraph13FreeSubgraphsEv
                0x00007824       0xf0 /tmp/ccIceoIm.o
                0x00007824                tflite::MicroInterpreterGraph::FreeSubgraphs()
 .text._ZN6tflite21MicroInterpreterGraph14InvokeSubgraphEi
                0x00007914      0x130 /tmp/ccIceoIm.o
                0x00007914                tflite::MicroInterpreterGraph::InvokeSubgraph(int)
 .text._ZN6tflite21MicroInterpreterGraph16PrepareSubgraphsEv
                0x00007a44      0x23c /tmp/ccIceoIm.o
                0x00007a44                tflite::MicroInterpreterGraph::PrepareSubgraphs()
 .text._ZN6tflite21MicroInterpreterGraph12NumSubgraphsEv
                0x00007c80       0x3c /tmp/ccIceoIm.o
                0x00007c80                tflite::MicroInterpreterGraph::NumSubgraphs()
 .text._ZN6tflite21MicroInterpreterGraph17NumSubgraphInputsEi
                0x00007cbc       0x7c /tmp/ccIceoIm.o
                0x00007cbc                tflite::MicroInterpreterGraph::NumSubgraphInputs(int)
 .text._ZN6tflite21MicroInterpreterGraph18NumSubgraphOutputsEi
                0x00007d38       0x78 /tmp/ccIceoIm.o
                0x00007d38                tflite::MicroInterpreterGraph::NumSubgraphOutputs(int)
 .text._ZN6tflite21MicroInterpreterGraph16GetSubgraphInputEii
                0x00007db0       0xa0 /tmp/ccIceoIm.o
                0x00007db0                tflite::MicroInterpreterGraph::GetSubgraphInput(int, int)
 .text._ZN6tflite21MicroInterpreterGraphC2EP13TfLiteContextPKNS_5ModelEPNS_14MicroAllocatorEPNS_22MicroResourceVariablesE
                0x00007e50       0x64 /tmp/ccIceoIm.o
                0x00007e50                tflite::MicroInterpreterGraph::MicroInterpreterGraph(TfLiteContext*, tflite::Model const*, tflite::MicroAllocator*, tflite::MicroResourceVariables*)
                0x00007e50                tflite::MicroInterpreterGraph::MicroInterpreterGraph(TfLiteContext*, tflite::Model const*, tflite::MicroAllocator*, tflite::MicroResourceVariables*)
 .text._ZN6tflite21MicroInterpreterGraph15ResetTensorDataEPKNS_6TensorEP16TfLiteEvalTensor
                0x00007eb4       0xe0 /tmp/ccIceoIm.o
                0x00007eb4                tflite::MicroInterpreterGraph::ResetTensorData(tflite::Tensor const*, TfLiteEvalTensor*)
 .text._ZN6tflite21MicroInterpreterGraph20ResetVariableTensorsEv
                0x00007f94      0x170 /tmp/ccIceoIm.o
                0x00007f94                tflite::MicroInterpreterGraph::ResetVariableTensors()
 .text._ZN6tflite21MicroInterpreterGraph19ResetVariableTensorEii
                0x00008104       0xbc /tmp/ccIceoIm.o
                0x00008104                tflite::MicroInterpreterGraph::ResetVariableTensor(int, int)
 .text._ZN6tflite21MicroInterpreterGraph22SetSubgraphAllocationsEPNS_19SubgraphAllocationsE
                0x000081c0        0x8 /tmp/ccIceoIm.o
                0x000081c0                tflite::MicroInterpreterGraph::SetSubgraphAllocations(tflite::SubgraphAllocations*)
 .text._ZN6tflite25GetRegistrationFromOpCodeEPKNS_12OperatorCodeERKNS_15MicroOpResolverEPPK16TFLMRegistration
                0x000081c8       0xe8 /tmp/ccM7XB2n.o
                0x000081c8                tflite::GetRegistrationFromOpCode(tflite::OperatorCode const*, tflite::MicroOpResolver const&, TFLMRegistration const**)
 .text._ZN6tflite22MicroResourceVariables8ResetAllEv
                0x000082b0       0x74 /tmp/cc2jy3T6.o
                0x000082b0                tflite::MicroResourceVariables::ResetAll()
 .text._ZN6tflite12ElementCountERK14TfLiteIntArray
                0x00008324       0x68 /tmp/ccAYuUQd.o
                0x00008324                tflite::ElementCount(TfLiteIntArray const&)
 .text._ZN6tflite20NumSubgraphOperatorsEPKNS_8SubGraphE
                0x0000838c       0x40 /tmp/cc0gdPi9.o
                0x0000838c                tflite::NumSubgraphOperators(tflite::SubGraph const*)
 .text._ZN6tflite20NumSubgraphOperatorsEPKNS_5ModelEi
                0x000083cc       0x74 /tmp/cc0gdPi9.o
                0x000083cc                tflite::NumSubgraphOperators(tflite::Model const*, int)
 .text._ZN6tflite33FlatBufferVectorToTfLiteTypeArrayEPKN11flatbuffers6VectorIlmEE
                0x00008440        0x4 /tmp/cc0gdPi9.o
                0x00008440                tflite::FlatBufferVectorToTfLiteTypeArray(flatbuffers::Vector<long, unsigned long> const*)
 .text._ZN6tflite33FlatBufferVectorToTfLiteTypeArrayEPKN11flatbuffers6VectorIfmEE
                0x00008444        0x4 /tmp/cc0gdPi9.o
                0x00008444                tflite::FlatBufferVectorToTfLiteTypeArray(flatbuffers::Vector<float, unsigned long> const*)
 .text._ZN6tflite17ConvertTensorTypeENS_10TensorTypeEP10TfLiteType
                0x00008448       0x34 /tmp/ccIiJhWH.o
                0x00008448                tflite::ConvertTensorType(tflite::TensorType, TfLiteType*)
 .text._ZN6tflite24CallBuiltinParseFunctionEPF12TfLiteStatusPKNS_8OperatorEPNS_13ErrorReporterEPNS_20BuiltinDataAllocatorEPPvES3_S7_S9_
                0x0000847c       0x4c /tmp/ccIiJhWH.o
                0x0000847c                tflite::CallBuiltinParseFunction(TfLiteStatus (*)(tflite::Operator const*, tflite::ErrorReporter*, tflite::BuiltinDataAllocator*, void**), tflite::Operator const*, tflite::BuiltinDataAllocator*, void**)
 .text._ZN6tflite18MicroErrorReporterD2Ev
                0x000084c8        0x4 /tmp/ccRgHsjy.o
                0x000084c8                tflite::MicroErrorReporter::~MicroErrorReporter()
                0x000084c8                tflite::MicroErrorReporter::~MicroErrorReporter()
 .text._ZN6tflite18MicroErrorReporter6ReportEPKcPv
                0x000084cc        0x8 /tmp/ccRgHsjy.o
                0x000084cc                tflite::MicroErrorReporter::Report(char const*, void*)
 .text._ZN6tflite18MicroErrorReporterD0Ev
                0x000084d4        0x8 /tmp/ccRgHsjy.o
                0x000084d4                tflite::MicroErrorReporter::~MicroErrorReporter()
 .text._ZN6tflite21GetMicroErrorReporterEv
                0x000084dc       0x2c /tmp/ccRgHsjy.o
                0x000084dc                tflite::GetMicroErrorReporter()
 .text._ZNK6tflite19GreedyMemoryPlanner21preserves_all_tensorsEv
                0x00008508        0x8 /tmp/cc9Fi3ZI.o
                0x00008508                tflite::GreedyMemoryPlanner::preserves_all_tensors() const
 .text._ZN6tflite19GreedyMemoryPlanner4InitEPhi
                0x00008510       0x84 /tmp/cc9Fi3ZI.o
                0x00008510                tflite::GreedyMemoryPlanner::Init(unsigned char*, int)
 .text._ZN6tflite19GreedyMemoryPlannerD2Ev
                0x00008594        0x4 /tmp/cc9Fi3ZI.o
                0x00008594                tflite::GreedyMemoryPlanner::~GreedyMemoryPlanner()
                0x00008594                tflite::GreedyMemoryPlanner::~GreedyMemoryPlanner()
 .text._ZN6tflite19GreedyMemoryPlanner9AddBufferEiii
                0x00008598       0x4c /tmp/cc9Fi3ZI.o
                0x00008598                tflite::GreedyMemoryPlanner::AddBuffer(int, int, int)
 .text._ZN6tflite19GreedyMemoryPlanner14GetBufferCountEv
                0x000085e4        0x8 /tmp/cc9Fi3ZI.o
                0x000085e4                tflite::GreedyMemoryPlanner::GetBufferCount()
 .text._ZN6tflite19GreedyMemoryPlannerD0Ev
                0x000085ec        0x8 /tmp/cc9Fi3ZI.o
                0x000085ec                tflite::GreedyMemoryPlanner::~GreedyMemoryPlanner()
 .text._ZN6tflite19GreedyMemoryPlanner9AddBufferEiiii
                0x000085f4       0x98 /tmp/cc9Fi3ZI.o
                0x000085f4                tflite::GreedyMemoryPlanner::AddBuffer(int, int, int, int)
 .text._ZN6tflite18ReverseSortInPlaceEPiS0_i
                0x0000868c       0x5c /tmp/cc9Fi3ZI.o
                0x0000868c                tflite::ReverseSortInPlace(int*, int*, int)
 .text._ZN6tflite19GreedyMemoryPlannerC2Ev
                0x000086e8       0x10 /tmp/cc9Fi3ZI.o
                0x000086e8                tflite::GreedyMemoryPlanner::GreedyMemoryPlanner()
                0x000086e8                tflite::GreedyMemoryPlanner::GreedyMemoryPlanner()
 .text._ZN6tflite19GreedyMemoryPlanner30NextSimultaneouslyActiveBufferEPKNS0_9ListEntryEii
                0x000086f8       0x94 /tmp/cc9Fi3ZI.o
                0x000086f8                tflite::GreedyMemoryPlanner::NextSimultaneouslyActiveBuffer(tflite::GreedyMemoryPlanner::ListEntry const*, int, int)
 .text._ZN6tflite19GreedyMemoryPlanner24CalculateOffsetsIfNeededEv
                0x0000878c      0x310 /tmp/cc9Fi3ZI.o
                0x0000878c                tflite::GreedyMemoryPlanner::CalculateOffsetsIfNeeded()
 .text._ZN6tflite19GreedyMemoryPlanner20GetMaximumMemorySizeEv
                0x00008a9c       0xa0 /tmp/cc9Fi3ZI.o
                0x00008a9c                tflite::GreedyMemoryPlanner::GetMaximumMemorySize()
 .text._ZN6tflite19GreedyMemoryPlanner15PrintMemoryPlanEv
                0x00008b3c        0x4 /tmp/cc9Fi3ZI.o
                0x00008b3c                tflite::GreedyMemoryPlanner::PrintMemoryPlan()
 .text._ZN6tflite19GreedyMemoryPlanner18GetOffsetForBufferEiPi
                0x00008b40       0x64 /tmp/cc9Fi3ZI.o
                0x00008b40                tflite::GreedyMemoryPlanner::GetOffsetForBuffer(int, int*)
 .text._ZN6tflite18MicroMemoryPlanner15PrintMemoryPlanEv
                0x00008ba4        0x4 /tmp/cci2qO0W.o
                0x00008ba4                tflite::MicroMemoryPlanner::PrintMemoryPlan()
 .text._ZNK6tflite19LinearMemoryPlanner21preserves_all_tensorsEv
                0x00008ba8        0x8 /tmp/cci2qO0W.o
                0x00008ba8                tflite::LinearMemoryPlanner::preserves_all_tensors() const
 .text._ZN6tflite19LinearMemoryPlannerD2Ev
                0x00008bb0        0x4 /tmp/cci2qO0W.o
                0x00008bb0                tflite::LinearMemoryPlanner::~LinearMemoryPlanner()
                0x00008bb0                tflite::LinearMemoryPlanner::~LinearMemoryPlanner()
 .text._ZN6tflite19LinearMemoryPlanner9AddBufferEiii
                0x00008bb4       0x44 /tmp/cci2qO0W.o
                0x00008bb4                tflite::LinearMemoryPlanner::AddBuffer(int, int, int)
 .text._ZN6tflite19LinearMemoryPlanner20GetMaximumMemorySizeEv
                0x00008bf8       0x10 /tmp/cci2qO0W.o
                0x00008bf8                tflite::LinearMemoryPlanner::GetMaximumMemorySize()
 .text._ZN6tflite19LinearMemoryPlanner14GetBufferCountEv
                0x00008c08       0x10 /tmp/cci2qO0W.o
                0x00008c08                tflite::LinearMemoryPlanner::GetBufferCount()
 .text._ZN6tflite19LinearMemoryPlanner18GetOffsetForBufferEiPi
                0x00008c18       0x3c /tmp/cci2qO0W.o
                0x00008c18                tflite::LinearMemoryPlanner::GetOffsetForBuffer(int, int*)
 .text._ZN6tflite19LinearMemoryPlannerD0Ev
                0x00008c54        0xc /tmp/cci2qO0W.o
                0x00008c54                tflite::LinearMemoryPlanner::~LinearMemoryPlanner()
 .text._ZN6tflite19LinearMemoryPlannerC2Ev
                0x00008c60       0x20 /tmp/cci2qO0W.o
                0x00008c60                tflite::LinearMemoryPlanner::LinearMemoryPlanner()
                0x00008c60                tflite::LinearMemoryPlanner::LinearMemoryPlanner()
 .text._ZN6tflite14AlignPointerUpEPhj
                0x00008c80       0x30 /tmp/ccf9w2RA.o
                0x00008c80                tflite::AlignPointerUp(unsigned char*, unsigned int)
 .text._ZN6tflite16AlignPointerDownEPhj
                0x00008cb0       0x28 /tmp/ccf9w2RA.o
                0x00008cb0                tflite::AlignPointerDown(unsigned char*, unsigned int)
 .text._ZN6tflite11AlignSizeUpEjj
                0x00008cd8       0x30 /tmp/ccf9w2RA.o
                0x00008cd8                tflite::AlignSizeUp(unsigned int, unsigned int)
 .text._ZN6tflite16TfLiteTypeSizeOfE10TfLiteTypePj
                0x00008d08       0xb0 /tmp/ccf9w2RA.o
                0x00008d08                tflite::TfLiteTypeSizeOf(TfLiteType, unsigned int*)
 .text._ZN6tflite22BytesRequiredForTensorERKNS_6TensorEPjS3_
                0x00008db8      0x138 /tmp/ccf9w2RA.o
                0x00008db8                tflite::BytesRequiredForTensor(tflite::Tensor const&, unsigned int*, unsigned int*)
 .text._ZN6tflite26TfLiteEvalTensorByteLengthEPK16TfLiteEvalTensorPj
                0x00008ef0       0xb4 /tmp/ccf9w2RA.o
                0x00008ef0                tflite::TfLiteEvalTensorByteLength(TfLiteEvalTensor const*, unsigned int*)
 .text._ZN6tflite26SingleArenaBufferAllocatorD2Ev
                0x00008fa4        0x4 /tmp/ccPyqsD6.o
                0x00008fa4                tflite::SingleArenaBufferAllocator::~SingleArenaBufferAllocator()
                0x00008fa4                tflite::SingleArenaBufferAllocator::~SingleArenaBufferAllocator()
 .text._ZN6tflite26SingleArenaBufferAllocator14DeallocateTempEPh
                0x00008fa8       0x1c /tmp/ccPyqsD6.o
                0x00008fa8                tflite::SingleArenaBufferAllocator::DeallocateTemp(unsigned char*)
 .text._ZN6tflite26SingleArenaBufferAllocator20IsAllTempDeallocatedEv
                0x00008fc4       0x1c /tmp/ccPyqsD6.o
                0x00008fc4                tflite::SingleArenaBufferAllocator::IsAllTempDeallocated()
 .text._ZNK6tflite26SingleArenaBufferAllocator23GetOverlayMemoryAddressEv
                0x00008fe0        0x8 /tmp/ccPyqsD6.o
                0x00008fe0                tflite::SingleArenaBufferAllocator::GetOverlayMemoryAddress() const
 .text._ZNK6tflite26SingleArenaBufferAllocator25GetNonPersistentUsedBytesEv
                0x00008fe8       0x20 /tmp/ccPyqsD6.o
                0x00008fe8                tflite::SingleArenaBufferAllocator::GetNonPersistentUsedBytes() const
 .text._ZNK6tflite26SingleArenaBufferAllocator22GetPersistentUsedBytesEv
                0x00009008       0x10 /tmp/ccPyqsD6.o
                0x00009008                tflite::SingleArenaBufferAllocator::GetPersistentUsedBytes() const
 .text._ZN6tflite26SingleArenaBufferAllocatorD0Ev
                0x00009018        0x8 /tmp/ccPyqsD6.o
                0x00009018                tflite::SingleArenaBufferAllocator::~SingleArenaBufferAllocator()
 .text._ZN6tflite26SingleArenaBufferAllocator12ResizeBufferEPhjj
                0x00009020       0x88 /tmp/ccPyqsD6.o
                0x00009020                tflite::SingleArenaBufferAllocator::ResizeBuffer(unsigned char*, unsigned int, unsigned int)
 .text._ZN6tflite26SingleArenaBufferAllocator12AllocateTempEjj
                0x000090a8       0x7c /tmp/ccPyqsD6.o
                0x000090a8                tflite::SingleArenaBufferAllocator::AllocateTemp(unsigned int, unsigned int)
 .text._ZN6tflite26SingleArenaBufferAllocator24AllocatePersistentBufferEjj
                0x00009124       0x50 /tmp/ccPyqsD6.o
                0x00009124                tflite::SingleArenaBufferAllocator::AllocatePersistentBuffer(unsigned int, unsigned int)
 .text._ZNK6tflite26SingleArenaBufferAllocator18GetAvailableMemoryEj
                0x00009174       0x48 /tmp/ccPyqsD6.o
                0x00009174                tflite::SingleArenaBufferAllocator::GetAvailableMemory(unsigned int) const
 .text._ZThn4_N6tflite26SingleArenaBufferAllocatorD1Ev
                0x000091bc        0x4 /tmp/ccPyqsD6.o
                0x000091bc                non-virtual thunk to tflite::SingleArenaBufferAllocator::~SingleArenaBufferAllocator()
 .text._ZThn4_NK6tflite26SingleArenaBufferAllocator22GetPersistentUsedBytesEv
                0x000091c0       0x10 /tmp/ccPyqsD6.o
                0x000091c0                non-virtual thunk to tflite::SingleArenaBufferAllocator::GetPersistentUsedBytes() const
 .text._ZThn4_N6tflite26SingleArenaBufferAllocatorD0Ev
                0x000091d0        0xc /tmp/ccPyqsD6.o
                0x000091d0                non-virtual thunk to tflite::SingleArenaBufferAllocator::~SingleArenaBufferAllocator()
 .text._ZN6tflite26SingleArenaBufferAllocator20ResetTempAllocationsEv
                0x000091dc       0x80 /tmp/ccPyqsD6.o
                0x000091dc                tflite::SingleArenaBufferAllocator::ResetTempAllocations()
 .text._ZThn4_N6tflite26SingleArenaBufferAllocator24AllocatePersistentBufferEjj
                0x0000925c       0x50 /tmp/ccPyqsD6.o
                0x0000925c                non-virtual thunk to tflite::SingleArenaBufferAllocator::AllocatePersistentBuffer(unsigned int, unsigned int)
 .text._ZN6tflite26SingleArenaBufferAllocator25DeallocateResizableBufferEPh
                0x000092ac       0x98 /tmp/ccPyqsD6.o
                0x000092ac                tflite::SingleArenaBufferAllocator::DeallocateResizableBuffer(unsigned char*)
 .text._ZN6tflite26SingleArenaBufferAllocator33ReserveNonPersistentOverlayMemoryEjj
                0x00009344       0xd8 /tmp/ccPyqsD6.o
                0x00009344                tflite::SingleArenaBufferAllocator::ReserveNonPersistentOverlayMemory(unsigned int, unsigned int)
 .text._ZN6tflite26SingleArenaBufferAllocator23AllocateResizableBufferEjj
                0x0000941c       0xe8 /tmp/ccPyqsD6.o
                0x0000941c                tflite::SingleArenaBufferAllocator::AllocateResizableBuffer(unsigned int, unsigned int)
 .text._ZN6tflite26SingleArenaBufferAllocator6CreateEPhj
                0x00009504       0x80 /tmp/ccPyqsD6.o
                0x00009504                tflite::SingleArenaBufferAllocator::Create(unsigned char*, unsigned int)
 .text._ZN6tflite21reference_integer_ops14ConvPerChannelERKNS_10ConvParamsEPKlS5_RKNS_12RuntimeShapeEPKaS8_SA_S8_S5_S8_Pa.isra.0
                0x00009584      0x4e8 /tmp/ccAAxQuE.o
 .text._ZN6tflite12_GLOBAL__N_1L8ConvEvalEP13TfLiteContextP10TfLiteNode
                0x00009a6c     0x1664 /tmp/ccAAxQuE.o
 .text._ZN6tflite16Register_CONV_2DEv
                0x0000b0d0       0x40 /tmp/ccAAxQuE.o
                0x0000b0d0                tflite::Register_CONV_2D()
 .text._ZN6tflite15ConvParamsFloatERK16TfLiteConvParamsRKNS_10OpDataConvE
                0x0000b110       0xd8 /tmp/ccoWUfvi.o
                0x0000b110                tflite::ConvParamsFloat(TfLiteConvParams const&, tflite::OpDataConv const&)
 .text._ZN6tflite19ConvParamsQuantizedERK16TfLiteConvParamsRKNS_10OpDataConvE
                0x0000b1e8       0xb4 /tmp/ccoWUfvi.o
                0x0000b1e8                tflite::ConvParamsQuantized(TfLiteConvParams const&, tflite::OpDataConv const&)
 .text._ZN6tflite8ConvInitEP13TfLiteContextPKcj
                0x0000b29c        0xc /tmp/ccoWUfvi.o
                0x0000b29c                tflite::ConvInit(TfLiteContext*, char const*, unsigned int)
 .text._ZN6tflite19CalculateOpDataConvEP13TfLiteContextP10TfLiteNodeRK16TfLiteConvParamsiiiiii10TfLiteTypePNS_10OpDataConvE
                0x0000b2a8      0x35c /tmp/ccoWUfvi.o
                0x0000b2a8                tflite::CalculateOpDataConv(TfLiteContext*, TfLiteNode*, TfLiteConvParams const&, int, int, int, int, int, int, TfLiteType, tflite::OpDataConv*)
 .text._ZN6tflite11ConvPrepareEP13TfLiteContextP10TfLiteNode
                0x0000b604      0x340 /tmp/ccoWUfvi.o
                0x0000b604                tflite::ConvPrepare(TfLiteContext*, TfLiteNode*)
 .text._ZN6tflite12_GLOBAL__N_1L17DepthwiseConvInitEP13TfLiteContextPKcj
                0x0000b944        0xc /tmp/ccHFTnoE.o
 .text._ZN6tflite21reference_integer_ops23DepthwiseConvPerChannelERKNS_15DepthwiseParamsEPKlS5_RKNS_12RuntimeShapeEPKaS8_SA_S8_S5_S8_Pa.isra.0
                0x0000b950      0x478 /tmp/ccHFTnoE.o
 .text._ZN6tflite12_GLOBAL__N_1L17DepthwiseConvEvalEP13TfLiteContextP10TfLiteNode
                0x0000bdc8      0xff0 /tmp/ccHFTnoE.o
 .text._ZN6tflite26Register_DEPTHWISE_CONV_2DEv
                0x0000cdb8       0x40 /tmp/ccHFTnoE.o
                0x0000cdb8                tflite::Register_DEPTHWISE_CONV_2D()
 .text._ZN6tflite24DepthwiseConvParamsFloatERK25TfLiteDepthwiseConvParamsRKNS_10OpDataConvE
                0x0000cdf8       0xe0 /tmp/ccxvCRPr.o
                0x0000cdf8                tflite::DepthwiseConvParamsFloat(TfLiteDepthwiseConvParams const&, tflite::OpDataConv const&)
 .text._ZN6tflite28DepthwiseConvParamsQuantizedERK25TfLiteDepthwiseConvParamsRKNS_10OpDataConvE
                0x0000ced8       0xbc /tmp/ccxvCRPr.o
                0x0000ced8                tflite::DepthwiseConvParamsQuantized(TfLiteDepthwiseConvParams const&, tflite::OpDataConv const&)
 .text._ZN6tflite28CalculateOpDataDepthwiseConvEP13TfLiteContextP10TfLiteNodeRK25TfLiteDepthwiseConvParamsiiiiii10TfLiteTypePNS_10OpDataConvE
                0x0000cf94      0x3b0 /tmp/ccxvCRPr.o
                0x0000cf94                tflite::CalculateOpDataDepthwiseConv(TfLiteContext*, TfLiteNode*, TfLiteDepthwiseConvParams const&, int, int, int, int, int, int, TfLiteType, tflite::OpDataConv*)
 .text._ZN6tflite20DepthwiseConvPrepareEP13TfLiteContextP10TfLiteNode
                0x0000d344      0x2e8 /tmp/ccxvCRPr.o
                0x0000d344                tflite::DepthwiseConvPrepare(TfLiteContext*, TfLiteNode*)
 .text._ZN6tflite12_GLOBAL__N_1L18FullyConnectedInitEP13TfLiteContextPKcj
                0x0000d62c        0xc /tmp/ccqoyTj4.o
 .text._ZN6tflite12_GLOBAL__N_1L21FullyConnectedPrepareEP13TfLiteContextP10TfLiteNode
                0x0000d638      0x280 /tmp/ccqoyTj4.o
 .text._ZN6tflite21reference_integer_ops14FullyConnectedIaaalEEvRKNS_20FullyConnectedParamsERKNS_12RuntimeShapeEPKT_S7_PKT0_S7_PKT2_S7_PT1_.isra.0
                0x0000d8b8      0x208 /tmp/ccqoyTj4.o
 .text._ZN6tflite12_GLOBAL__N_1L18FullyConnectedEvalEP13TfLiteContextP10TfLiteNode
                0x0000dac0     0x1144 /tmp/ccqoyTj4.o
 .text._ZN6tflite24Register_FULLY_CONNECTEDEv
                0x0000ec04       0x40 /tmp/ccqoyTj4.o
                0x0000ec04                tflite::Register_FULLY_CONNECTED()
 .text._ZN6tflite29FullyConnectedParamsQuantizedERKNS_20OpDataFullyConnectedE
                0x0000ec44       0x44 /tmp/cc1ScNNt.o
                0x0000ec44                tflite::FullyConnectedParamsQuantized(tflite::OpDataFullyConnected const&)
 .text._ZN6tflite25FullyConnectedParamsFloatE21TfLiteFusedActivation
                0x0000ec88       0x80 /tmp/cc1ScNNt.o
                0x0000ec88                tflite::FullyConnectedParamsFloat(TfLiteFusedActivation)
 .text._ZN6tflite29CalculateOpDataFullyConnectedEP13TfLiteContext21TfLiteFusedActivation10TfLiteTypePK12TfLiteTensorS6_S6_PS4_PNS_20OpDataFullyConnectedE
                0x0000ed08      0x260 /tmp/cc1ScNNt.o
                0x0000ed08                tflite::CalculateOpDataFullyConnected(TfLiteContext*, TfLiteFusedActivation, TfLiteType, TfLiteTensor const*, TfLiteTensor const*, TfLiteTensor const*, TfLiteTensor*, tflite::OpDataFullyConnected*)
 .text._ZN6tflite12_GLOBAL__N_1L8PoolInitEP13TfLiteContextPKcj
                0x0000ef68        0xc /tmp/ccLfibv8.o
 .text._ZN6tflite12_GLOBAL__N_1L11AverageEvalEP13TfLiteContextP10TfLiteNode
                0x0000ef74      0x7c4 /tmp/ccLfibv8.o
 .text._ZN6tflite24Register_AVERAGE_POOL_2DEv
                0x0000f738       0x40 /tmp/ccLfibv8.o
                0x0000f738                tflite::Register_AVERAGE_POOL_2D()
 .text._ZN6tflite22CalculateOpDataPoolingEPK13TfLiteContextPK16TfLitePoolParamsPK12TfLiteTensorS8_PNS_13OpDataPoolingE
                0x0000f778      0x184 /tmp/cc7FqWoF.o
                0x0000f778                tflite::CalculateOpDataPooling(TfLiteContext const*, TfLitePoolParams const*, TfLiteTensor const*, TfLiteTensor const*, tflite::OpDataPooling*)
 .text._ZN6tflite14PoolingPrepareEP13TfLiteContextP10TfLiteNode
                0x0000f8fc      0x1ec /tmp/cc7FqWoF.o
                0x0000f8fc                tflite::PoolingPrepare(TfLiteContext*, TfLiteNode*)
 .text._ZN6tflite23AveragePoolingEvalFloatEPK13TfLiteContextPK10TfLiteNodePK16TfLitePoolParamsPKNS_13OpDataPoolingEPK16TfLiteEvalTensorPSC_
                0x0000fae8      0x43c /tmp/cc7FqWoF.o
                0x0000fae8                tflite::AveragePoolingEvalFloat(TfLiteContext const*, TfLiteNode const*, TfLitePoolParams const*, tflite::OpDataPooling const*, TfLiteEvalTensor const*, TfLiteEvalTensor*)
 .text._ZN6tflite12_GLOBAL__N_1L20EvalReshapeReferenceEP13TfLiteContextP10TfLiteNode
                0x0000ff24       0xb4 /tmp/cc1woGQ5.o
 .text._ZN6tflite16Register_RESHAPEEv
                0x0000ffd8       0x3c /tmp/cc1woGQ5.o
                0x0000ffd8                tflite::Register_RESHAPE()
 .text._ZN6tflite23PrepareReshapeReferenceEP13TfLiteContextP10TfLiteNode
                0x00010014      0x278 /tmp/cc0UMRy2.o
                0x00010014                tflite::PrepareReshapeReference(TfLiteContext*, TfLiteNode*)
 .text._ZN6tflite13reference_ops12SoftmaxInt16ERKNS_13SoftmaxParamsERKNS_12RuntimeShapeEPKsS6_Ps
                0x0001028c      0x424 /tmp/ccf65hIK.o
                0x0001028c                tflite::reference_ops::SoftmaxInt16(tflite::SoftmaxParams const&, tflite::RuntimeShape const&, short const*, tflite::RuntimeShape const&, short*)
 .text._ZN6tflite16Register_SOFTMAXEv
                0x000106b0       0x40 /tmp/ccf65hIK.o
                0x000106b0                tflite::Register_SOFTMAX()
 .text._ZN8gemmlowp32one_over_one_plus_x_for_x_in_0_1IlEENS_10FixedPointIT_Li0EEES3_
                0x000106f0      0x26c /tmp/ccf65hIK.o
                0x000106f0                gemmlowp::FixedPoint<long, 0> gemmlowp::one_over_one_plus_x_for_x_in_0_1<long>(gemmlowp::FixedPoint<long, 0>)
 .text._ZN8gemmlowp55exp_on_interval_between_negative_one_quarter_and_0_exclIlEENS_10FixedPointIT_Li0EEES3_
                0x0001095c      0x28c /tmp/ccf65hIK.o
                0x0001095c                gemmlowp::FixedPoint<long, 0> gemmlowp::exp_on_interval_between_negative_one_quarter_and_0_excl<long>(gemmlowp::FixedPoint<long, 0>)
 .text._ZN8gemmlowp22exp_on_negative_valuesIlLi5EEENS_10FixedPointIT_Li0EEENS1_IS2_XT0_EEE
                0x00010be8      0x65c /tmp/ccf65hIK.o
                0x00010be8                gemmlowp::FixedPoint<long, 0> gemmlowp::exp_on_negative_values<long, 5>(gemmlowp::FixedPoint<long, 5>)
 .text._ZN6tflite13reference_ops7SoftmaxIasEEvRKNS_13SoftmaxParamsERKNS_12RuntimeShapeEPKT_S7_PT0_
                0x00011244      0x4dc /tmp/ccf65hIK.o
                0x00011244                void tflite::reference_ops::Softmax<signed char, short>(tflite::SoftmaxParams const&, tflite::RuntimeShape const&, signed char const*, tflite::RuntimeShape const&, short*)
 .text._ZN6tflite13reference_ops7SoftmaxIaaEEvRKNS_13SoftmaxParamsERKNS_12RuntimeShapeEPKT_S7_PT0_
                0x00011720      0x4e0 /tmp/ccf65hIK.o
                0x00011720                void tflite::reference_ops::Softmax<signed char, signed char>(tflite::SoftmaxParams const&, tflite::RuntimeShape const&, signed char const*, tflite::RuntimeShape const&, signed char*)
 .text._ZN6tflite12_GLOBAL__N_1L11SoftmaxEvalEP13TfLiteContextP10TfLiteNode
                0x00011c00      0x3c4 /tmp/ccf65hIK.o
 .text._ZN6tflite22CalculateSoftmaxParamsEP13TfLiteContextPK12TfLiteTensorPS2_PK19TfLiteSoftmaxParamsPNS_13SoftmaxParamsE
                0x00011fc4      0x690 /tmp/ccoaNgP8.o
                0x00011fc4                tflite::CalculateSoftmaxParams(TfLiteContext*, TfLiteTensor const*, TfLiteTensor*, TfLiteSoftmaxParams const*, tflite::SoftmaxParams*)
 .text._ZN6tflite11SoftmaxInitEP13TfLiteContextPKcj
                0x00012654        0xc /tmp/ccoaNgP8.o
                0x00012654                tflite::SoftmaxInit(TfLiteContext*, char const*, unsigned int)
 .text._ZN6tflite14SoftmaxPrepareEP13TfLiteContextP10TfLiteNode
                0x00012660      0x100 /tmp/ccoaNgP8.o
                0x00012660                tflite::SoftmaxPrepare(TfLiteContext*, TfLiteNode*)
 .text._ZN6tflite5micro10RegisterOpEPFPvP13TfLiteContextPKcjEPF12TfLiteStatusS3_P10TfLiteNodeESC_PFvS3_S1_ESE_
                0x00012760       0x20 /tmp/ccStiOVO.o
                0x00012760                tflite::micro::RegisterOp(void* (*)(TfLiteContext*, char const*, unsigned int), TfLiteStatus (*)(TfLiteContext*, TfLiteNode*), TfLiteStatus (*)(TfLiteContext*, TfLiteNode*), void (*)(TfLiteContext*, void*), void (*)(TfLiteContext*, void*))
 .text._ZN6tflite5micro12GetEvalInputEPK13TfLiteContextPK10TfLiteNodei
                0x00012780       0x30 /tmp/ccStiOVO.o
                0x00012780                tflite::micro::GetEvalInput(TfLiteContext const*, TfLiteNode const*, int)
 .text._ZN6tflite5micro13GetEvalOutputEPK13TfLiteContextPK10TfLiteNodei
                0x000127b0       0x18 /tmp/ccStiOVO.o
                0x000127b0                tflite::micro::GetEvalOutput(TfLiteContext const*, TfLiteNode const*, int)
 .text._ZN6tflite5micro14GetTensorShapeEPK16TfLiteEvalTensor
                0x000127c8       0x54 /tmp/ccStiOVO.o
                0x000127c8                tflite::micro::GetTensorShape(TfLiteEvalTensor const*)
 .text._ZN6tflite5micro18RuntimePaddingTypeE13TfLitePadding
                0x0001281c       0x18 /tmp/ccStiOVO.o
                0x0001281c                tflite::micro::RuntimePaddingType(TfLitePadding)
 .text._ZN6tflite5micro32CreateWritableTensorDimsWithCopyEP13TfLiteContextP12TfLiteTensorP16TfLiteEvalTensor
                0x00012834       0xb4 /tmp/ccStiOVO.o
                0x00012834                tflite::micro::CreateWritableTensorDimsWithCopy(TfLiteContext*, TfLiteTensor*, TfLiteEvalTensor*)
 .text._ZN6tflite12tensor_utils23UnpackDenseInt4IntoInt8EPKaiPa
                0x000128e8       0x68 /tmp/ccbqjTNg.o
                0x000128e8                tflite::tensor_utils::UnpackDenseInt4IntoInt8(signed char const*, int, signed char*)
 .text._ZN6tflite12_GLOBAL__N_1L37CalculateActivationRangeQuantizedImplEP13TfLiteContext21TfLiteFusedActivationllP12TfLiteTensorPlS6_.isra.0
                0x00012950      0x2c8 /tmp/ccIR1pe5.o
 .text._ZN6tflite37PopulateConvolutionQuantizationParamsEP13TfLiteContextPK12TfLiteTensorS4_S4_PS2_RK21TfLiteFusedActivationPlPiS9_S9_S9_S9_i
                0x00012c18      0x404 /tmp/ccIR1pe5.o
                0x00012c18                tflite::PopulateConvolutionQuantizationParams(TfLiteContext*, TfLiteTensor const*, TfLiteTensor const*, TfLiteTensor const*, TfLiteTensor*, TfLiteFusedActivation const&, long*, int*, long*, long*, long*, long*, int)
 .text._ZN6tflite32GetQuantizedConvolutionMultiplerEP13TfLiteContextPK12TfLiteTensorS4_S4_PS2_Pd
                0x0001301c      0x16c /tmp/ccIR1pe5.o
                0x0001301c                tflite::GetQuantizedConvolutionMultipler(TfLiteContext*, TfLiteTensor const*, TfLiteTensor const*, TfLiteTensor const*, TfLiteTensor*, double*)
 .text._ZN6tflite33CalculateActivationRangeQuantizedEP13TfLiteContext21TfLiteFusedActivationP12TfLiteTensorPlS5_
                0x00013188       0x7c /tmp/ccIR1pe5.o
                0x00013188                tflite::CalculateActivationRangeQuantized(TfLiteContext*, TfLiteFusedActivation, TfLiteTensor*, long*, long*)
 .text.TfLiteIntArrayGetSizeInBytes
                0x00013204        0xc /tmp/ccZ9p8mN.o
                0x00013204                TfLiteIntArrayGetSizeInBytes
 .text.TfLiteTypeGetName
                0x00013210       0x2c /tmp/ccZ9p8mN.o
                0x00013210                TfLiteTypeGetName
 .text._ZN6tflite17ConvertTensorTypeENS_10TensorTypeEP10TfLiteTypePNS_13ErrorReporterE
                0x0001323c      0x130 /tmp/cc0ASS7V.o
                0x0001323c                tflite::ConvertTensorType(tflite::TensorType, TfLiteType*, tflite::ErrorReporter*)
 .text._ZN6tflite11ParseConv2DEPKNS_8OperatorEPNS_13ErrorReporterEPNS_20BuiltinDataAllocatorEPPv
                0x0001336c      0x250 /tmp/cc0ASS7V.o
                0x0001336c                tflite::ParseConv2D(tflite::Operator const*, tflite::ErrorReporter*, tflite::BuiltinDataAllocator*, void**)
 .text._ZN6tflite20ParseDepthwiseConv2DEPKNS_8OperatorEPNS_13ErrorReporterEPNS_20BuiltinDataAllocatorEPPv
                0x000135bc      0x1d4 /tmp/cc0ASS7V.o
                0x000135bc                tflite::ParseDepthwiseConv2D(tflite::Operator const*, tflite::ErrorReporter*, tflite::BuiltinDataAllocator*, void**)
 .text._ZN6tflite19ParseFullyConnectedEPKNS_8OperatorEPNS_13ErrorReporterEPNS_20BuiltinDataAllocatorEPPv
                0x00013790      0x254 /tmp/cc0ASS7V.o
                0x00013790                tflite::ParseFullyConnected(tflite::Operator const*, tflite::ErrorReporter*, tflite::BuiltinDataAllocator*, void**)
 .text._ZN6tflite9ParsePoolEPKNS_8OperatorEPNS_13ErrorReporterEPNS_20BuiltinDataAllocatorEPPv
                0x000139e4      0x1b4 /tmp/cc0ASS7V.o
                0x000139e4                tflite::ParsePool(tflite::Operator const*, tflite::ErrorReporter*, tflite::BuiltinDataAllocator*, void**)
 .text._ZN6tflite12ParseReshapeEPKNS_8OperatorEPNS_13ErrorReporterEPNS_20BuiltinDataAllocatorEPPv
                0x00013b98      0x154 /tmp/cc0ASS7V.o
                0x00013b98                tflite::ParseReshape(tflite::Operator const*, tflite::ErrorReporter*, tflite::BuiltinDataAllocator*, void**)
 .text._ZN6tflite12ParseSoftmaxEPKNS_8OperatorEPNS_13ErrorReporterEPNS_20BuiltinDataAllocatorEPPv
                0x00013cec       0xc8 /tmp/cc0ASS7V.o
                0x00013cec                tflite::ParseSoftmax(tflite::Operator const*, tflite::ErrorReporter*, tflite::BuiltinDataAllocator*, void**)
 .text._ZN6tflite14GetBuiltinCodeEPKNS_12OperatorCodeE
                0x00013db4       0x70 /tmp/cc7syEgc.o
                0x00013db4                tflite::GetBuiltinCode(tflite::OperatorCode const*)
 .text._ZN6tflite29MultiplyByQuantizedMultiplierElli
                0x00013e24      0x134 /tmp/ccswKA9F.o
                0x00013e24                tflite::MultiplyByQuantizedMultiplier(long, long, int)
 .text._ZN6tflite29MultiplyByQuantizedMultiplierExli
                0x00013f58       0xf0 /tmp/ccswKA9F.o
                0x00013f58                tflite::MultiplyByQuantizedMultiplier(long long, long, int)
 .text._ZN6tflite18QuantizeMultiplierEdPlPi.part.0
                0x00014048       0x94 /tmp/ccTse5mD.o
 .text._ZN6tflite18QuantizeMultiplierEdPlPi
                0x000140dc       0x88 /tmp/ccTse5mD.o
                0x000140dc                tflite::QuantizeMultiplier(double, long*, int*)
 .text._ZN6tflite24PreprocessSoftmaxScalingEddiPlPi
                0x00014164      0x100 /tmp/ccTse5mD.o
                0x00014164                tflite::PreprocessSoftmaxScaling(double, double, int, long*, int*)
 .text._ZN6tflite20CalculateInputRadiusEiii
                0x00014264       0xe8 /tmp/ccTse5mD.o
                0x00014264                tflite::CalculateInputRadius(int, int, int)
 .text.floor    0x0001434c      0x218 /opt/riscv32i/lib/gcc/riscv32-unknown-elf/15.2.0/../../../../riscv32-unknown-elf/lib/libm.a(libm_a-s_floor.o)
                0x0001434c                floor
 .text.frexp    0x00014564       0xbc /opt/riscv32i/lib/gcc/riscv32-unknown-elf/15.2.0/../../../../riscv32-unknown-elf/lib/libm.a(libm_a-s_frexp.o)
                0x00014564                frexp
 .text.expf     0x00014620       0xa8 /opt/riscv32i/lib/gcc/riscv32-unknown-elf/15.2.0/../../../../riscv32-unknown-elf/lib/libm.a(libm_a-wf_exp.o)
                0x00014620                expf
 .text.round    0x000146c8      0x104 /opt/riscv32i/lib/gcc/riscv32-unknown-elf/15.2.0/../../../../riscv32-unknown-elf/lib/libm.a(libm_a-s_round.o)
                0x000146c8                round
 .text.roundf   0x000147cc       0x8c /opt/riscv32i/lib/gcc/riscv32-unknown-elf/15.2.0/../../../../riscv32-unknown-elf/lib/libm.a(libm_a-sf_round.o)
                0x000147cc                roundf
 .text.with_errnof
                0x00014858       0x34 /opt/riscv32i/lib/gcc/riscv32-unknown-elf/15.2.0/../../../../riscv32-unknown-elf/lib/libm.a(libm_a-math_errf.o)
 .text.xflowf   0x0001488c       0x40 /opt/riscv32i/lib/gcc/riscv32-unknown-elf/15.2.0/../../../../riscv32-unknown-elf/lib/libm.a(libm_a-math_errf.o)
 .text.__math_uflowf
                0x000148cc        0xc /opt/riscv32i/lib/gcc/riscv32-unknown-elf/15.2.0/../../../../riscv32-unknown-elf/lib/libm.a(libm_a-math_errf.o)
                0x000148cc                __math_uflowf
 .text.__math_oflowf
                0x000148d8        0xc /opt/riscv32i/lib/gcc/riscv32-unknown-elf/15.2.0/../../../../riscv32-unknown-elf/lib/libm.a(libm_a-math_errf.o)
                0x000148d8                __math_oflowf
 .text.finitef  0x000148e4       0x14 /opt/riscv32i/lib/gcc/riscv32-unknown-elf/15.2.0/../../../../riscv32-unknown-elf/lib/libm.a(libm_a-sf_finite.o)
                0x000148e4                finitef
 .text.__ieee754_expf
                0x000148f8      0x3dc /opt/riscv32i/lib/gcc/riscv32-unknown-elf/15.2.0/../../../../riscv32-unknown-elf/lib/libm.a(libm_a-ef_exp.o)
                0x000148f8                __ieee754_expf

.mailbox        0x20000000     0x1000
                0x20000000                        . = ALIGN (0x4)
                0x20000000                        __mailbox_start = .
                0x20001000                        . = (. + 0x1000)
 *fill*         0x20000000     0x1000 
                0x20001000                        __mailbox_end = .

.rodata         0x20001000     0xdaf8
                0x20001000                        . = ALIGN (0x4)
 *(.rodata)
 .rodata        0x20001000       0x3c /opt/riscv32i/lib/gcc/riscv32-unknown-elf/15.2.0/libgcc.a(divdf3.o)
 .rodata        0x2000103c       0x3c /opt/riscv32i/lib/gcc/riscv32-unknown-elf/15.2.0/libgcc.a(divsf3.o)
 .rodata        0x20001078      0x100 /opt/riscv32i/lib/gcc/riscv32-unknown-elf/15.2.0/libgcc.a(_clz.o)
                0x20001078                __clz_tab
 *(.rodata.*)
 .rodata._ZTVN6tflite22MicroMutableOpResolverILj6EEE
                0x20001178       0x1c /tmp/cciZVbVk.o
                0x20001178                vtable for tflite::MicroMutableOpResolver<6u>
 .rodata.g_kws_inputs
                0x20001194      0x1ea /tmp/cczH4Mhs.o
                0x20001194                g_kws_inputs
 *fill*         0x2000137e        0x2 
 .rodata.g_kws_model_data
                0x20001380     0xd2b0 /tmp/ccZyNWlG.o
                0x20001380                g_kws_model_data
 .rodata._ZTVN6tflite23MicroInterpreterContextE
                0x2000e630       0x50 /tmp/ccJYVXY5.o
                0x2000e630                vtable for tflite::MicroInterpreterContext
 .rodata._ZTVN6tflite12_GLOBAL__N_125MicroBuiltinDataAllocatorE
                0x2000e680       0x18 /tmp/ccNyN07d.o
 .rodata._ZTVN6tflite14MicroAllocatorE
                0x2000e698       0x4c /tmp/ccNyN07d.o
                0x2000e698                vtable for tflite::MicroAllocator
 .rodata._ZN6tflite12_GLOBAL__N_1L24kOfflineMemAllocMetadataE
                0x2000e6e4       0x18 /tmp/ccrhuSA1.o
 .rodata._ZTVN6tflite21MicroInterpreterGraphE
                0x2000e6fc       0x44 /tmp/ccIceoIm.o
                0x2000e6fc                vtable for tflite::MicroInterpreterGraph
 .rodata._ZTVN6tflite18MicroErrorReporterE
                0x2000e740       0x14 /tmp/ccRgHsjy.o
                0x2000e740                vtable for tflite::MicroErrorReporter
 .rodata._ZTVN6tflite19GreedyMemoryPlannerE
                0x2000e754       0x30 /tmp/cc9Fi3ZI.o
                0x2000e754                vtable for tflite::GreedyMemoryPlanner
 .rodata._ZTVN6tflite19LinearMemoryPlannerE
                0x2000e784       0x30 /tmp/cci2qO0W.o
                0x2000e784                vtable for tflite::LinearMemoryPlanner
 .rodata._ZN6tflite16TfLiteTypeSizeOfE10TfLiteTypePj
                0x2000e7b4       0x28 /tmp/ccf9w2RA.o
 .rodata._ZTVN6tflite26SingleArenaBufferAllocatorE
                0x2000e7dc       0x5c /tmp/ccPyqsD6.o
                0x2000e7dc                vtable for tflite::SingleArenaBufferAllocator
 .rodata.TfLiteTypeGetName.str1.4
                0x2000e838       0xd2 /tmp/ccZ9p8mN.o
                                  0xd (size before relaxing)
 .rodata.str1.4
                0x2000e90a        0x0 /tmp/ccZ9p8mN.o
                                 0xbe (size before relaxing)
 *fill*         0x2000e90a        0x2 
 .rodata.CSWTCH.49
                0x2000e90c       0x58 /tmp/ccZ9p8mN.o
 .rodata._ZN6tflite17ConvertTensorTypeENS_10TensorTypeEP10TfLiteTypePNS_13ErrorReporterE
                0x2000e964       0x54 /tmp/cc0ASS7V.o
 *(.srodata)
 *(.srodata.*)
 .srodata._ZN6tflite12_GLOBAL__N_1L19kZeroLengthIntArrayE
                0x2000e9b8        0x4 /tmp/ccNyN07d.o
 .srodata._ZN6tflite17kConvOutputTensorE
                0x2000e9bc        0x4 /tmp/ccoWUfvi.o
                0x2000e9bc                tflite::kConvOutputTensor
 .srodata._ZN6tflite15kConvBiasTensorE
                0x2000e9c0        0x4 /tmp/ccoWUfvi.o
                0x2000e9c0                tflite::kConvBiasTensor
 .srodata._ZN6tflite18kConvWeightsTensorE
                0x2000e9c4        0x4 /tmp/ccoWUfvi.o
                0x2000e9c4                tflite::kConvWeightsTensor
 .srodata._ZN6tflite16kConvInputTensorE
                0x2000e9c8        0x4 /tmp/ccoWUfvi.o
                0x2000e9c8                tflite::kConvInputTensor
 .srodata.cst4  0x2000e9cc       0x94 /tmp/ccoWUfvi.o
                                 0x14 (size before relaxing)
 .srodata._ZN6tflite26kDepthwiseConvOutputTensorE
                0x2000ea60        0x4 /tmp/ccxvCRPr.o
                0x2000ea60                tflite::kDepthwiseConvOutputTensor
 .srodata._ZN6tflite24kDepthwiseConvBiasTensorE
                0x2000ea64        0x4 /tmp/ccxvCRPr.o
                0x2000ea64                tflite::kDepthwiseConvBiasTensor
 .srodata._ZN6tflite27kDepthwiseConvWeightsTensorE
                0x2000ea68        0x4 /tmp/ccxvCRPr.o
                0x2000ea68                tflite::kDepthwiseConvWeightsTensor
 .srodata._ZN6tflite25kDepthwiseConvInputTensorE
                0x2000ea6c        0x4 /tmp/ccxvCRPr.o
                0x2000ea6c                tflite::kDepthwiseConvInputTensor
 .srodata.cst4  0x2000ea70        0x0 /tmp/ccxvCRPr.o
                                 0x14 (size before relaxing)
 .srodata._ZN6tflite27kFullyConnectedOutputTensorE
                0x2000ea70        0x4 /tmp/cc1ScNNt.o
                0x2000ea70                tflite::kFullyConnectedOutputTensor
 .srodata._ZN6tflite25kFullyConnectedBiasTensorE
                0x2000ea74        0x4 /tmp/cc1ScNNt.o
                0x2000ea74                tflite::kFullyConnectedBiasTensor
 .srodata._ZN6tflite28kFullyConnectedWeightsTensorE
                0x2000ea78        0x4 /tmp/cc1ScNNt.o
                0x2000ea78                tflite::kFullyConnectedWeightsTensor
 .srodata._ZN6tflite26kFullyConnectedInputTensorE
                0x2000ea7c        0x4 /tmp/cc1ScNNt.o
                0x2000ea7c                tflite::kFullyConnectedInputTensor
 .srodata.cst4  0x2000ea80        0x0 /tmp/cc1ScNNt.o
                                 0x14 (size before relaxing)
 .srodata._ZN6tflite20kPoolingOutputTensorE
                0x2000ea80        0x4 /tmp/cc7FqWoF.o
                0x2000ea80                tflite::kPoolingOutputTensor
 .srodata._ZN6tflite19kPoolingInputTensorE
                0x2000ea84        0x4 /tmp/cc7FqWoF.o
                0x2000ea84                tflite::kPoolingInputTensor
 .srodata.cst8  0x2000ea88       0x58 /tmp/cc7FqWoF.o
                                  0x8 (size before relaxing)
 .srodata.cst4  0x2000eae0        0x0 /tmp/cc7FqWoF.o
                                 0x14 (size before relaxing)
 .srodata.cst4  0x2000eae0        0x0 /tmp/ccf65hIK.o
                                  0x4 (size before relaxing)
 .srodata.cst4  0x2000eae0        0x0 /tmp/ccoaNgP8.o
                                 0x3c (size before relaxing)
 .srodata.cst8  0x2000eae0        0x0 /tmp/ccoaNgP8.o
                                  0x8 (size before relaxing)
 .srodata.cst4  0x2000eae0        0x0 /tmp/ccIR1pe5.o
                                 0x10 (size before relaxing)
 .srodata.cst8  0x2000eae0        0x0 /tmp/ccIR1pe5.o
                                  0x8 (size before relaxing)
 .srodata.cst8  0x2000eae0        0x0 /tmp/ccTse5mD.o
                                 0x30 (size before relaxing)
 .srodata.cst8  0x2000eae0        0x0 /opt/riscv32i/lib/gcc/riscv32-unknown-elf/15.2.0/../../../../riscv32-unknown-elf/lib/libm.a(libm_a-s_floor.o)
                                  0x8 (size before relaxing)
 .srodata.cst8  0x2000eae0        0x0 /opt/riscv32i/lib/gcc/riscv32-unknown-elf/15.2.0/../../../../riscv32-unknown-elf/lib/libm.a(libm_a-s_frexp.o)
                                  0x8 (size before relaxing)
 .srodata.cst4  0x2000eae0        0x0 /opt/riscv32i/lib/gcc/riscv32-unknown-elf/15.2.0/../../../../riscv32-unknown-elf/lib/libm.a(libm_a-wf_exp.o)
                                  0xc (size before relaxing)
 .srodata.cst4  0x2000eae0        0x0 /opt/riscv32i/lib/gcc/riscv32-unknown-elf/15.2.0/../../../../riscv32-unknown-elf/lib/libm.a(libm_a-math_errf.o)
                                 0x10 (size before relaxing)
 .srodata.ln2LO
                0x2000eae0        0x8 /opt/riscv32i/lib/gcc/riscv32-unknown-elf/15.2.0/../../../../riscv32-unknown-elf/lib/libm.a(libm_a-ef_exp.o)
 .srodata.ln2HI
                0x2000eae8        0x8 /opt/riscv32i/lib/gcc/riscv32-unknown-elf/15.2.0/../../../../riscv32-unknown-elf/lib/libm.a(libm_a-ef_exp.o)
 .srodata.halF  0x2000eaf0        0x8 /opt/riscv32i/lib/gcc/riscv32-unknown-elf/15.2.0/../../../../riscv32-unknown-elf/lib/libm.a(libm_a-ef_exp.o)
 .srodata.cst4  0x2000eaf8        0x0 /opt/riscv32i/lib/gcc/riscv32-unknown-elf/15.2.0/../../../../riscv32-unknown-elf/lib/libm.a(libm_a-ef_exp.o)
                                 0x30 (size before relaxing)
                0x2000eaf8                        . = ALIGN (0x4)

.rela.dyn       0x2000eaf8        0x0
 .rela.text.init
                0x2000eaf8        0x0 /tmp/cceFS9J7.o
 .rela.text.startup.main
                0x2000eaf8        0x0 /tmp/cceFS9J7.o
 .rela.rodata._ZTVN6tflite22MicroMutableOpResolverILj6EEE
                0x2000eaf8        0x0 /tmp/cceFS9J7.o
 .rela.text._ZN6tflite30MicroContextGetExternalContextEP13TfLiteContext25TfLiteExternalContextType
                0x2000eaf8        0x0 /tmp/cceFS9J7.o
 .rela.text._ZN6tflite16MicroInterpreterC2EPKNS_5ModelERKNS_15MicroOpResolverEPhjPNS_22MicroResourceVariablesEPNS_22MicroProfilerInterfaceEb
                0x2000eaf8        0x0 /tmp/cceFS9J7.o
 .rela.text._ZN6tflite23MicroInterpreterContextC2EPNS_14MicroAllocatorEPKNS_5ModelEPNS_21MicroInterpreterGraphE
                0x2000eaf8        0x0 /tmp/cceFS9J7.o
 .rela.rodata._ZTVN6tflite23MicroInterpreterContextE
                0x2000eaf8        0x0 /tmp/cceFS9J7.o
 .rela.text._ZN6tflite14MicroAllocator22CommitStaticMemoryPlanEPKNS_5ModelEPNS_19SubgraphAllocationsEPNS_19ScratchBufferHandleE
                0x2000eaf8        0x0 /tmp/cceFS9J7.o
 .rela.text._ZN6tflite14MicroAllocator6CreateEPhjNS_17MemoryPlannerTypeE
                0x2000eaf8        0x0 /tmp/cceFS9J7.o
 .rela.text._ZN6tflite21MicroInterpreterGraphC2EP13TfLiteContextPKNS_5ModelEPNS_14MicroAllocatorEPNS_22MicroResourceVariablesE
                0x2000eaf8        0x0 /tmp/cceFS9J7.o
 .rela.rodata._ZTVN6tflite21MicroInterpreterGraphE
                0x2000eaf8        0x0 /tmp/cceFS9J7.o
 .rela.text._ZN6tflite21GetMicroErrorReporterEv
                0x2000eaf8        0x0 /tmp/cceFS9J7.o
 .rela.rodata._ZTVN6tflite18MicroErrorReporterE
                0x2000eaf8        0x0 /tmp/cceFS9J7.o
 .rela.text._ZN6tflite19GreedyMemoryPlannerC2Ev
                0x2000eaf8        0x0 /tmp/cceFS9J7.o
 .rela.rodata._ZTVN6tflite19GreedyMemoryPlannerE
                0x2000eaf8        0x0 /tmp/cceFS9J7.o
 .rela.text._ZN6tflite19LinearMemoryPlannerC2Ev
                0x2000eaf8        0x0 /tmp/cceFS9J7.o
 .rela.rodata._ZTVN6tflite19LinearMemoryPlannerE
                0x2000eaf8        0x0 /tmp/cceFS9J7.o
 .rela.text._ZN6tflite26SingleArenaBufferAllocator6CreateEPhj
                0x2000eaf8        0x0 /tmp/cceFS9J7.o

.data           0x2000eaf8        0x0
                0x2000eaf8                        . = ALIGN (0x4)
                0x2000eaf8                        __data_start = .
 *(.sdata)
 *(.sdata.*)
 *(.data)
 *(.data.*)
                0x2000eaf8                        . = ALIGN (0x4)
                0x2000eaf8                        __data_end = .

.bss            0x2000eb00    0x2d010
                0x2000eb00                        . = ALIGN (0x10)
                0x2000eb00                        __bss_start = .
 *(.sbss)
 *(.sbss.*)
 .sbss._ZZ7__errnoE5value
                0x2000eb00        0x4 /tmp/cci6H5nW.o
 .sbss._ZN12_GLOBAL__N_1L15error_reporter_E
                0x2000eb04        0x4 /tmp/ccRgHsjy.o
 .sbss._ZN12_GLOBAL__N_1L27micro_error_reporter_bufferE
                0x2000eb08        0x4 /tmp/ccRgHsjy.o
 *(.bss)
 *(.bss.*)
 *fill*         0x2000eb0c        0x4 
 .bss._ZN12_GLOBAL__N_1L12tensor_arenaE
                0x2000eb10    0x2d000 /tmp/cciZVbVk.o
 *(COMMON)
                0x2003bb10                        . = ALIGN (0x10)
                0x2003bb10                        __bss_end = .
                [!provide]                        PROVIDE (__result_base = ORIGIN (DMEM))
                [!provide]                        PROVIDE (__global_pointer$ = (__data_start + 0x800))
                0x20040000                        PROVIDE (_stack_top = (ORIGIN (DMEM) + LENGTH (DMEM)))

/DISCARD/
 *(.comment)
 *(.note*)
 *(.gnu*)
 *(.riscv.attributes)
 *(.eh_frame)
 *(.eh_frame.*)
 *(.init_array*)
 *(.fini_array*)
OUTPUT(/home/hosung/Ho/SoCLab workspace/RV32I-Project/TinyML/MLPerf_Tiny_standalone/build_rv32i/main_kws_rv32i.elf elf32-littleriscv)

.debug_info     0x00000000     0x55b4
 .debug_info    0x00000000      0x168 /opt/riscv32i/lib/gcc/riscv32-unknown-elf/15.2.0/libgcc.a(_clzsi2.o)
 .debug_info    0x00000168      0x582 /opt/riscv32i/lib/gcc/riscv32-unknown-elf/15.2.0/libgcc.a(adddf3.o)
 .debug_info    0x000006ea      0x901 /opt/riscv32i/lib/gcc/riscv32-unknown-elf/15.2.0/libgcc.a(divdf3.o)
 .debug_info    0x00000feb      0x248 /opt/riscv32i/lib/gcc/riscv32-unknown-elf/15.2.0/libgcc.a(eqdf2.o)
 .debug_info    0x00001233      0x25a /opt/riscv32i/lib/gcc/riscv32-unknown-elf/15.2.0/libgcc.a(gedf2.o)
 .debug_info    0x0000148d      0x25a /opt/riscv32i/lib/gcc/riscv32-unknown-elf/15.2.0/libgcc.a(ledf2.o)
 .debug_info    0x000016e7      0x9eb /opt/riscv32i/lib/gcc/riscv32-unknown-elf/15.2.0/libgcc.a(muldf3.o)
 .debug_info    0x000020d2      0x582 /opt/riscv32i/lib/gcc/riscv32-unknown-elf/15.2.0/libgcc.a(subdf3.o)
 .debug_info    0x00002654      0x1de /opt/riscv32i/lib/gcc/riscv32-unknown-elf/15.2.0/libgcc.a(fixdfsi.o)
 .debug_info    0x00002832      0x289 /opt/riscv32i/lib/gcc/riscv32-unknown-elf/15.2.0/libgcc.a(floatsidf.o)
 .debug_info    0x00002abb      0x1fd /opt/riscv32i/lib/gcc/riscv32-unknown-elf/15.2.0/libgcc.a(fixdfdi.o)
 .debug_info    0x00002cb8      0x2fa /opt/riscv32i/lib/gcc/riscv32-unknown-elf/15.2.0/libgcc.a(floatdidf.o)
 .debug_info    0x00002fb2      0x32d /opt/riscv32i/lib/gcc/riscv32-unknown-elf/15.2.0/libgcc.a(addsf3.o)
 .debug_info    0x000032df      0x42e /opt/riscv32i/lib/gcc/riscv32-unknown-elf/15.2.0/libgcc.a(divsf3.o)
 .debug_info    0x0000370d      0x219 /opt/riscv32i/lib/gcc/riscv32-unknown-elf/15.2.0/libgcc.a(eqsf2.o)
 .debug_info    0x00003926      0x22d /opt/riscv32i/lib/gcc/riscv32-unknown-elf/15.2.0/libgcc.a(gesf2.o)
 .debug_info    0x00003b53      0x22d /opt/riscv32i/lib/gcc/riscv32-unknown-elf/15.2.0/libgcc.a(lesf2.o)
 .debug_info    0x00003d80      0x445 /opt/riscv32i/lib/gcc/riscv32-unknown-elf/15.2.0/libgcc.a(mulsf3.o)
 .debug_info    0x000041c5      0x32d /opt/riscv32i/lib/gcc/riscv32-unknown-elf/15.2.0/libgcc.a(subsf3.o)
 .debug_info    0x000044f2      0x1ce /opt/riscv32i/lib/gcc/riscv32-unknown-elf/15.2.0/libgcc.a(fixsfsi.o)
 .debug_info    0x000046c0      0x23c /opt/riscv32i/lib/gcc/riscv32-unknown-elf/15.2.0/libgcc.a(floatsisf.o)
 .debug_info    0x000048fc      0x281 /opt/riscv32i/lib/gcc/riscv32-unknown-elf/15.2.0/libgcc.a(extendsfdf2.o)
 .debug_info    0x00004b7d      0x2c4 /opt/riscv32i/lib/gcc/riscv32-unknown-elf/15.2.0/libgcc.a(truncdfsf2.o)
 .debug_info    0x00004e41       0x31 /opt/riscv32i/lib/gcc/riscv32-unknown-elf/15.2.0/libgcc.a(muldi3.o)
 .debug_info    0x00004e72      0x273 /opt/riscv32i/lib/gcc/riscv32-unknown-elf/15.2.0/libgcc.a(multi3.o)
 .debug_info    0x000050e5       0x5f /opt/riscv32i/lib/gcc/riscv32-unknown-elf/15.2.0/libgcc.a(div.o)
 .debug_info    0x00005144      0x1bf /opt/riscv32i/lib/gcc/riscv32-unknown-elf/15.2.0/libgcc.a(_lshrdi3.o)
 .debug_info    0x00005303      0x1bf /opt/riscv32i/lib/gcc/riscv32-unknown-elf/15.2.0/libgcc.a(_ashldi3.o)
 .debug_info    0x000054c2       0xf2 /opt/riscv32i/lib/gcc/riscv32-unknown-elf/15.2.0/libgcc.a(_clz.o)

.debug_abbrev   0x00000000     0x2531
 .debug_abbrev  0x00000000       0xd9 /opt/riscv32i/lib/gcc/riscv32-unknown-elf/15.2.0/libgcc.a(_clzsi2.o)
 .debug_abbrev  0x000000d9      0x195 /opt/riscv32i/lib/gcc/riscv32-unknown-elf/15.2.0/libgcc.a(adddf3.o)
 .debug_abbrev  0x0000026e      0x19f /opt/riscv32i/lib/gcc/riscv32-unknown-elf/15.2.0/libgcc.a(divdf3.o)
 .debug_abbrev  0x0000040d      0x170 /opt/riscv32i/lib/gcc/riscv32-unknown-elf/15.2.0/libgcc.a(eqdf2.o)
 .debug_abbrev  0x0000057d      0x174 /opt/riscv32i/lib/gcc/riscv32-unknown-elf/15.2.0/libgcc.a(gedf2.o)
 .debug_abbrev  0x000006f1      0x174 /opt/riscv32i/lib/gcc/riscv32-unknown-elf/15.2.0/libgcc.a(ledf2.o)
 .debug_abbrev  0x00000865      0x1b1 /opt/riscv32i/lib/gcc/riscv32-unknown-elf/15.2.0/libgcc.a(muldf3.o)
 .debug_abbrev  0x00000a16      0x195 /opt/riscv32i/lib/gcc/riscv32-unknown-elf/15.2.0/libgcc.a(subdf3.o)
 .debug_abbrev  0x00000bab      0x15e /opt/riscv32i/lib/gcc/riscv32-unknown-elf/15.2.0/libgcc.a(fixdfsi.o)
 .debug_abbrev  0x00000d09      0x173 /opt/riscv32i/lib/gcc/riscv32-unknown-elf/15.2.0/libgcc.a(floatsidf.o)
 .debug_abbrev  0x00000e7c      0x171 /opt/riscv32i/lib/gcc/riscv32-unknown-elf/15.2.0/libgcc.a(fixdfdi.o)
 .debug_abbrev  0x00000fed      0x190 /opt/riscv32i/lib/gcc/riscv32-unknown-elf/15.2.0/libgcc.a(floatdidf.o)
 .debug_abbrev  0x0000117d      0x18c /opt/riscv32i/lib/gcc/riscv32-unknown-elf/15.2.0/libgcc.a(addsf3.o)
 .debug_abbrev  0x00001309      0x150 /opt/riscv32i/lib/gcc/riscv32-unknown-elf/15.2.0/libgcc.a(divsf3.o)
 .debug_abbrev  0x00001459      0x156 /opt/riscv32i/lib/gcc/riscv32-unknown-elf/15.2.0/libgcc.a(eqsf2.o)
 .debug_abbrev  0x000015af      0x168 /opt/riscv32i/lib/gcc/riscv32-unknown-elf/15.2.0/libgcc.a(gesf2.o)
 .debug_abbrev  0x00001717      0x168 /opt/riscv32i/lib/gcc/riscv32-unknown-elf/15.2.0/libgcc.a(lesf2.o)
 .debug_abbrev  0x0000187f      0x187 /opt/riscv32i/lib/gcc/riscv32-unknown-elf/15.2.0/libgcc.a(mulsf3.o)
 .debug_abbrev  0x00001a06      0x18c /opt/riscv32i/lib/gcc/riscv32-unknown-elf/15.2.0/libgcc.a(subsf3.o)
 .debug_abbrev  0x00001b92      0x15b /opt/riscv32i/lib/gcc/riscv32-unknown-elf/15.2.0/libgcc.a(fixsfsi.o)
 .debug_abbrev  0x00001ced      0x17c /opt/riscv32i/lib/gcc/riscv32-unknown-elf/15.2.0/libgcc.a(floatsisf.o)
 .debug_abbrev  0x00001e69      0x16a /opt/riscv32i/lib/gcc/riscv32-unknown-elf/15.2.0/libgcc.a(extendsfdf2.o)
 .debug_abbrev  0x00001fd3      0x14b /opt/riscv32i/lib/gcc/riscv32-unknown-elf/15.2.0/libgcc.a(truncdfsf2.o)
 .debug_abbrev  0x0000211e       0x28 /opt/riscv32i/lib/gcc/riscv32-unknown-elf/15.2.0/libgcc.a(muldi3.o)
 .debug_abbrev  0x00002146      0x125 /opt/riscv32i/lib/gcc/riscv32-unknown-elf/15.2.0/libgcc.a(multi3.o)
 .debug_abbrev  0x0000226b       0x28 /opt/riscv32i/lib/gcc/riscv32-unknown-elf/15.2.0/libgcc.a(div.o)
 .debug_abbrev  0x00002293      0x114 /opt/riscv32i/lib/gcc/riscv32-unknown-elf/15.2.0/libgcc.a(_lshrdi3.o)
 .debug_abbrev  0x000023a7      0x114 /opt/riscv32i/lib/gcc/riscv32-unknown-elf/15.2.0/libgcc.a(_ashldi3.o)
 .debug_abbrev  0x000024bb       0x76 /opt/riscv32i/lib/gcc/riscv32-unknown-elf/15.2.0/libgcc.a(_clz.o)

.debug_loclists
                0x00000000     0x6ed8
 .debug_loclists
                0x00000000       0x52 /opt/riscv32i/lib/gcc/riscv32-unknown-elf/15.2.0/libgcc.a(_clzsi2.o)
 .debug_loclists
                0x00000052      0xf7b /opt/riscv32i/lib/gcc/riscv32-unknown-elf/15.2.0/libgcc.a(adddf3.o)
 .debug_loclists
                0x00000fcd      0xf69 /opt/riscv32i/lib/gcc/riscv32-unknown-elf/15.2.0/libgcc.a(divdf3.o)
 .debug_loclists
                0x00001f36       0xa0 /opt/riscv32i/lib/gcc/riscv32-unknown-elf/15.2.0/libgcc.a(eqdf2.o)
 .debug_loclists
                0x00001fd6       0xff /opt/riscv32i/lib/gcc/riscv32-unknown-elf/15.2.0/libgcc.a(gedf2.o)
 .debug_loclists
                0x000020d5       0xff /opt/riscv32i/lib/gcc/riscv32-unknown-elf/15.2.0/libgcc.a(ledf2.o)
 .debug_loclists
                0x000021d4      0xb9d /opt/riscv32i/lib/gcc/riscv32-unknown-elf/15.2.0/libgcc.a(muldf3.o)
 .debug_loclists
                0x00002d71      0xf7e /opt/riscv32i/lib/gcc/riscv32-unknown-elf/15.2.0/libgcc.a(subdf3.o)
 .debug_loclists
                0x00003cef       0xe5 /opt/riscv32i/lib/gcc/riscv32-unknown-elf/15.2.0/libgcc.a(fixdfsi.o)
 .debug_loclists
                0x00003dd4      0x102 /opt/riscv32i/lib/gcc/riscv32-unknown-elf/15.2.0/libgcc.a(floatsidf.o)
 .debug_loclists
                0x00003ed6      0x1b7 /opt/riscv32i/lib/gcc/riscv32-unknown-elf/15.2.0/libgcc.a(fixdfdi.o)
 .debug_loclists
                0x0000408d      0x228 /opt/riscv32i/lib/gcc/riscv32-unknown-elf/15.2.0/libgcc.a(floatdidf.o)
 .debug_loclists
                0x000042b5      0xbed /opt/riscv32i/lib/gcc/riscv32-unknown-elf/15.2.0/libgcc.a(addsf3.o)
 .debug_loclists
                0x00004ea2      0x714 /opt/riscv32i/lib/gcc/riscv32-unknown-elf/15.2.0/libgcc.a(divsf3.o)
 .debug_loclists
                0x000055b6       0x6d /opt/riscv32i/lib/gcc/riscv32-unknown-elf/15.2.0/libgcc.a(eqsf2.o)
 .debug_loclists
                0x00005623       0xac /opt/riscv32i/lib/gcc/riscv32-unknown-elf/15.2.0/libgcc.a(gesf2.o)
 .debug_loclists
                0x000056cf       0xac /opt/riscv32i/lib/gcc/riscv32-unknown-elf/15.2.0/libgcc.a(lesf2.o)
 .debug_loclists
                0x0000577b      0x4b3 /opt/riscv32i/lib/gcc/riscv32-unknown-elf/15.2.0/libgcc.a(mulsf3.o)
 .debug_loclists
                0x00005c2e      0x92a /opt/riscv32i/lib/gcc/riscv32-unknown-elf/15.2.0/libgcc.a(subsf3.o)
 .debug_loclists
                0x00006558       0xc4 /opt/riscv32i/lib/gcc/riscv32-unknown-elf/15.2.0/libgcc.a(fixsfsi.o)
 .debug_loclists
                0x0000661c      0x1ea /opt/riscv32i/lib/gcc/riscv32-unknown-elf/15.2.0/libgcc.a(floatsisf.o)
 .debug_loclists
                0x00006806      0x197 /opt/riscv32i/lib/gcc/riscv32-unknown-elf/15.2.0/libgcc.a(extendsfdf2.o)
 .debug_loclists
                0x0000699d      0x30a /opt/riscv32i/lib/gcc/riscv32-unknown-elf/15.2.0/libgcc.a(truncdfsf2.o)
 .debug_loclists
                0x00006ca7       0xfb /opt/riscv32i/lib/gcc/riscv32-unknown-elf/15.2.0/libgcc.a(multi3.o)
 .debug_loclists
                0x00006da2       0x9b /opt/riscv32i/lib/gcc/riscv32-unknown-elf/15.2.0/libgcc.a(_lshrdi3.o)
 .debug_loclists
                0x00006e3d       0x9b /opt/riscv32i/lib/gcc/riscv32-unknown-elf/15.2.0/libgcc.a(_ashldi3.o)

.debug_aranges  0x00000000      0x398
 .debug_aranges
                0x00000000       0x20 /opt/riscv32i/lib/gcc/riscv32-unknown-elf/15.2.0/libgcc.a(_clzsi2.o)
 .debug_aranges
                0x00000020       0x20 /opt/riscv32i/lib/gcc/riscv32-unknown-elf/15.2.0/libgcc.a(adddf3.o)
 .debug_aranges
                0x00000040       0x20 /opt/riscv32i/lib/gcc/riscv32-unknown-elf/15.2.0/libgcc.a(divdf3.o)
 .debug_aranges
                0x00000060       0x20 /opt/riscv32i/lib/gcc/riscv32-unknown-elf/15.2.0/libgcc.a(eqdf2.o)
 .debug_aranges
                0x00000080       0x20 /opt/riscv32i/lib/gcc/riscv32-unknown-elf/15.2.0/libgcc.a(gedf2.o)
 .debug_aranges
                0x000000a0       0x20 /opt/riscv32i/lib/gcc/riscv32-unknown-elf/15.2.0/libgcc.a(ledf2.o)
 .debug_aranges
                0x000000c0       0x20 /opt/riscv32i/lib/gcc/riscv32-unknown-elf/15.2.0/libgcc.a(muldf3.o)
 .debug_aranges
                0x000000e0       0x20 /opt/riscv32i/lib/gcc/riscv32-unknown-elf/15.2.0/libgcc.a(subdf3.o)
 .debug_aranges
                0x00000100       0x20 /opt/riscv32i/lib/gcc/riscv32-unknown-elf/15.2.0/libgcc.a(fixdfsi.o)
 .debug_aranges
                0x00000120       0x20 /opt/riscv32i/lib/gcc/riscv32-unknown-elf/15.2.0/libgcc.a(floatsidf.o)
 .debug_aranges
                0x00000140       0x20 /opt/riscv32i/lib/gcc/riscv32-unknown-elf/15.2.0/libgcc.a(fixdfdi.o)
 .debug_aranges
                0x00000160       0x20 /opt/riscv32i/lib/gcc/riscv32-unknown-elf/15.2.0/libgcc.a(floatdidf.o)
 .debug_aranges
                0x00000180       0x20 /opt/riscv32i/lib/gcc/riscv32-unknown-elf/15.2.0/libgcc.a(addsf3.o)
 .debug_aranges
                0x000001a0       0x20 /opt/riscv32i/lib/gcc/riscv32-unknown-elf/15.2.0/libgcc.a(divsf3.o)
 .debug_aranges
                0x000001c0       0x20 /opt/riscv32i/lib/gcc/riscv32-unknown-elf/15.2.0/libgcc.a(eqsf2.o)
 .debug_aranges
                0x000001e0       0x20 /opt/riscv32i/lib/gcc/riscv32-unknown-elf/15.2.0/libgcc.a(gesf2.o)
 .debug_aranges
                0x00000200       0x20 /opt/riscv32i/lib/gcc/riscv32-unknown-elf/15.2.0/libgcc.a(lesf2.o)
 .debug_aranges
                0x00000220       0x20 /opt/riscv32i/lib/gcc/riscv32-unknown-elf/15.2.0/libgcc.a(mulsf3.o)
 .debug_aranges
                0x00000240       0x20 /opt/riscv32i/lib/gcc/riscv32-unknown-elf/15.2.0/libgcc.a(subsf3.o)
 .debug_aranges
                0x00000260       0x20 /opt/riscv32i/lib/gcc/riscv32-unknown-elf/15.2.0/libgcc.a(fixsfsi.o)
 .debug_aranges
                0x00000280       0x20 /opt/riscv32i/lib/gcc/riscv32-unknown-elf/15.2.0/libgcc.a(floatsisf.o)
 .debug_aranges
                0x000002a0       0x20 /opt/riscv32i/lib/gcc/riscv32-unknown-elf/15.2.0/libgcc.a(extendsfdf2.o)
 .debug_aranges
                0x000002c0       0x20 /opt/riscv32i/lib/gcc/riscv32-unknown-elf/15.2.0/libgcc.a(truncdfsf2.o)
 .debug_aranges
                0x000002e0       0x20 /opt/riscv32i/lib/gcc/riscv32-unknown-elf/15.2.0/libgcc.a(muldi3.o)
 .debug_aranges
                0x00000300       0x20 /opt/riscv32i/lib/gcc/riscv32-unknown-elf/15.2.0/libgcc.a(multi3.o)
 .debug_aranges
                0x00000320       0x20 /opt/riscv32i/lib/gcc/riscv32-unknown-elf/15.2.0/libgcc.a(div.o)
 .debug_aranges
                0x00000340       0x20 /opt/riscv32i/lib/gcc/riscv32-unknown-elf/15.2.0/libgcc.a(_lshrdi3.o)
 .debug_aranges
                0x00000360       0x20 /opt/riscv32i/lib/gcc/riscv32-unknown-elf/15.2.0/libgcc.a(_ashldi3.o)
 .debug_aranges
                0x00000380       0x18 /opt/riscv32i/lib/gcc/riscv32-unknown-elf/15.2.0/libgcc.a(_clz.o)

.debug_rnglists
                0x00000000      0x8c3
 .debug_rnglists
                0x00000000       0x16 /opt/riscv32i/lib/gcc/riscv32-unknown-elf/15.2.0/libgcc.a(_clzsi2.o)
 .debug_rnglists
                0x00000016       0xe9 /opt/riscv32i/lib/gcc/riscv32-unknown-elf/15.2.0/libgcc.a(adddf3.o)
 .debug_rnglists
                0x000000ff      0x128 /opt/riscv32i/lib/gcc/riscv32-unknown-elf/15.2.0/libgcc.a(divdf3.o)
 .debug_rnglists
                0x00000227       0x20 /opt/riscv32i/lib/gcc/riscv32-unknown-elf/15.2.0/libgcc.a(eqdf2.o)
 .debug_rnglists
                0x00000247       0x26 /opt/riscv32i/lib/gcc/riscv32-unknown-elf/15.2.0/libgcc.a(gedf2.o)
 .debug_rnglists
                0x0000026d       0x26 /opt/riscv32i/lib/gcc/riscv32-unknown-elf/15.2.0/libgcc.a(ledf2.o)
 .debug_rnglists
                0x00000293      0x146 /opt/riscv32i/lib/gcc/riscv32-unknown-elf/15.2.0/libgcc.a(muldf3.o)
 .debug_rnglists
                0x000003d9       0xec /opt/riscv32i/lib/gcc/riscv32-unknown-elf/15.2.0/libgcc.a(subdf3.o)
 .debug_rnglists
                0x000004c5       0x13 /opt/riscv32i/lib/gcc/riscv32-unknown-elf/15.2.0/libgcc.a(fixdfsi.o)
 .debug_rnglists